******************************************************************************
        TMS320C2000 COFF Linker PC v5.0.1                      
******************************************************************************
>> Linked Wed Nov 21 21:07:04 2012

OUTPUT FILE NAME:   <./Debug/dual_inverter.out>
ENTRY POINT SYMBOL: "_c_int00"  address: 00322a39


MEMORY CONFIGURATION

         name            origin    length      used     unused   attr    fill
----------------------  --------  ---------  --------  --------  ----  --------
PAGE 0:
  ZONE0                 00004000   00001000  00000100  00000f00  RWIX
  RAML0                 00008000   00001000  00000027  00000fd9  RWIX
  RAML1                 00009000   00001000  00000000  00001000  RWIX
  RAML2                 0000a000   00001000  00000000  00001000  RWIX
  RAML3                 0000b000   00001000  00000000  00001000  RWIX
  ZONE6                 00100000   00100000  00010000  000f0000  RWIX
  ZONE7A                00200000   0000fc00  00000100  0000fb00  RWIX
  FLASHH                00300000   00008000  00000000  00008000  RWIX
  FLASHG                00308000   00008000  00000000  00008000  RWIX
  FLASHF                00310000   00008000  00000000  00008000  RWIX
  FLASHD                00318000   00010000  0000ad93  0000526d  RWIX
  FLASHC                00328000   00008000  00000000  00008000  RWIX
  FLASHA                00338000   00007f80  0000252a  00005a56  RWIX
  CSM_RSVD              0033ff80   00000076  00000000  00000076  RWIX
  BEGIN                 0033fff6   00000002  00000002  00000000  RWIX
  CSM_PWL               0033fff8   00000008  00000000  00000008  RWIX
  ADC_CAL               00380080   00000009  00000007  00000002  RWIX
  OTP                   00380400   00000400  00000000  00000400  RWIX
  IQTABLES              003fe000   00000b50  00000000  00000b50  RWIX
  IQTABLES2             003feb50   0000008c  00000000  0000008c  RWIX
  FPUTABLES             003febdc   000006a0  00000000  000006a0  RWIX
  ROM                   003ff27c   00000d44  00000000  00000d44  RWIX
  RESET                 003fffc0   00000002  00000000  00000002  RWIX
  VECTORS               003fffc2   0000003e  00000000  0000003e  RWIX

PAGE 1:
  BOOT_RSVD             00000000   00000050  00000000  00000050  RWIX
  RAMM0                 00000050   000003b0  00000300  000000b0  RWIX
  RAMM1                 00000400   00000400  00000300  00000100  RWIX
  DEV_EMU               00000880   00000180  000000d0  000000b0  RWIX
  FLASH_REGS            00000a80   00000060  00000008  00000058  RWIX
  CSM                   00000ae0   00000010  00000010  00000000  RWIX
  ADC_MIRROR            00000b00   00000010  00000010  00000000  RWIX
  XINTF                 00000b20   00000020  0000001e  00000002  RWIX
  CPU_TIMER0            00000c00   00000008  00000008  00000000  RWIX
  CPU_TIMER1            00000c08   00000008  00000008  00000000  RWIX
  CPU_TIMER2            00000c10   00000008  00000008  00000000  RWIX
  PIE_CTRL              00000ce0   00000020  0000001a  00000006  RWIX
  PIE_VECT              00000d00   00000100  00000100  00000000  RWIX
  DMA                   00001000   00000200  000000e0  00000120  RWIX
  MCBSPA                00005000   00000040  00000025  0000001b  RWIX
  MCBSPB                00005040   00000040  00000025  0000001b  RWIX
  ECANA                 00006000   00000040  00000034  0000000c  RWIX
  ECANA_LAM             00006040   00000040  00000040  00000000  RWIX
  ECANA_MOTS            00006080   00000040  00000040  00000000  RWIX
  ECANA_MOTO            000060c0   00000040  00000040  00000000  RWIX
  ECANA_MBOX            00006100   00000100  00000100  00000000  RWIX
  ECANB                 00006200   00000040  00000034  0000000c  RWIX
  ECANB_LAM             00006240   00000040  00000040  00000000  RWIX
  ECANB_MOTS            00006280   00000040  00000040  00000000  RWIX
  ECANB_MOTO            000062c0   00000040  00000040  00000000  RWIX
  ECANB_MBOX            00006300   00000100  00000100  00000000  RWIX
  EPWM1                 00006800   00000022  00000022  00000000  RWIX
  EPWM2                 00006840   00000022  00000022  00000000  RWIX
  EPWM3                 00006880   00000022  00000022  00000000  RWIX
  EPWM4                 000068c0   00000022  00000022  00000000  RWIX
  EPWM5                 00006900   00000022  00000022  00000000  RWIX
  EPWM6                 00006940   00000022  00000022  00000000  RWIX
  ECAP1                 00006a00   00000020  00000020  00000000  RWIX
  ECAP2                 00006a20   00000020  00000020  00000000  RWIX
  ECAP3                 00006a40   00000020  00000020  00000000  RWIX
  ECAP4                 00006a60   00000020  00000020  00000000  RWIX
  ECAP5                 00006a80   00000020  00000020  00000000  RWIX
  ECAP6                 00006aa0   00000020  00000020  00000000  RWIX
  EQEP1                 00006b00   00000040  00000040  00000000  RWIX
  EQEP2                 00006b40   00000040  00000040  00000000  RWIX
  GPIOCTRL              00006f80   00000040  0000002e  00000012  RWIX
  GPIODAT               00006fc0   00000020  00000020  00000000  RWIX
  GPIOINT               00006fe0   00000020  0000000a  00000016  RWIX
  SYSTEM                00007010   00000020  00000020  00000000  RWIX
  SPIA                  00007040   00000010  00000010  00000000  RWIX
  SCIA                  00007050   00000010  00000010  00000000  RWIX
  XINTRUPT              00007070   00000010  00000010  00000000  RWIX
  ADC                   00007100   00000020  0000001e  00000002  RWIX
  SCIB                  00007750   00000010  00000010  00000000  RWIX
  SCIC                  00007770   00000010  00000010  00000000  RWIX
  I2CA                  00007900   00000040  00000022  0000001e  RWIX
  RAML4                 0000c000   00001000  00000aa4  0000055c  RWIX
  RAML5                 0000d000   00001000  00000000  00001000  RWIX
  RAML6                 0000e000   00001000  00000000  00001000  RWIX
  RAML7                 0000f000   00001000  00000000  00001000  RWIX
  ZONE7B                0020fc00   00000400  00000000  00000400  RWIX
  FLASHB                00330000   00008000  00000000  00008000  RWIX
  CSM_PWL               0033fff8   00000008  00000008  00000000  RWIX


SECTION ALLOCATION MAP

 output                                  attributes/
section   page    origin      length       input sections
--------  ----  ----------  ----------   ----------------
.data      0    00000000    00000000     UNINITIALIZED

ZONE0DATA 
*          0    00004000    00000100     UNINITIALIZED
                  00004000    00000100     main.obj (ZONE0DATA)

ZONE6DATA 
*          0    00100000    00010000     UNINITIALIZED
                  00100000    00010000     main.obj (ZONE6DATA)

ZONE7DATA 
*          0    00200000    00000100     UNINITIALIZED
                  00200000    00000100     main.obj (ZONE7DATA)

.text      0    00318000    0000ad6c     
                  00318000    00000020     rts2800_fpu32.lib : sqrt.obj (.text)
                  00318020    000019c1     code_group_all.obj (.text)
                  003199e1    00001717     auto_tuning.obj (.text)
                  0031b0f8    00000bbf     switching_irq.obj (.text)
                  0031bcb7    00000990     rts2800_fpu32.lib : _printfi.obj (.text)
                  0031c647    00000919     SL_Vect.obj (.text)
                  0031cf60    00000767     Set_Par.obj (.text)
                  0031d6c7    00000678     scib.obj (.text)
                  0031dd3f    00000678     scic.obj (.text)
                  0031e3b7    00000649     vf_contol.obj (.text)
                  0031ea00    00000635     dual_trip_proc.obj (.text)
                  0031f035    000003dc     main.obj (.text)
                  0031f411    000003c7     code_proc.obj (.text)
                  0031f7d8    000003b2     ParameterSet.obj (.text)
                  0031fb8a    00000391     SVM.obj (.text)
                  0031ff1b    0000038d     set_gpio.obj (.text)
                  003202a8    00000337     analog.obj (.text)
                  003205df    0000032e     common_module.obj (.text)
                  0032090d    0000032a     udd_eeprom.obj (.text)
                  00320c37    00000316     DSP2833x_DefaultIsr.obj (.text)
                  00320f4d    0000029c     digital_inout_bb.obj (.text)
                  003211e9    00000285     low_pass_filter.obj (.text)
                  0032146e    00000276     SwingRefFunc.obj (.text)
                  003216e4    0000023c     vf_conv_test.obj (.text)
                  00321920    000001f4     rts2800_fpu32.lib : memory.obj (.text)
                  00321b14    00000186     back2back_control.obj (.text)
                  00321c9a    0000016a     converter_control.obj (.text)
                  00321e04    0000015b     set_dac_point.obj (.text)
                  00321f5f    0000014f     DSP2833x_SysCtrl.obj (.text)
                  003220ae    00000138     rts2800_fpu32.lib : strtod.obj (.text)
                  003221e6    00000118     DS1307.obj (.text)
                  003222fe    00000113     test_run.obj (.text)
                  00322411    00000107     rts2800_fpu32.lib : ll_div.obj (.text)
                  00322518    0000009c                       : fd_add.obj (.text)
                  003225b4    00000093     DSP2833x_CpuTimers.obj (.text)
                  00322647    0000008b     rts2800_fpu32.lib : fd_div.obj (.text)
                  003226d2    00000088                       : fs_div.obj (.text)
                  0032275a    00000085     udd_timer_irq.obj (.text)
                  003227df    00000083     rts2800_fpu32.lib : fd_mpy.obj (.text)
                  00322862    0000006a     pwm_pulse_test.obj (.text)
                  003228cc    00000061     rts2800_fpu32.lib : cos.obj (.text)
                  0032292d    0000005f                       : sin.obj (.text)
                  0032298c    00000058                       : snprintf.obj (.text)
                  003229e4    00000055     MonitorProc.obj (.text)
                  00322a39    00000046     rts2800_fpu32.lib : boot.obj (.text)
                  00322a7f    00000031                       : atoi.obj (.text)
                  00322ab0    0000002f     serial_com.obj (.text)
                  00322adf    0000002e     rts2800_fpu32.lib : ltoa.obj (.text)
                  00322b0d    0000002a                       : fd_cmp.obj (.text)
                  00322b37    0000002a                       : l_div.obj (.text)
                  00322b61    0000002a     DSP2833x_PieCtrl.obj (.text)
                  00322b8b    00000022     rts2800_fpu32.lib : i_div.obj (.text)
                  00322bad    00000022     DSP2833x_PieVect.obj (.text)
                  00322bcf    00000021     rts2800_fpu32.lib : memcpy_ff.obj (.text)
                  00322bf0    00000021                       : fd_toi.obj (.text)
                  00322c11    00000020                       : strncpy.obj (.text)
                  00322c31    0000001f                       : fd_tol.obj (.text)
                  00322c50    0000001e                       : ll_cmp.obj (.text)
                  00322c6e    0000001c                       : l_tofd.obj (.text)
                  00322c8a    0000001c                       : fs_tofd.obj (.text)
                  00322ca6    0000001a                       : modf.obj (.text)
                  00322cc0    00000018                       : exit.obj (.text)
                  00322cd8    00000017     DSP2833x_MemCopy.obj (.text)
                  00322cef    00000015     rts2800_fpu32.lib : args_main.obj (.text)
                  00322d04    00000014                       : ll_mpy.obj (.text)
                  00322d18    00000012                       : memccpy.obj (.text)
                  00322d2a    0000000e                       : fd_sub.obj (.text)
                  00322d38    0000000a                       : strlen.obj (.text)
                  00322d42    00000009                       : _lock.obj (.text)
                  00322d4b    00000009                       : strcpy.obj (.text)
                  00322d54    00000009                       : fd_neg.obj (.text)
                  00322d5d    00000008     DSP2833x_CodeStartBranch.obj (.text)
                  00322d65    00000007     rts2800_fpu32.lib : memset.obj (.text)

ramfuncs   0    00322d6c    00000027     RUN ADDR = 00008000
                  00322d6c    00000023     DSP2833x_SysCtrl.obj (ramfuncs)
                  00322d8f    00000004     DSP2833x_usDelay.obj (ramfuncs)

.pinit     0    00328000    00000000     UNINITIALIZED

IQmath     0    00328000    00000000     UNINITIALIZED

.econst    0    00338000    00001def     
                  00338000    00000dc9     code_group_all.obj (.econst)
                  00338dc9    00000001     --HOLE-- [fill = 0]
                  00338dca    00000479     auto_tuning.obj (.econst)
                  00339243    00000001     --HOLE-- [fill = 0]
                  00339244    000001c7     dual_trip_proc.obj (.econst)
                  0033940b    00000001     --HOLE-- [fill = 0]
                  0033940c    0000019e     scib.obj (.econst)
                  003395aa    0000019e     scic.obj (.econst)
                  00339748    00000102     code_proc.obj (.econst)
                  0033984a    00000100     DSP2833x_PieVect.obj (.econst)
                  0033994a    000000bc     common_module.obj (.econst)
                  00339a06    000000b5     udd_eeprom.obj (.econst)
                  00339abb    00000001     --HOLE-- [fill = 0]
                  00339abc    00000057     test_run.obj (.econst)
                  00339b13    00000001     --HOLE-- [fill = 0]
                  00339b14    00000041     vf_contol.obj (.econst)
                  00339b55    00000001     --HOLE-- [fill = 0]
                  00339b56    00000041     vf_conv_test.obj (.econst)
                  00339b97    00000001     --HOLE-- [fill = 0]
                  00339b98    0000003d     switching_irq.obj (.econst)
                  00339bd5    00000001     --HOLE-- [fill = 0]
                  00339bd6    0000003c     rts2800_fpu32.lib : _printfi.obj (.econst)
                  00339c12    00000036     main.obj (.econst)
                  00339c48    0000002f     Set_Par.obj (.econst)
                  00339c77    00000001     --HOLE-- [fill = 0]
                  00339c78    00000019     digital_inout_bb.obj (.econst)
                  00339c91    00000001     --HOLE-- [fill = 0]
                  00339c92    00000015     converter_control.obj (.econst)
                  00339ca7    00000001     --HOLE-- [fill = 0]
                  00339ca8    00000015     pwm_pulse_test.obj (.econst)
                  00339cbd    00000001     --HOLE-- [fill = 0]
                  00339cbe    00000014     rts2800_fpu32.lib : strtod.obj (.econst:_digits)
                  00339cd2    0000000f     MonitorProc.obj (.econst)
                  00339ce1    00000001     --HOLE-- [fill = 0]
                  00339ce2    0000000c     rts2800_fpu32.lib : strtod.obj (.econst:_powerof10)
                  00339cee    00000101                       : ctype.obj (.econst:__ctypes_)

.cinit     0    00339def    00000563     
                  00339def    0000000a     rts2800_fpu32.lib : exit.obj (.cinit)
                  00339df9    0000000a                       : _lock.obj (.cinit)
                  00339e03    00000005     common_module.obj (.cinit)
                  00339e08    00000011     dual_trip_proc.obj (.cinit)
                  00339e19    0000001e     low_pass_filter.obj (.cinit)
                  00339e37    000004a4     main.obj (.cinit)
                  0033a2db    00000005     MonitorProc.obj (.cinit)
                  0033a2e0    00000025     scib.obj (.cinit)
                  0033a305    00000025     scic.obj (.cinit)
                  0033a32a    00000005     SwingRefFunc.obj (.cinit)
                  0033a32f    00000010     switching_irq.obj (.cinit)
                  0033a33f    00000005     vf_contol.obj (.cinit)
                  0033a344    00000005     vf_conv_test.obj (.cinit)
                  0033a349    00000004     rts2800_fpu32.lib : memory.obj (.cinit)
                  0033a34d    00000004                       : errno.obj (.cinit)
                  0033a351    00000001     --HOLE-- [fill = 0]

.switch    0    0033a352    000001d8     
                  0033a352    0000017c     code_group_all.obj (.switch)
                  0033a4ce    0000005c     digital_inout_bb.obj (.switch)

csm_rsvd   0    0033ff80    00000000     UNINITIALIZED

codestart 
*          0    0033fff6    00000002     
                  0033fff6    00000002     DSP2833x_CodeStartBranch.obj (codestart)

csmpasswds 
*          0    0033fff8    00000000     UNINITIALIZED

.adc_cal   0    00380080    00000007     NOLOAD SECTION
                  00380080    00000007     DSP2833x_ADC_cal.obj (.adc_cal)

IQmathTables 
*          0    003fe000    00000000     NOLOAD SECTION

IQmathTables2 
*          0    003feb50    00000000     NOLOAD SECTION

FPUmathTables 
*          0    003febdc    00000000     NOLOAD SECTION

.reset     0    003fffc0    00000002     DSECT
                  003fffc0    00000002     rts2800_fpu32.lib : boot.obj (.reset)

vectors    0    003fffc2    00000000     DSECT

.bss       1    00000000    00000000     UNINITIALIZED

.sysmem    1    00000050    00000300     UNINITIALIZED

.esysmem   1    00000400    00000000     UNINITIALIZED

.stack     1    00000400    00000300     UNINITIALIZED

DevEmuRegsFile 
*          1    00000880    000000d0     UNINITIALIZED
                  00000880    000000d0     DSP2833x_GlobalVariableDefs.obj (DevEmuRegsFile)

FlashRegsFile 
*          1    00000a80    00000008     UNINITIALIZED
                  00000a80    00000008     DSP2833x_GlobalVariableDefs.obj (FlashRegsFile)

CsmRegsFile 
*          1    00000ae0    00000010     UNINITIALIZED
                  00000ae0    00000010     DSP2833x_GlobalVariableDefs.obj (CsmRegsFile)

AdcMirrorFile 
*          1    00000b00    00000010     UNINITIALIZED
                  00000b00    00000010     DSP2833x_GlobalVariableDefs.obj (AdcMirrorFile)

XintfRegsFile 
*          1    00000b20    0000001e     UNINITIALIZED
                  00000b20    0000001e     DSP2833x_GlobalVariableDefs.obj (XintfRegsFile)

CpuTimer0RegsFile 
*          1    00000c00    00000008     UNINITIALIZED
                  00000c00    00000008     DSP2833x_GlobalVariableDefs.obj (CpuTimer0RegsFile)

CpuTimer1RegsFile 
*          1    00000c08    00000008     UNINITIALIZED
                  00000c08    00000008     DSP2833x_GlobalVariableDefs.obj (CpuTimer1RegsFile)

CpuTimer2RegsFile 
*          1    00000c10    00000008     UNINITIALIZED
                  00000c10    00000008     DSP2833x_GlobalVariableDefs.obj (CpuTimer2RegsFile)

PieCtrlRegsFile 
*          1    00000ce0    0000001a     UNINITIALIZED
                  00000ce0    0000001a     DSP2833x_GlobalVariableDefs.obj (PieCtrlRegsFile)

PieVectTableFile 
*          1    00000d00    00000100     UNINITIALIZED
                  00000d00    00000100     DSP2833x_GlobalVariableDefs.obj (PieVectTableFile)

DmaRegsFile 
*          1    00001000    000000e0     UNINITIALIZED
                  00001000    000000e0     DSP2833x_GlobalVariableDefs.obj (DmaRegsFile)

McbspaRegsFile 
*          1    00005000    00000025     UNINITIALIZED
                  00005000    00000025     DSP2833x_GlobalVariableDefs.obj (McbspaRegsFile)

McbspbRegsFile 
*          1    00005040    00000025     UNINITIALIZED
                  00005040    00000025     DSP2833x_GlobalVariableDefs.obj (McbspbRegsFile)

ECanaRegsFile 
*          1    00006000    00000034     UNINITIALIZED
                  00006000    00000034     DSP2833x_GlobalVariableDefs.obj (ECanaRegsFile)

ECanaLAMRegsFile 
*          1    00006040    00000040     UNINITIALIZED
                  00006040    00000040     DSP2833x_GlobalVariableDefs.obj (ECanaLAMRegsFile)

ECanaMOTSRegsFile 
*          1    00006080    00000040     UNINITIALIZED
                  00006080    00000040     DSP2833x_GlobalVariableDefs.obj (ECanaMOTSRegsFile)

ECanaMOTORegsFile 
*          1    000060c0    00000040     UNINITIALIZED
                  000060c0    00000040     DSP2833x_GlobalVariableDefs.obj (ECanaMOTORegsFile)

ECanaMboxesFile 
*          1    00006100    00000100     UNINITIALIZED
                  00006100    00000100     DSP2833x_GlobalVariableDefs.obj (ECanaMboxesFile)

ECanbRegsFile 
*          1    00006200    00000034     UNINITIALIZED
                  00006200    00000034     DSP2833x_GlobalVariableDefs.obj (ECanbRegsFile)

ECanbLAMRegsFile 
*          1    00006240    00000040     UNINITIALIZED
                  00006240    00000040     DSP2833x_GlobalVariableDefs.obj (ECanbLAMRegsFile)

ECanbMOTSRegsFile 
*          1    00006280    00000040     UNINITIALIZED
                  00006280    00000040     DSP2833x_GlobalVariableDefs.obj (ECanbMOTSRegsFile)

ECanbMOTORegsFile 
*          1    000062c0    00000040     UNINITIALIZED
                  000062c0    00000040     DSP2833x_GlobalVariableDefs.obj (ECanbMOTORegsFile)

ECanbMboxesFile 
*          1    00006300    00000100     UNINITIALIZED
                  00006300    00000100     DSP2833x_GlobalVariableDefs.obj (ECanbMboxesFile)

EPwm1RegsFile 
*          1    00006800    00000022     UNINITIALIZED
                  00006800    00000022     DSP2833x_GlobalVariableDefs.obj (EPwm1RegsFile)

EPwm2RegsFile 
*          1    00006840    00000022     UNINITIALIZED
                  00006840    00000022     DSP2833x_GlobalVariableDefs.obj (EPwm2RegsFile)

EPwm3RegsFile 
*          1    00006880    00000022     UNINITIALIZED
                  00006880    00000022     DSP2833x_GlobalVariableDefs.obj (EPwm3RegsFile)

EPwm4RegsFile 
*          1    000068c0    00000022     UNINITIALIZED
                  000068c0    00000022     DSP2833x_GlobalVariableDefs.obj (EPwm4RegsFile)

EPwm5RegsFile 
*          1    00006900    00000022     UNINITIALIZED
                  00006900    00000022     DSP2833x_GlobalVariableDefs.obj (EPwm5RegsFile)

EPwm6RegsFile 
*          1    00006940    00000022     UNINITIALIZED
                  00006940    00000022     DSP2833x_GlobalVariableDefs.obj (EPwm6RegsFile)

ECap1RegsFile 
*          1    00006a00    00000020     UNINITIALIZED
                  00006a00    00000020     DSP2833x_GlobalVariableDefs.obj (ECap1RegsFile)

ECap2RegsFile 
*          1    00006a20    00000020     UNINITIALIZED
                  00006a20    00000020     DSP2833x_GlobalVariableDefs.obj (ECap2RegsFile)

ECap3RegsFile 
*          1    00006a40    00000020     UNINITIALIZED
                  00006a40    00000020     DSP2833x_GlobalVariableDefs.obj (ECap3RegsFile)

ECap4RegsFile 
*          1    00006a60    00000020     UNINITIALIZED
                  00006a60    00000020     DSP2833x_GlobalVariableDefs.obj (ECap4RegsFile)

ECap5RegsFile 
*          1    00006a80    00000020     UNINITIALIZED
                  00006a80    00000020     DSP2833x_GlobalVariableDefs.obj (ECap5RegsFile)

ECap6RegsFile 
*          1    00006aa0    00000020     UNINITIALIZED
                  00006aa0    00000020     DSP2833x_GlobalVariableDefs.obj (ECap6RegsFile)

EQep1RegsFile 
*          1    00006b00    00000040     UNINITIALIZED
                  00006b00    00000040     DSP2833x_GlobalVariableDefs.obj (EQep1RegsFile)

EQep2RegsFile 
*          1    00006b40    00000040     UNINITIALIZED
                  00006b40    00000040     DSP2833x_GlobalVariableDefs.obj (EQep2RegsFile)

GpioCtrlRegsFile 
*          1    00006f80    0000002e     UNINITIALIZED
                  00006f80    0000002e     DSP2833x_GlobalVariableDefs.obj (GpioCtrlRegsFile)

GpioDataRegsFile 
*          1    00006fc0    00000020     UNINITIALIZED
                  00006fc0    00000020     DSP2833x_GlobalVariableDefs.obj (GpioDataRegsFile)

GpioIntRegsFile 
*          1    00006fe0    0000000a     UNINITIALIZED
                  00006fe0    0000000a     DSP2833x_GlobalVariableDefs.obj (GpioIntRegsFile)

SysCtrlRegsFile 
*          1    00007010    00000020     UNINITIALIZED
                  00007010    00000020     DSP2833x_GlobalVariableDefs.obj (SysCtrlRegsFile)

SpiaRegsFile 
*          1    00007040    00000010     UNINITIALIZED
                  00007040    00000010     DSP2833x_GlobalVariableDefs.obj (SpiaRegsFile)

SciaRegsFile 
*          1    00007050    00000010     UNINITIALIZED
                  00007050    00000010     DSP2833x_GlobalVariableDefs.obj (SciaRegsFile)

XIntruptRegsFile 
*          1    00007070    00000010     UNINITIALIZED
                  00007070    00000010     DSP2833x_GlobalVariableDefs.obj (XIntruptRegsFile)

AdcRegsFile 
*          1    00007100    0000001e     UNINITIALIZED
                  00007100    0000001e     DSP2833x_GlobalVariableDefs.obj (AdcRegsFile)

ScibRegsFile 
*          1    00007750    00000010     UNINITIALIZED
                  00007750    00000010     DSP2833x_GlobalVariableDefs.obj (ScibRegsFile)

ScicRegsFile 
*          1    00007770    00000010     UNINITIALIZED
                  00007770    00000010     DSP2833x_GlobalVariableDefs.obj (ScicRegsFile)

I2caRegsFile 
*          1    00007900    00000022     UNINITIALIZED
                  00007900    00000022     DSP2833x_GlobalVariableDefs.obj (I2caRegsFile)

DMARAML4   1    0000c000    00000000     UNINITIALIZED

.ebss      1    0000c000    00000aa4     UNINITIALIZED
                  0000c000    000007d0     main.obj (.ebss)
                  0000c7d0    00000018     DSP2833x_CpuTimers.obj (.ebss)
                  0000c7e8    00000014     analog.obj (.ebss)
                  0000c7fc    00000004     rts2800_fpu32.lib : exit.obj (.ebss)
                  0000c800    00000118     low_pass_filter.obj (.ebss)
                  0000c918    00000008     rts2800_fpu32.lib : memory.obj (.ebss)
                  0000c920    00000006     SVM.obj (.ebss)
                  0000c926    00000006     dual_trip_proc.obj (.ebss)
                  0000c92c    00000004     rts2800_fpu32.lib : _lock.obj (.ebss)
                  0000c930    00000004     SwingRefFunc.obj (.ebss)
                  0000c934    00000002     MonitorProc.obj (.ebss)
                  0000c936    00000002     common_module.obj (.ebss)
                  0000c938    00000002     vf_contol.obj (.ebss)
                  0000c93a    00000002     vf_conv_test.obj (.ebss)
                  0000c93c    00000004     switching_irq.obj (.ebss)
                  0000c940    000000a4     scib.obj (.ebss)
                  0000c9e4    00000001     rts2800_fpu32.lib : errno.obj (.ebss)
                  0000c9e5    00000001     DSP2833x_GlobalVariableDefs.obj (.ebss)
                  0000ca00    000000a4     scic.obj (.ebss)

DMARAML5   1    0000d000    00000000     UNINITIALIZED

DMARAML6   1    0000e000    00000000     UNINITIALIZED

DMARAML7   1    0000f000    00000000     UNINITIALIZED

CsmPwlFile 
*          1    0033fff8    00000008     UNINITIALIZED
                  0033fff8    00000008     DSP2833x_GlobalVariableDefs.obj (CsmPwlFile)


GLOBAL SYMBOLS: SORTED ALPHABETICALLY BY Name 

address    name
--------   ----
00000000   .bss
00000000   .data
00318000   .text
00322cc0   C$$EXIT
00322518   FD$$ADD
00322b0d   FD$$CMP
00322647   FD$$DIV
003227df   FD$$MPY
00322d54   FD$$NEG
00322d2a   FD$$SUB
00322bf0   FD$$TOI
00322c31   FD$$TOL
003226d2   FS$$DIV
00322c8a   FS$$TOFD
00322b8b   I$$DIV
00322b9c   I$$MOD
00322b37   L$$DIV
00322b46   L$$MOD
00322c6e   L$$TOFD
00322c50   LL$$CMP
00322411   LL$$DIV
0032244d   LL$$MOD
00322d04   LL$$MPY
00322b54   UL$$DIV
00322b5b   UL$$MOD
00322c62   ULL$$CMP
00322487   ULL$$DIV
003224b6   ULL$$MOD
003213aa   _AD2LPF
00320d1d   _ADCINT_ISR
0000c7f2   _ADC_I_r
0000c7e8   _ADC_I_s
0000c7ea   _ADC_I_t
0000c7f8   _ADC_I_u
0000c7ee   _ADC_I_v
0000c7fa   _ADC_V_rs
0000c7f6   _ADC_V_st
0000c7ec   _ADC_V_tr
0000c7f0   _ADC_V_w
0000c7f4   _ADC_Vdc
00380080   _ADC_cal
0000c158   _AT_DeadTimeGain
0000c16c   _AT_Freq_Leq_Req
0000c1bc   _AT_Freq_Ls
0000c156   _AT_Is_Coeff_Leq_Req
0000c154   _AT_Is_Coeff_Rs
0000c164   _AT_Ls_DMB_OpenTime
0000c16a   _AT_Ls_Vs_RAMP
0000c162   _AT_Te_Coeff_Jm
0000c168   _AT_Time_Jm
0000c160   _AT_Time_Leq_Req
0000c16e   _AT_Time_Ls
0000c15a   _AT_Time_Rs
00000b00   _AdcMirror
00007100   _AdcRegs
0032030d   _Adc_Isr
0000c028   _AutoTuningFlag
0000c142   _Base_Flux_Coeff
0031d42a   _COMMON_SL_VECT_CNTL_ParameterVerification
0031d114   _COMMON_VECT_CNTL_ParameterVerification
0000c045   _CON_PWM_Flag
0000c326   _C_ce
0000c33a   _C_ce_nF
0031eb53   _CheckIGBTFault
0031ebcb   _CheckIGBTFault2
0031ea3f   _CheckOverCurrent
0031ec44   _CheckOverHeat
0031eaf3   _CheckOverVolt
0031f579   _CheckSum
0031f57b   _CheckSum_bk
0031eb22   _CheckUndeVolt
0031efc4   _ClearTripDataToEeprom
00322600   _ConfigCpuTimer
0000c93d   _ConvStartCnt
0031b780   _Converter_Ctrl
0000c2de   _CosDeltaTheta
0000c350   _CosTheta
0000c2d8   _CosTheta1
0000c26e   _Cos_theta
0000c7e0   _CpuTimer0
00000c00   _CpuTimer0Regs
0000c7d0   _CpuTimer1
00000c08   _CpuTimer1Regs
0000c7d8   _CpuTimer2
00000c10   _CpuTimer2Regs
0033fff8   _CsmPwl
00000ae0   _CsmRegs
0032207d   _CsmUnlock
00320c4b   _DATALOG_ISR
0000c280   _DCLINK_LIMIT
0000c408   _DF_Uan
0000c426   _DF_Ubn
0000c41c   _DF_Ucn
0000c03f   _DIGITAL_INPUT_START
00320e3f   _DINTCH1_ISR
00320e49   _DINTCH2_ISR
00320e53   _DINTCH3_ISR
00320e5d   _DINTCH4_ISR
00320e67   _DINTCH5_ISR
00320e71   _DINTCH6_ISR
0032220f   _DS1307ReadData
003221e6   _DS1307WriteData
00008023   _DSP28x_usDelay
0000c068   _Data_Backup
0000c06e   _Data_Check
0000c06a   _Data_Init
0000c056   _Data_Load
0000c920   _Dd
0000c1b0   _Default_wr_FilterPole
0000c302   _DeltaLambda
0000c2dc   _DeltaTheta
0000c30a   _Delta_wr
0000c07e   _Delta_wr_FilterPoleCoeff_L
0000c062   _Delta_wr_FilterPoleCoeff_U
0000c2d6   _Delta_wr_Filter_Pole
00000880   _DevEmuRegs
00321f72   _DisableDog
00001000   _DmaRegs
0000c388   _DutyCount
0000c3d0   _DutyRatio
00320ecb   _ECAN0INTA_ISR
00320edf   _ECAN0INTB_ISR
00320ed5   _ECAN1INTA_ISR
00320ee9   _ECAN1INTB_ISR
00320db3   _ECAP1_INT_ISR
00320dbd   _ECAP2_INT_ISR
00320dc7   _ECAP3_INT_ISR
00320dd1   _ECAP4_INT_ISR
00320ddb   _ECAP5_INT_ISR
00320de5   _ECAP6_INT_ISR
00006040   _ECanaLAMRegs
000060c0   _ECanaMOTORegs
00006080   _ECanaMOTSRegs
00006100   _ECanaMboxes
00006000   _ECanaRegs
00006240   _ECanbLAMRegs
000062c0   _ECanbMOTORegs
00006280   _ECanbMOTSRegs
00006300   _ECanbMboxes
00006200   _ECanbRegs
00006a00   _ECap1Regs
00006a20   _ECap2Regs
00006a40   _ECap3Regs
00006a60   _ECap4Regs
00006a80   _ECap5Regs
00006aa0   _ECap6Regs
00320c5f   _EMUINT_ISR
00320d77   _EPWM1_INT_ISR
00320d3b   _EPWM1_TZINT_ISR
00320d81   _EPWM2_INT_ISR
00320d45   _EPWM2_TZINT_ISR
00320d8b   _EPWM3_INT_ISR
00320d4f   _EPWM3_TZINT_ISR
00320d95   _EPWM4_INT_ISR
00320d59   _EPWM4_TZINT_ISR
00320d9f   _EPWM5_INT_ISR
00320d63   _EPWM5_TZINT_ISR
00320da9   _EPWM6_INT_ISR
00320d6d   _EPWM6_TZINT_ISR
00006800   _EPwm1Regs
00006840   _EPwm2Regs
00006880   _EPwm3Regs
000068c0   _EPwm4Regs
00006900   _EPwm5Regs
00006940   _EPwm6Regs
00321bf9   _EPwm_All_Disable
00321b60   _EPwm_CONVT_Disable
00321bb5   _EPwm_INVT_Disable
00321b34   _EPwm_ISC_Enable
00321b14   _EPwm_OSC_Enable
00320def   _EQEP1_INT_ISR
00320df9   _EQEP2_INT_ISR
00006b00   _EQep1Regs
00006b40   _EQep2Regs
0000c022   _EepromSaveFlag
00322b80   _EnableInterrupts
0000c0fe   _ExcitationTime
0000c93e   _FREQ_CNT
0000c14e   _FW_VoltageCoeff
0000c046   _Fault_Code
0000c023   _Flag_TripDataBackup
00000a80   _FlashRegs
0000c2f6   _Fr
0000c2fa   _Fr_Err
0000c2f0   _Fr_ErrInt
0000c332   _Fr_rat
0000c374   _Fr_ref
0000c36e   _Fr_ref0
0000c366   _Freq_out
0000c0f6   _Freq_rat
0000c314   _Freq_ref
0000c24c   _Freq_set
0000c324   _Freq_slip
0000c0aa   _Freq_slip_rat
0000c368   _Fs
0000c0a0   _Fs_B
0000c3b4   _Fs_dq
0000c2e6   _Fs_rat
0000c36a   _Fs_ref
0000c376   _Fs_ref0
0000c10a   _GM_Fr
0000c11c   _GM_Is
0000c052   _GainUpdateTimer
0000c1ac   _GammaLambda
0000c1b6   _GammaLambda_R_Constant
0000c1b4   _GammaTheta_M
0000c174   _GammaTheta_R
00322a2f   _GetInputMark
0032223b   _GetTimeAndDateStr
0031ee13   _GetTripInfo
00006f80   _GpioCtrlRegs
00006fc0   _GpioDataRegs
00006fe0   _GpioIntRegs
0031cf60   _HardwareParameterVerification
0032090d   _I2CA_Init
0032097c   _I2CA_ReadData
0032091f   _I2CA_WriteData
00320e7b   _I2CINT1A_ISR
00320e85   _I2CINT2A_ISR
00007900   _I2caRegs
00320c73   _ILLEGAL_ISR
00320c37   _INT13_ISR
00320c41   _INT14_ISR
0000c2fe   _I_DS0
0000c308   _I_DS0_0
0000c2fc   _I_DS_err
0000c0c6   _I_QS_rat
0000c23a   _I_r
0000c230   _I_s
0000c134   _I_sense_value
0000c22e   _I_t
0000c228   _Im_Power
0000c048   _InOCFlag
003202a8   _InitAdc
003225b4   _InitCpuTimers
0031f233   _InitEPwm_ACIM_Inverter
00008000   _InitFlash
0031ff1b   _InitGpio
00321fcd   _InitPeripheralClocks
00322b61   _InitPieCtrl
00322bad   _InitPieVectTable
00321f7a   _InitPll
00321f5f   _InitSysCtrl
0031f3f3   _InitWatchDog
00320214   _InitXintf
003212db   _Init_Filters
0000c032   _Init_RiseUp_Flag
0000c398   _Is_DQ
0000c3c4   _Is_DQ_ErrInt
0000c3cc   _Is_DQ_max
0000c3c8   _Is_DQ_ref
0000c0f2   _Is_Leq_Req
0000c192   _Is_Max_Coeff
0000c3d6   _Is_abc
0000c390   _Is_dq
0000c3ac   _Is_dq_ErrInt
0000c3a8   _Is_dq_ref
0000c238   _Is_mag
0000c236   _Is_mag_rms
0000c250   _Is_max
0000c22c   _Is_rat
0000c136   _Jm
0000c015   _Jm_ID_ENABLE
0000c400   _Jm_ID_Te
0000c3f6   _Jm_ID_t
0000c3ee   _Jm_ID_wr
0000c38c   _Jm_SampleData
0000c100   _K_Damp_Fr
0000c11a   _K_Damp_Is
0000c14c   _K_Damp_wr
0000c0a6   _Ki_Is
0000c096   _Ki_wr
0000c0ec   _Kp_Is
0000c0a2   _Kp_Is_Coeff
0000c098   _Kp_wr
0000c330   _Kt
0032061a   _LPF1
00321279   _LPF_2nd
003211e9   _LPF_2nd_INIT
0000c900   _LPF_I_r_K
0000c80c   _LPF_I_r_in
0000c84c   _LPF_I_r_out
0000c804   _LPF_I_rst_cutoff_freq
0000c908   _LPF_I_s_K
0000c852   _LPF_I_s_in
0000c85e   _LPF_I_s_out
0000c8f0   _LPF_I_t_K
0000c812   _LPF_I_t_in
0000c858   _LPF_I_t_out
0000c8b8   _LPF_I_u_K
0000c836   _LPF_I_u_in
0000c840   _LPF_I_u_out
0000c80a   _LPF_I_uvw_cutoff_freq
0000c8b0   _LPF_I_v_K
0000c830   _LPF_I_v_in
0000c8aa   _LPF_I_v_out
0000c8c8   _LPF_I_w_K
0000c846   _LPF_I_w_in
0000c824   _LPF_I_w_out
0000c0d2   _LPF_Is
0000c0f4   _LPF_Is_Square
0000c0f0   _LPF_Re_Power
0000c336   _LPF_Te
0000c8f8   _LPF_V_d_K
0000c880   _LPF_V_d_in
0000c886   _LPF_V_d_out
0000c808   _LPF_V_dq_cutoff_freq
0000c8d8   _LPF_V_q_K
0000c88c   _LPF_V_q_in
0000c86a   _LPF_V_q_out
0000c910   _LPF_V_rs_K
0000c8a4   _LPF_V_rs_in
0000c81e   _LPF_V_rs_out
0000c802   _LPF_V_rst_cutoff_freq
0000c8e0   _LPF_V_st_K
0000c89e   _LPF_V_st_in
0000c818   _LPF_V_st_out
0000c8e8   _LPF_V_tr_K
0000c898   _LPF_V_tr_in
0000c82a   _LPF_V_tr_out
0000c8c0   _LPF_Vdc_K
0000c800   _LPF_Vdc_cutoff_freq
0000c864   _LPF_Vdc_in
0000c892   _LPF_Vdc_out
0000c0fa   _LPF_Vs_Square
0000c8d0   _LPF_We_E_st_K
0000c806   _LPF_We_E_st_cutoff_freq
0000c876   _LPF_We_E_st_in
0000c870   _LPF_We_E_st_out
00320f2f   _LUF_ISR
00320f25   _LVF_ISR
0000c0e6   _Leq
0000c130   _Lm
0000c0c8   _Lm_div_Lr
0000c11e   _Lr
0000c0be   _Lr_div_Lm
0000c120   _Ls
0000c01f   _MAX_PWM_CNT
00320e2b   _MRINTA_ISR
00320e17   _MRINTB_ISR
00320e35   _MXINTA_ISR
00320e21   _MXINTB_ISR
0031b143   _MainPWM
0000c1b2   _Max_DeltaLambda
0000c07c   _Max_DeltaTheta
0000c33c   _Max_Trq_Coeff
0000c146   _Max_wn_wr
00005000   _McbspaRegs
00005040   _McbspbRegs
00322cd8   _MemCopy
0000c480   _MonitorMsg
0031b0f8   _MotorControlProc
00320c69   _NMI_ISR
00320639   _Nop
0000c0fc   _OverCurLimit
00320f39   _PIE_RESERVED
0032063c   _PI_Damp_Controller
0031b4a8   _PLL
0000c116   _PM_Fr
0000c1c0   _PM_Is
0000c334   _P_pair
0000c9e5   _PartIdRegs
0000c2f2   _Pf
00000ce0   _PieCtrlRegs
00000d00   _PieVectTable
0033984a   _PieVectTableInit
003206a3   _PowerOnReset
0000c30e   _Power_core
0000c30c   _Power_core_rat
0000c312   _Power_gap
0000c224   _RMS_Ia
0000c222   _RMS_Ib
0000c2d0   _RMS_Iin
00320c55   _RTOSINT_ISR
0000c104   _R_phase_I_sense_span
00322d93   _RamfuncsLoadEnd
00322d6c   _RamfuncsLoadStart
00008000   _RamfuncsRunStart
0000c252   _Re_Power
0031ef2d   _ReadTripString
0032146e   _RefFunc
0000c0f8   _Req
0000c126   _Rr
0000c132   _Rs
00320ea3   _SCIRXINTA_ISR
00320eb7   _SCIRXINTB_ISR
00320e8f   _SCIRXINTC_ISR
00320ead   _SCITXINTA_ISR
00320ec1   _SCITXINTB_ISR
00320e99   _SCITXINTC_ISR
00320cf5   _SEQ1INT_ISR
00320cff   _SEQ2INT_ISR
0031d595   _SL_SPEED_CNTL_Parameter
0031c647   _SL_SpeedCntl_SFRF
0031d586   _SL_TORQUE_CNTL_Parameter
0031c715   _SL_TorqueCntl_SFRF
0031c746   _SL_VectCntl_SFRF
00320e03   _SPIRXINTA_ISR
00320e0d   _SPITXINTA_ISR
0000c09c   _S_lin
0000c102   _S_phase_I_sense_span
0000c09e   _S_rat
0031f5b2   _SaveDataProc
0031ef51   _SaveTripDataToEeprom
00007050   _SciaRegs
00007750   _ScibRegs
00007770   _ScicRegs
00321f68   _ServiceDog
003206a2   _SetSensorOffset
0000c2da   _SinCosDeltaTheta
0000c2d4   _SinDeltaTheta
0000c34c   _SinTheta
0000c2d2   _SinTheta1
0000c270   _Sin_theta
0000c318   _Slip
0000c31e   _SlipCoeff
0000c1aa   _SlipCompCoeff
0031fb8a   _SpaceVectorModulation
00007040   _SpiaRegs
00007010   _SysCtrlRegs
0000c2b2   _SysWe
00320d27   _TINT0_ISR
0000c922   _T_d
0000c338   _Te
0000c370   _Te_max
0000c2e2   _Te_rat
0000c342   _Te_ref
0000c430   _TimeInput
0000c0b0   _Tr
0000c540   _TripInfo
0000c5c0   _TripInfoNow
0031ec83   _TripProc
0000c254   _Ts
0000c284   _UNDER_DC_LINK_LIMIT
00320cd7   _USER10_ISR
00320ce1   _USER11_ISR
00320ceb   _USER12_ISR
00320c7d   _USER1_ISR
00320c87   _USER2_ISR
00320c91   _USER3_ISR
00320c9b   _USER4_ISR
00320ca5   _USER5_ISR
00320caf   _USER6_ISR
00320cb9   _USER7_ISR
00320cc3   _USER8_ISR
00320ccd   _USER9_ISR
0000c2a4   _Uan
0000c202   _Uan_alpha
0000c200   _Uan_beta
0000c208   _Uanpu
0000c2aa   _Ubn
0000c206   _Ubn_alpha
0000c204   _Ubn_beta
0000c20e   _Ubnpu
0000c20a   _Ucn
0000c21a   _Ucn_alpha
0000c218   _Ucn_beta
0000c20c   _Ucnpu
0000c2ba   _Ude_err
0000c2c0   _Ude_integ
0000c2be   _Ude_integ_pre
0000c2b0   _Ude_pll
0000c2ac   _Up_alpha
0000c2c6   _Up_beta
0000c29a   _Upa
0000c298   _Upb
0000c2ae   _Upc
0000c2a6   _Uqe_pll
0000c39c   _Us_dq
0000c114   _VF_DeadTimeGain
0000c12c   _VF_ExcitationTime
0000c10e   _VF_Freq_TrqBoost
0000c118   _VF_Fs_Coeff
0000c110   _VF_IR_Comp_FilterPole
0000c15c   _VF_Rs
0000c112   _VF_Rs_ThermalCoeff
0000c15e   _VF_Slip_Comp_FilterPole
0000c10c   _VF_Vs_Coeff_TrqBoost
0000c32e   _V_rs
0000c32c   _V_st
0000c33e   _V_tr
0031f7d8   _VariInit
0000c234   _Vdc
0000c244   _Vdc_calc_offset
0000c1f6   _Vdc_factor
0000c34a   _Vo
0031fdec   _VoltageEstimation
0000c054   _Vs_Coeff_Leq_Req
0000c3a0   _Vs_DQ
0000c3b8   _Vs_DQ_comp
0000c3bc   _Vs_DQ_max
0000c3c0   _Vs_DQ_ref
0000c3b0   _Vs_DQ_ref_PI
0000c310   _Vs_IR_comp
0000c248   _Vs_R_calc_offset
0000c24a   _Vs_R_factor
0000c23c   _Vs_S_calc_offset
0000c23e   _Vs_S_factor
0000c240   _Vs_T_calc_offset
0000c242   _Vs_T_factor
0000c3dc   _Vs_abc
0000c3e2   _Vs_abc_ref
0000c3a4   _Vs_dq
0000c394   _Vs_dq_ref
0000c232   _Vs_max
0000c386   _Vs_max_FW
0000c226   _Vs_rat
0000c316   _Vs_ref
00320d31   _WAKEINT_ISR
003222ac   _WriteTimeToDS1307
0031eef8   _WriteTripString
00320d09   _XINT1_ISR
00320d13   _XINT2_ISR
00320ef3   _XINT3_ISR
00320efd   _XINT4_ISR
00320f07   _XINT5_ISR
00320f11   _XINT6_ISR
00320f1b   _XINT7_ISR
00007070   _XIntruptRegs
00000b20   _XintfRegs
00004000   _ZONE0_BUF
00100000   _ZONE6_BUF
00200000   _ZONE7_BUF
00000300   __STACK_SIZE
00000300   __SYSMEM_SIZE
ffffffff   ___TI_pprof_out_hndl
ffffffff   ___TI_prof_var_size
ffffffff   ___TI_prof_var_start
ffffffff   ___binit__
00000000   ___bss__
ffffffff   ___c_args__
00339def   ___cinit__
00000000   ___data__
00000000   ___edata__
00000000   ___end__
00322d6c   ___etext__
00322bcf   ___memcpy_ff
ffffffff   ___pinit__
00318000   ___text__
00322cef   __args_main
0000c7fc   __cleanup_ptr
00339cee   __ctypes_
0000c7fe   __dtors_ptr
0000c92e   __lock
00322d4a   __nop
0031c541   __printfi
00322d46   __register_lock
00322d42   __register_unlock
00000400   __stack
00000050   __sys_memory
0000c92c   __unlock
0000c2c8   _a0
0000c29e   _a1
0000c29c   _a2
00322cc0   _abort
0000c01c   _adc_R_offset
0000c00f   _adc_S_offset
0000c440   _adc_result
0000c014   _adc_u_offset
0000c01b   _adc_v_offset
0000c2cc   _alpha_cur
0000c080   _analog_cmd_in_span1
0000c07a   _analog_cmd_in_span2
0000c082   _analog_cmd_in_zero1
0000c072   _analog_cmd_in_zero2
003206f3   _analog_cmd_proc
003205bb   _analog_out_proc
0000c1e2   _analog_ref_a
0000c1e8   _analog_ref_b
00322a7f   _atoi
0000c2a2   _b0
0000c2a0   _b1
0000c296   _b2
0031f528   _backup_data_load
0000c2ca   _beta_cur
00322a39   _c_int00
00321af9   _calloc
0031f4a7   _check_backup_data
00320b6f   _check_code_data
003205bc   _check_sensor_trip
00321af7   _chkheap
0000c1e0   _code_Ide_Ki
0000c1d6   _code_Ide_Kp
0000c1c2   _code_Ide_Limit
0000c1d4   _code_Iqe_Ki
0000c1da   _code_Iqe_Kp
0000c1ae   _code_Iqe_Limit
0000c13e   _code_Ki_Is_Coeff
0000c13c   _code_Kp_Is_Coeff
0000c1c8   _code_LPF_cutoff_hz_I
0000c1c6   _code_LPF_cutoff_hz_V
0000c196   _code_OC_convt_level
0000c1cc   _code_Ude_Ki
0000c1ca   _code_Ude_Kp
0000c1a0   _code_Vdc_calc_high
0000c19a   _code_Vdc_calc_low
0000c1dc   _code_Vdc_link_Ki
0000c364   _code_Vdc_link_Kp
0000c1a8   _code_Vdc_offseter
0000c0d0   _code_Vdc_ref
0000c1a2   _code_Vdc_scaler
0000c166   _code_Vdc_set_value
0000c17c   _code_Vs_R_calc_high
0000c188   _code_Vs_R_calc_low
0000c1ce   _code_Vs_R_offset
0000c184   _code_Vs_R_scale
0000c186   _code_Vs_S_calc_high
0000c176   _code_Vs_S_calc_low
0000c1de   _code_Vs_S_offset
0000c182   _code_Vs_S_scale
0000c17e   _code_Vs_T_calc_high
0000c180   _code_Vs_T_calc_low
0000c1d2   _code_Vs_T_offset
0000c1d0   _code_Vs_T_scale
0000c0ca   _code_accel_time1
0000c0ce   _code_accel_time2
0000c178   _code_adc_Vs_R_high
0000c17a   _code_adc_Vs_R_low
0000c170   _code_adc_Vs_S_high
0000c172   _code_adc_Vs_S_low
0000c18a   _code_adc_Vs_T_high
0000c19e   _code_adc_Vs_T_low
0000c19c   _code_adc_vdc_high
0000c1a6   _code_adc_vdc_low
0000c0e2   _code_btn_start_ref
0000c094   _code_dac_offset_ch1
0000c0da   _code_dac_offset_ch2
0000c070   _code_dac_offset_ch3
0000c05e   _code_dac_offset_ch4
0000c08e   _code_dac_scale_ch1
0000c092   _code_dac_scale_ch2
0000c084   _code_dac_scale_ch3
0000c060   _code_dac_scale_ch4
0000c000   _code_dac_select_ch1
0000c001   _code_dac_select_ch2
0000c006   _code_dac_select_ch3
0000c004   _code_dac_select_ch4
0000c0d4   _code_decel_time1
0000c0dc   _code_decel_time2
0000c0e0   _code_digital_speed2
0000c500   _code_inform
0000c0d8   _code_jog_speed
0000c0cc   _code_max_Vdc_ref
0000c0d6   _code_min_vf_ref
0000c035   _code_motor_ctrl_mode
0000c036   _code_motor_direction_change
0000c144   _code_nega_duration_time
0000c140   _code_posi_duration_time
0000c031   _code_protect_CONV_adc_off
0000c034   _code_protect_IGBT2_off
0000c02e   _code_protect_IGBT_off
0000c030   _code_protect_Iadc_off
0000c033   _code_protect_ex_trip_off
0000c039   _code_protect_inhibit_on
0000c02f   _code_protect_ov_off
0000c02d   _code_protect_over_I_off
0000c03a   _code_protect_uv_off
0000c03b   _code_ramp_func_mode
0000c038   _code_run_input_select
0000c009   _code_select_in_func0
0000c00a   _code_select_in_func1
0000c007   _code_select_in_func2
0000c008   _code_select_in_func3
0000c00d   _code_select_in_func4
0000c00e   _code_select_in_func5
0000c00b   _code_select_in_func6
0000c00c   _code_select_in_func7
0000c016   _code_set_Vdc_on
0000c013   _code_set_pulse_number
0000c06c   _code_speed1
0000c088   _code_speed10
0000c08a   _code_speed11
0000c086   _code_speed12
0000c076   _code_speed13
0000c078   _code_speed14
0000c074   _code_speed15
0000c090   _code_speed16
0000c066   _code_speed2
0000c05c   _code_speed3
0000c050   _code_speed4
0000c04c   _code_speed5
0000c04e   _code_speed6
0000c058   _code_speed7
0000c05a   _code_speed8
0000c08c   _code_speed9
0000c0de   _code_start_Vdc_ref
0000c13a   _code_test_accel_time
0000c138   _code_test_decel_time
0000c1a4   _code_under_volt_set
0000c019   _code_use_binary_input
0000c150   _code_zero_duration_time
0000c041   _convert_state
0031b46a   _convert_var_init
00321cad   _converter_loop_ctrl
003228cc   _cos
0032275a   _cpu_timer0_isr
0000c1e6   _dac_ch0_unit_count_value
0000c1fc   _dac_ch1_unit_count_value
0000c1fa   _dac_ch2_unit_count_value
0000c214   _dac_ch3_unit_count_value
0000c640   _dac_point
00320b02   _data_over_proc
00320abe   _data_under_proc
0000c01d   _debug1
0000c322   _del_Vs_comp
003206bf   _delay_msecs
0000c924   _delta_Tc
0032110a   _digit_run_dir_chk
0000c040   _digital_input
0032114b   _digital_input_proc
00321188   _digital_port_check
0000c294   _div_a0
00320f50   _driver_enable_proc
0000c010   _e_stop
0000c18e   _e_thermal_level
0000c9e4   _errno
0031ac3b   _estim_Jm_loop
0031a3fd   _estim_Jm_pwm
0031a8b5   _estim_Ls_loop
00319dec   _estim_Ls_pwm
003199e1   _estim_ReqLeq_pwm
0031a7c5   _estim_Rs_loop
00319cff   _estim_Rs_pwm
0031a57b   _estim_req_leq_loop
00322cc2   _exit
0000c2c2   _fIn_DC_Voltage_err
0000c1f0   _fIn_DC_Voltage_integ
0000c1ee   _fIn_DC_Voltage_integ_pre
0000c1e4   _fIn_DC_Voltage_out
0000c1ea   _fIn_DC_Voltage_ref
0000c27c   _fIn_Ide_Ffest
0000c2ce   _fIn_Ide_axis
0000c282   _fIn_Ide_axis_ref
0000c27e   _fIn_Ide_err
0000c21c   _fIn_Ide_integ
0000c212   _fIn_Ide_integ_pre
0000c28e   _fIn_Ide_out
0000c290   _fIn_Iqe_Ffest
0000c2c4   _fIn_Iqe_axis
0000c27a   _fIn_Iqe_axis_ref
0000c278   _fIn_Iqe_err
0000c216   _fIn_Iqe_integ
0000c1ec   _fIn_Iqe_integ_pre
0000c2bc   _fIn_Iqe_out
0000c011   _fIn_Ir_fault_cnt
0000c047   _fIn_Is_fault_cnt
0000c03e   _fIn_It_fault_cnt
0000c276   _fIn_PHASE_CMPR
0000c26c   _fIn_PHASE_CMPS
0000c26a   _fIn_PHASE_CMPT
0000c274   _fIn_PWM_R
0000c272   _fIn_PWM_S
0000c28a   _fIn_PWM_T
0031b9ac   _fIn_SpaceVectorPWM
0000c286   _fIn_Va_ref
0000c28c   _fIn_Vb_ref
0000c264   _fIn_Vc_ref
0000c246   _fIn_Vde_axis
0000c292   _fIn_Vds_axis
0000c210   _fIn_Vqe_axis
0000c288   _fIn_Vqs_axis
0000c266   _fIn_a
0000c25a   _fIn_cmpr1
0000c260   _fIn_cmpr2
0000c25e   _fIn_cmpr3
0000c262   _fIn_max
0000c268   _fIn_min
0031bbf8   _fault_check
00320f4d   _fault_reset
00321920   _free
00321ad9   _free_memory
0000c37c   _frequency
0000c0e4   _func_flag
0000c026   _gMachineState
0000c027   _gPWMTripCode
0000c024   _gRunFlag
0000c029   _gSciInFlag
0000c450   _gSciaRxBuf
0000c461   _gSciaTxBuf
0000c4c0   _gStr1
0000c412   _gStr2
0000c01e   _gTripFlag
0000c025   _gTripSaveFlag
00320760   _get_adc_offset
003208b1   _get_adc_vdc_high
00320855   _get_adc_vdc_low
00318020   _get_code_group0
00318324   _get_code_group1
00318670   _get_code_group2
003188a7   _get_code_group3
00318e27   _get_code_group4
00319013   _get_code_group5
003191e2   _get_code_group6
0031960e   _get_code_group7
0031997f   _get_code_group8
0031f411   _get_code_information
0032070a   _get_command
003209e5   _get_eprom_address
0000c258   _gfRunTime
0000c02a   _giAdcRphase
0000c02b   _giAdcSphase
0000c02c   _giAdcUphase
0000c020   _giAdcVdc
0000c037   _giAdcVphase
0000c93c   _iCnt
003206e6   _iGetAinCmd
0000c042   _igbt_fault_input
0000c106   _igbt_pwm_freq
0000c018   _init_charge_flag
0031f75e   _init_eprom_data
00320f6b   _input_acc_dec_byp_proc
00320f62   _input_acel_decel_switch_proc
00320f56   _input_ai_local_remote_proc
00320f53   _input_ai_ref_active_proc
00320f6e   _input_ext_fault_a_proc
00320f59   _input_ext_fault_b_proc
00320f5f   _input_mb_brake_state_proc
00320f5c   _input_motor_select_proc
00320f68   _input_ref_tunning_dec_proc
00320f65   _input_ref_tunning_inc_proc
00320f7d   _input_state
0000c31c   _inv_C_ce
0000c306   _inv_Fr
0000c2f8   _inv_Fr_ref
0000c0e8   _inv_Freq_rat
0000c372   _inv_Fs
0000c09a   _inv_Fs_B
0000c36c   _inv_Fs_ref
0000c0ae   _inv_GM_Is
0000c0a8   _inv_GM_Is_square_minus_1
0000c0c0   _inv_I_QS_rat
0000c22a   _inv_Is_rat
0000c340   _inv_Kt
0000c0b2   _inv_Ls
0000c0b4   _inv_Ls_plus_sigma_Ls
0000c24e   _inv_MAX_PWM_CNT
0000c32a   _inv_P_pair
0000c2ea   _inv_SinCosDeltaTheta
0000c2e0   _inv_Te_rat
0000c0ba   _inv_Tr
0000c2a8   _inv_Ts
0000c1fe   _inv_code_dac_scale_ch1
0000c1f4   _inv_code_dac_scale_ch2
0000c1f2   _inv_code_dac_scale_ch3
0000c1f8   _inv_code_dac_scale_ch4
0000c2e8   _inv_motor_rat_hz
0000c21e   _inv_motor_rate_hz
0000c0c4   _inv_sigma_Ls
0000c2e4   _inv_sigma_Tr
00320b46   _invalid_address_proc
003205df   _linear_eq
00320bbe   _load_code2ram
00322ab0   _load_sci_tx_mail_box
0031d772   _load_scib_tx_mail_box
0031d74f   _load_scib_tx_mail_box_char
0031ddea   _load_scic_tx_mail_box
0031ddc7   _load_scic_tx_mail_box_char
00322adf   _ltoa
0031f035   _main
00321994   _malloc
00321ab7   _max_free
00322d18   _memccpy
00322d65   _memset
00321969   _minit
00322ca6   _modf
003229f7   _monitor_proc
0000c124   _motor_pole
0000c1ba   _motor_rate_current
0000c122   _motor_rate_effiency
0000c1b8   _motor_rate_hz
0000c1d8   _motor_rate_power
0000c1be   _motor_rate_rpm
0000c1c4   _motor_rate_volt
0032104a   _multi_step_proc
0000c190   _over_I_time
0000c064   _over_current_level
0000c198   _over_speed_level
0000c194   _over_volt_set
0031afa1   _parameter_estimation
003206d2   _periodic_check
0000c2b4   _pll_out
0000c18c   _pre_charge_time
0000c35a   _prev_I_QS
0000c002   _protect_reg
00322862   _pwm_pulse_test
003216ca   _ramp_proc
00320a7c   _read_eprom_data
003219ef   _realloc
0000c256   _ref_time
0000c380   _refer_in0
0000c384   _reference_in
0000c37a   _reference_out
0000c021   _relay_flag
0000c382   _rpm
0000c328   _rpm_Coeff
0000c352   _rpm_err
0000c354   _rpm_m
0000c358   _rpm_ref
00320f43   _rsvd_ISR
0031f4f1   _save_backup_data
0031d7f8   _scibRxFifoIsr
0031d79c   _scibTxFifoIsr
0031d877   _scib_cmd_proc
0031d6e2   _scib_fifo_init
0000c944   _scib_rx_end_addr
0000c959   _scib_rx_msg_box
0000c01a   _scib_rx_msg_flag
0000c943   _scib_rx_start_addr
0000c940   _scib_tx_end_addr
0031d739   _scib_tx_msg
0000c980   _scib_tx_msg_box
0000c942   _scib_tx_start_addr
0031de70   _scicRxFifoIsr
0031de14   _scicTxFifoIsr
0031deef   _scic_cmd_proc
0031dd5a   _scic_fifo_init
0000ca04   _scic_rx_end_addr
0000ca19   _scic_rx_msg_box
0000c003   _scic_rx_msg_flag
0000ca03   _scic_rx_start_addr
0000ca00   _scic_tx_end_addr
0031ddb1   _scic_tx_msg
0000ca40   _scic_tx_msg_box
0000ca02   _scic_tx_start_addr
00322aba   _serial_com_proc
0031f487   _set_code_default_double
0031f46c   _set_code_default_int
00321e04   _set_dac_point
00320f97   _set_digit_input_function_A
00321037   _set_digit_input_function_B
0000c304   _sgn_I_QS
0000c3e8   _sgn_Is
0000c31a   _sigma
0000c320   _sigma_Ls
0000c0c2   _sigma_Ls_div_1_plus_sigma
0000c0b8   _sigma_Tr
0000c0b6   _sigma_minus_1_div_sigma_Ls
0032292d   _sin
0031e5f1   _slip_comp_scalar_ctrl
0032298c   _snprintf
00318000   _sqrt
00322d4b   _strcpy
00322d38   _strlen
00322c11   _strncpy
003220ae   _strtod
0000c005   _terminal_input_state
0032180a   _test_conv_pwm
0000c03d   _test_pulse_count
00321561   _test_ramp_proc
00321623   _test_ref_func
003222fe   _test_run
0000c34e   _theta
0000c2b6   _theta60
0000c2ee   _theta_m
0000c2b8   _theta_pll
0000c0ee   _time_t
0000c04a   _timer0_count
0031ec62   _trip_check
0031ea13   _trip_recording
0000c012   _uConv_CtrlOn
0000c25c   _uIn_Flag_OM
0000c12a   _u_phase_I_sense_span
003206bb   _ulGetNow_mSec
003206a4   _ulGetTime_mSec
0000c128   _v_phase_I_sense_span
0000c108   _vdc_sense_span
0000c12e   _vdc_sense_zero
003216e4   _vf_conv_test
0031e3b7   _vf_loop_control
0031e4db   _vf_simple_control
0000c360   _w_sl
0031f3df   _wakeint_isr
0000c37e   _we
0000c356   _we_FW
0000c378   _we_in
0000c220   _we_rat
0000c2ec   _wm_rat
0000c0bc   _wn_wr
0000c148   _wn_wr_Coeff
0000c0ac   _wp_Is
0000c0a4   _wp_Is_Coeff
0000c348   _wr
0000c049   _wr_CntlPeriodIndex
0000c2f4   _wr_Cycle
0000c03c   _wr_CycleIndex
0000c14a   _wr_DampingRatio
0000c362   _wr_ErrInt
0000c0ea   _wr_FilterPole
0000c152   _wr_FilterPoleCoeff
0000c043   _wr_ctrl_index
0000c35c   _wr_err
0000c346   _wr_m
0000c344   _wr_m0
0000c300   _wr_rat
0000c35e   _wr_ref
00320a47   _write_code_2_eeprom
0000c017   _xcon_data
ffffffff   binit
00339def   cinit
0033fff6   code_start
00000000   edata
00000000   end
00322d6c   etext
ffffffff   pinit


GLOBAL SYMBOLS: SORTED BY Symbol Address 

address    name
--------   ----
00000000   .bss
00000000   .data
00000000   ___bss__
00000000   ___data__
00000000   ___edata__
00000000   ___end__
00000000   edata
00000000   end
00000050   __sys_memory
00000300   __STACK_SIZE
00000300   __SYSMEM_SIZE
00000400   __stack
00000880   _DevEmuRegs
00000a80   _FlashRegs
00000ae0   _CsmRegs
00000b00   _AdcMirror
00000b20   _XintfRegs
00000c00   _CpuTimer0Regs
00000c08   _CpuTimer1Regs
00000c10   _CpuTimer2Regs
00000ce0   _PieCtrlRegs
00000d00   _PieVectTable
00001000   _DmaRegs
00004000   _ZONE0_BUF
00005000   _McbspaRegs
00005040   _McbspbRegs
00006000   _ECanaRegs
00006040   _ECanaLAMRegs
00006080   _ECanaMOTSRegs
000060c0   _ECanaMOTORegs
00006100   _ECanaMboxes
00006200   _ECanbRegs
00006240   _ECanbLAMRegs
00006280   _ECanbMOTSRegs
000062c0   _ECanbMOTORegs
00006300   _ECanbMboxes
00006800   _EPwm1Regs
00006840   _EPwm2Regs
00006880   _EPwm3Regs
000068c0   _EPwm4Regs
00006900   _EPwm5Regs
00006940   _EPwm6Regs
00006a00   _ECap1Regs
00006a20   _ECap2Regs
00006a40   _ECap3Regs
00006a60   _ECap4Regs
00006a80   _ECap5Regs
00006aa0   _ECap6Regs
00006b00   _EQep1Regs
00006b40   _EQep2Regs
00006f80   _GpioCtrlRegs
00006fc0   _GpioDataRegs
00006fe0   _GpioIntRegs
00007010   _SysCtrlRegs
00007040   _SpiaRegs
00007050   _SciaRegs
00007070   _XIntruptRegs
00007100   _AdcRegs
00007750   _ScibRegs
00007770   _ScicRegs
00007900   _I2caRegs
00008000   _InitFlash
00008000   _RamfuncsRunStart
00008023   _DSP28x_usDelay
0000c000   _code_dac_select_ch1
0000c001   _code_dac_select_ch2
0000c002   _protect_reg
0000c003   _scic_rx_msg_flag
0000c004   _code_dac_select_ch4
0000c005   _terminal_input_state
0000c006   _code_dac_select_ch3
0000c007   _code_select_in_func2
0000c008   _code_select_in_func3
0000c009   _code_select_in_func0
0000c00a   _code_select_in_func1
0000c00b   _code_select_in_func6
0000c00c   _code_select_in_func7
0000c00d   _code_select_in_func4
0000c00e   _code_select_in_func5
0000c00f   _adc_S_offset
0000c010   _e_stop
0000c011   _fIn_Ir_fault_cnt
0000c012   _uConv_CtrlOn
0000c013   _code_set_pulse_number
0000c014   _adc_u_offset
0000c015   _Jm_ID_ENABLE
0000c016   _code_set_Vdc_on
0000c017   _xcon_data
0000c018   _init_charge_flag
0000c019   _code_use_binary_input
0000c01a   _scib_rx_msg_flag
0000c01b   _adc_v_offset
0000c01c   _adc_R_offset
0000c01d   _debug1
0000c01e   _gTripFlag
0000c01f   _MAX_PWM_CNT
0000c020   _giAdcVdc
0000c021   _relay_flag
0000c022   _EepromSaveFlag
0000c023   _Flag_TripDataBackup
0000c024   _gRunFlag
0000c025   _gTripSaveFlag
0000c026   _gMachineState
0000c027   _gPWMTripCode
0000c028   _AutoTuningFlag
0000c029   _gSciInFlag
0000c02a   _giAdcRphase
0000c02b   _giAdcSphase
0000c02c   _giAdcUphase
0000c02d   _code_protect_over_I_off
0000c02e   _code_protect_IGBT_off
0000c02f   _code_protect_ov_off
0000c030   _code_protect_Iadc_off
0000c031   _code_protect_CONV_adc_off
0000c032   _Init_RiseUp_Flag
0000c033   _code_protect_ex_trip_off
0000c034   _code_protect_IGBT2_off
0000c035   _code_motor_ctrl_mode
0000c036   _code_motor_direction_change
0000c037   _giAdcVphase
0000c038   _code_run_input_select
0000c039   _code_protect_inhibit_on
0000c03a   _code_protect_uv_off
0000c03b   _code_ramp_func_mode
0000c03c   _wr_CycleIndex
0000c03d   _test_pulse_count
0000c03e   _fIn_It_fault_cnt
0000c03f   _DIGITAL_INPUT_START
0000c040   _digital_input
0000c041   _convert_state
0000c042   _igbt_fault_input
0000c043   _wr_ctrl_index
0000c045   _CON_PWM_Flag
0000c046   _Fault_Code
0000c047   _fIn_Is_fault_cnt
0000c048   _InOCFlag
0000c049   _wr_CntlPeriodIndex
0000c04a   _timer0_count
0000c04c   _code_speed5
0000c04e   _code_speed6
0000c050   _code_speed4
0000c052   _GainUpdateTimer
0000c054   _Vs_Coeff_Leq_Req
0000c056   _Data_Load
0000c058   _code_speed7
0000c05a   _code_speed8
0000c05c   _code_speed3
0000c05e   _code_dac_offset_ch4
0000c060   _code_dac_scale_ch4
0000c062   _Delta_wr_FilterPoleCoeff_U
0000c064   _over_current_level
0000c066   _code_speed2
0000c068   _Data_Backup
0000c06a   _Data_Init
0000c06c   _code_speed1
0000c06e   _Data_Check
0000c070   _code_dac_offset_ch3
0000c072   _analog_cmd_in_zero2
0000c074   _code_speed15
0000c076   _code_speed13
0000c078   _code_speed14
0000c07a   _analog_cmd_in_span2
0000c07c   _Max_DeltaTheta
0000c07e   _Delta_wr_FilterPoleCoeff_L
0000c080   _analog_cmd_in_span1
0000c082   _analog_cmd_in_zero1
0000c084   _code_dac_scale_ch3
0000c086   _code_speed12
0000c088   _code_speed10
0000c08a   _code_speed11
0000c08c   _code_speed9
0000c08e   _code_dac_scale_ch1
0000c090   _code_speed16
0000c092   _code_dac_scale_ch2
0000c094   _code_dac_offset_ch1
0000c096   _Ki_wr
0000c098   _Kp_wr
0000c09a   _inv_Fs_B
0000c09c   _S_lin
0000c09e   _S_rat
0000c0a0   _Fs_B
0000c0a2   _Kp_Is_Coeff
0000c0a4   _wp_Is_Coeff
0000c0a6   _Ki_Is
0000c0a8   _inv_GM_Is_square_minus_1
0000c0aa   _Freq_slip_rat
0000c0ac   _wp_Is
0000c0ae   _inv_GM_Is
0000c0b0   _Tr
0000c0b2   _inv_Ls
0000c0b4   _inv_Ls_plus_sigma_Ls
0000c0b6   _sigma_minus_1_div_sigma_Ls
0000c0b8   _sigma_Tr
0000c0ba   _inv_Tr
0000c0bc   _wn_wr
0000c0be   _Lr_div_Lm
0000c0c0   _inv_I_QS_rat
0000c0c2   _sigma_Ls_div_1_plus_sigma
0000c0c4   _inv_sigma_Ls
0000c0c6   _I_QS_rat
0000c0c8   _Lm_div_Lr
0000c0ca   _code_accel_time1
0000c0cc   _code_max_Vdc_ref
0000c0ce   _code_accel_time2
0000c0d0   _code_Vdc_ref
0000c0d2   _LPF_Is
0000c0d4   _code_decel_time1
0000c0d6   _code_min_vf_ref
0000c0d8   _code_jog_speed
0000c0da   _code_dac_offset_ch2
0000c0dc   _code_decel_time2
0000c0de   _code_start_Vdc_ref
0000c0e0   _code_digital_speed2
0000c0e2   _code_btn_start_ref
0000c0e4   _func_flag
0000c0e6   _Leq
0000c0e8   _inv_Freq_rat
0000c0ea   _wr_FilterPole
0000c0ec   _Kp_Is
0000c0ee   _time_t
0000c0f0   _LPF_Re_Power
0000c0f2   _Is_Leq_Req
0000c0f4   _LPF_Is_Square
0000c0f6   _Freq_rat
0000c0f8   _Req
0000c0fa   _LPF_Vs_Square
0000c0fc   _OverCurLimit
0000c0fe   _ExcitationTime
0000c100   _K_Damp_Fr
0000c102   _S_phase_I_sense_span
0000c104   _R_phase_I_sense_span
0000c106   _igbt_pwm_freq
0000c108   _vdc_sense_span
0000c10a   _GM_Fr
0000c10c   _VF_Vs_Coeff_TrqBoost
0000c10e   _VF_Freq_TrqBoost
0000c110   _VF_IR_Comp_FilterPole
0000c112   _VF_Rs_ThermalCoeff
0000c114   _VF_DeadTimeGain
0000c116   _PM_Fr
0000c118   _VF_Fs_Coeff
0000c11a   _K_Damp_Is
0000c11c   _GM_Is
0000c11e   _Lr
0000c120   _Ls
0000c122   _motor_rate_effiency
0000c124   _motor_pole
0000c126   _Rr
0000c128   _v_phase_I_sense_span
0000c12a   _u_phase_I_sense_span
0000c12c   _VF_ExcitationTime
0000c12e   _vdc_sense_zero
0000c130   _Lm
0000c132   _Rs
0000c134   _I_sense_value
0000c136   _Jm
0000c138   _code_test_decel_time
0000c13a   _code_test_accel_time
0000c13c   _code_Kp_Is_Coeff
0000c13e   _code_Ki_Is_Coeff
0000c140   _code_posi_duration_time
0000c142   _Base_Flux_Coeff
0000c144   _code_nega_duration_time
0000c146   _Max_wn_wr
0000c148   _wn_wr_Coeff
0000c14a   _wr_DampingRatio
0000c14c   _K_Damp_wr
0000c14e   _FW_VoltageCoeff
0000c150   _code_zero_duration_time
0000c152   _wr_FilterPoleCoeff
0000c154   _AT_Is_Coeff_Rs
0000c156   _AT_Is_Coeff_Leq_Req
0000c158   _AT_DeadTimeGain
0000c15a   _AT_Time_Rs
0000c15c   _VF_Rs
0000c15e   _VF_Slip_Comp_FilterPole
0000c160   _AT_Time_Leq_Req
0000c162   _AT_Te_Coeff_Jm
0000c164   _AT_Ls_DMB_OpenTime
0000c166   _code_Vdc_set_value
0000c168   _AT_Time_Jm
0000c16a   _AT_Ls_Vs_RAMP
0000c16c   _AT_Freq_Leq_Req
0000c16e   _AT_Time_Ls
0000c170   _code_adc_Vs_S_high
0000c172   _code_adc_Vs_S_low
0000c174   _GammaTheta_R
0000c176   _code_Vs_S_calc_low
0000c178   _code_adc_Vs_R_high
0000c17a   _code_adc_Vs_R_low
0000c17c   _code_Vs_R_calc_high
0000c17e   _code_Vs_T_calc_high
0000c180   _code_Vs_T_calc_low
0000c182   _code_Vs_S_scale
0000c184   _code_Vs_R_scale
0000c186   _code_Vs_S_calc_high
0000c188   _code_Vs_R_calc_low
0000c18a   _code_adc_Vs_T_high
0000c18c   _pre_charge_time
0000c18e   _e_thermal_level
0000c190   _over_I_time
0000c192   _Is_Max_Coeff
0000c194   _over_volt_set
0000c196   _code_OC_convt_level
0000c198   _over_speed_level
0000c19a   _code_Vdc_calc_low
0000c19c   _code_adc_vdc_high
0000c19e   _code_adc_Vs_T_low
0000c1a0   _code_Vdc_calc_high
0000c1a2   _code_Vdc_scaler
0000c1a4   _code_under_volt_set
0000c1a6   _code_adc_vdc_low
0000c1a8   _code_Vdc_offseter
0000c1aa   _SlipCompCoeff
0000c1ac   _GammaLambda
0000c1ae   _code_Iqe_Limit
0000c1b0   _Default_wr_FilterPole
0000c1b2   _Max_DeltaLambda
0000c1b4   _GammaTheta_M
0000c1b6   _GammaLambda_R_Constant
0000c1b8   _motor_rate_hz
0000c1ba   _motor_rate_current
0000c1bc   _AT_Freq_Ls
0000c1be   _motor_rate_rpm
0000c1c0   _PM_Is
0000c1c2   _code_Ide_Limit
0000c1c4   _motor_rate_volt
0000c1c6   _code_LPF_cutoff_hz_V
0000c1c8   _code_LPF_cutoff_hz_I
0000c1ca   _code_Ude_Kp
0000c1cc   _code_Ude_Ki
0000c1ce   _code_Vs_R_offset
0000c1d0   _code_Vs_T_scale
0000c1d2   _code_Vs_T_offset
0000c1d4   _code_Iqe_Ki
0000c1d6   _code_Ide_Kp
0000c1d8   _motor_rate_power
0000c1da   _code_Iqe_Kp
0000c1dc   _code_Vdc_link_Ki
0000c1de   _code_Vs_S_offset
0000c1e0   _code_Ide_Ki
0000c1e2   _analog_ref_a
0000c1e4   _fIn_DC_Voltage_out
0000c1e6   _dac_ch0_unit_count_value
0000c1e8   _analog_ref_b
0000c1ea   _fIn_DC_Voltage_ref
0000c1ec   _fIn_Iqe_integ_pre
0000c1ee   _fIn_DC_Voltage_integ_pre
0000c1f0   _fIn_DC_Voltage_integ
0000c1f2   _inv_code_dac_scale_ch3
0000c1f4   _inv_code_dac_scale_ch2
0000c1f6   _Vdc_factor
0000c1f8   _inv_code_dac_scale_ch4
0000c1fa   _dac_ch2_unit_count_value
0000c1fc   _dac_ch1_unit_count_value
0000c1fe   _inv_code_dac_scale_ch1
0000c200   _Uan_beta
0000c202   _Uan_alpha
0000c204   _Ubn_beta
0000c206   _Ubn_alpha
0000c208   _Uanpu
0000c20a   _Ucn
0000c20c   _Ucnpu
0000c20e   _Ubnpu
0000c210   _fIn_Vqe_axis
0000c212   _fIn_Ide_integ_pre
0000c214   _dac_ch3_unit_count_value
0000c216   _fIn_Iqe_integ
0000c218   _Ucn_beta
0000c21a   _Ucn_alpha
0000c21c   _fIn_Ide_integ
0000c21e   _inv_motor_rate_hz
0000c220   _we_rat
0000c222   _RMS_Ib
0000c224   _RMS_Ia
0000c226   _Vs_rat
0000c228   _Im_Power
0000c22a   _inv_Is_rat
0000c22c   _Is_rat
0000c22e   _I_t
0000c230   _I_s
0000c232   _Vs_max
0000c234   _Vdc
0000c236   _Is_mag_rms
0000c238   _Is_mag
0000c23a   _I_r
0000c23c   _Vs_S_calc_offset
0000c23e   _Vs_S_factor
0000c240   _Vs_T_calc_offset
0000c242   _Vs_T_factor
0000c244   _Vdc_calc_offset
0000c246   _fIn_Vde_axis
0000c248   _Vs_R_calc_offset
0000c24a   _Vs_R_factor
0000c24c   _Freq_set
0000c24e   _inv_MAX_PWM_CNT
0000c250   _Is_max
0000c252   _Re_Power
0000c254   _Ts
0000c256   _ref_time
0000c258   _gfRunTime
0000c25a   _fIn_cmpr1
0000c25c   _uIn_Flag_OM
0000c25e   _fIn_cmpr3
0000c260   _fIn_cmpr2
0000c262   _fIn_max
0000c264   _fIn_Vc_ref
0000c266   _fIn_a
0000c268   _fIn_min
0000c26a   _fIn_PHASE_CMPT
0000c26c   _fIn_PHASE_CMPS
0000c26e   _Cos_theta
0000c270   _Sin_theta
0000c272   _fIn_PWM_S
0000c274   _fIn_PWM_R
0000c276   _fIn_PHASE_CMPR
0000c278   _fIn_Iqe_err
0000c27a   _fIn_Iqe_axis_ref
0000c27c   _fIn_Ide_Ffest
0000c27e   _fIn_Ide_err
0000c280   _DCLINK_LIMIT
0000c282   _fIn_Ide_axis_ref
0000c284   _UNDER_DC_LINK_LIMIT
0000c286   _fIn_Va_ref
0000c288   _fIn_Vqs_axis
0000c28a   _fIn_PWM_T
0000c28c   _fIn_Vb_ref
0000c28e   _fIn_Ide_out
0000c290   _fIn_Iqe_Ffest
0000c292   _fIn_Vds_axis
0000c294   _div_a0
0000c296   _b2
0000c298   _Upb
0000c29a   _Upa
0000c29c   _a2
0000c29e   _a1
0000c2a0   _b1
0000c2a2   _b0
0000c2a4   _Uan
0000c2a6   _Uqe_pll
0000c2a8   _inv_Ts
0000c2aa   _Ubn
0000c2ac   _Up_alpha
0000c2ae   _Upc
0000c2b0   _Ude_pll
0000c2b2   _SysWe
0000c2b4   _pll_out
0000c2b6   _theta60
0000c2b8   _theta_pll
0000c2ba   _Ude_err
0000c2bc   _fIn_Iqe_out
0000c2be   _Ude_integ_pre
0000c2c0   _Ude_integ
0000c2c2   _fIn_DC_Voltage_err
0000c2c4   _fIn_Iqe_axis
0000c2c6   _Up_beta
0000c2c8   _a0
0000c2ca   _beta_cur
0000c2cc   _alpha_cur
0000c2ce   _fIn_Ide_axis
0000c2d0   _RMS_Iin
0000c2d2   _SinTheta1
0000c2d4   _SinDeltaTheta
0000c2d6   _Delta_wr_Filter_Pole
0000c2d8   _CosTheta1
0000c2da   _SinCosDeltaTheta
0000c2dc   _DeltaTheta
0000c2de   _CosDeltaTheta
0000c2e0   _inv_Te_rat
0000c2e2   _Te_rat
0000c2e4   _inv_sigma_Tr
0000c2e6   _Fs_rat
0000c2e8   _inv_motor_rat_hz
0000c2ea   _inv_SinCosDeltaTheta
0000c2ec   _wm_rat
0000c2ee   _theta_m
0000c2f0   _Fr_ErrInt
0000c2f2   _Pf
0000c2f4   _wr_Cycle
0000c2f6   _Fr
0000c2f8   _inv_Fr_ref
0000c2fa   _Fr_Err
0000c2fc   _I_DS_err
0000c2fe   _I_DS0
0000c300   _wr_rat
0000c302   _DeltaLambda
0000c304   _sgn_I_QS
0000c306   _inv_Fr
0000c308   _I_DS0_0
0000c30a   _Delta_wr
0000c30c   _Power_core_rat
0000c30e   _Power_core
0000c310   _Vs_IR_comp
0000c312   _Power_gap
0000c314   _Freq_ref
0000c316   _Vs_ref
0000c318   _Slip
0000c31a   _sigma
0000c31c   _inv_C_ce
0000c31e   _SlipCoeff
0000c320   _sigma_Ls
0000c322   _del_Vs_comp
0000c324   _Freq_slip
0000c326   _C_ce
0000c328   _rpm_Coeff
0000c32a   _inv_P_pair
0000c32c   _V_st
0000c32e   _V_rs
0000c330   _Kt
0000c332   _Fr_rat
0000c334   _P_pair
0000c336   _LPF_Te
0000c338   _Te
0000c33a   _C_ce_nF
0000c33c   _Max_Trq_Coeff
0000c33e   _V_tr
0000c340   _inv_Kt
0000c342   _Te_ref
0000c344   _wr_m0
0000c346   _wr_m
0000c348   _wr
0000c34a   _Vo
0000c34c   _SinTheta
0000c34e   _theta
0000c350   _CosTheta
0000c352   _rpm_err
0000c354   _rpm_m
0000c356   _we_FW
0000c358   _rpm_ref
0000c35a   _prev_I_QS
0000c35c   _wr_err
0000c35e   _wr_ref
0000c360   _w_sl
0000c362   _wr_ErrInt
0000c364   _code_Vdc_link_Kp
0000c366   _Freq_out
0000c368   _Fs
0000c36a   _Fs_ref
0000c36c   _inv_Fs_ref
0000c36e   _Fr_ref0
0000c370   _Te_max
0000c372   _inv_Fs
0000c374   _Fr_ref
0000c376   _Fs_ref0
0000c378   _we_in
0000c37a   _reference_out
0000c37c   _frequency
0000c37e   _we
0000c380   _refer_in0
0000c382   _rpm
0000c384   _reference_in
0000c386   _Vs_max_FW
0000c388   _DutyCount
0000c38c   _Jm_SampleData
0000c390   _Is_dq
0000c394   _Vs_dq_ref
0000c398   _Is_DQ
0000c39c   _Us_dq
0000c3a0   _Vs_DQ
0000c3a4   _Vs_dq
0000c3a8   _Is_dq_ref
0000c3ac   _Is_dq_ErrInt
0000c3b0   _Vs_DQ_ref_PI
0000c3b4   _Fs_dq
0000c3b8   _Vs_DQ_comp
0000c3bc   _Vs_DQ_max
0000c3c0   _Vs_DQ_ref
0000c3c4   _Is_DQ_ErrInt
0000c3c8   _Is_DQ_ref
0000c3cc   _Is_DQ_max
0000c3d0   _DutyRatio
0000c3d6   _Is_abc
0000c3dc   _Vs_abc
0000c3e2   _Vs_abc_ref
0000c3e8   _sgn_Is
0000c3ee   _Jm_ID_wr
0000c3f6   _Jm_ID_t
0000c400   _Jm_ID_Te
0000c408   _DF_Uan
0000c412   _gStr2
0000c41c   _DF_Ucn
0000c426   _DF_Ubn
0000c430   _TimeInput
0000c440   _adc_result
0000c450   _gSciaRxBuf
0000c461   _gSciaTxBuf
0000c480   _MonitorMsg
0000c4c0   _gStr1
0000c500   _code_inform
0000c540   _TripInfo
0000c5c0   _TripInfoNow
0000c640   _dac_point
0000c7d0   _CpuTimer1
0000c7d8   _CpuTimer2
0000c7e0   _CpuTimer0
0000c7e8   _ADC_I_s
0000c7ea   _ADC_I_t
0000c7ec   _ADC_V_tr
0000c7ee   _ADC_I_v
0000c7f0   _ADC_V_w
0000c7f2   _ADC_I_r
0000c7f4   _ADC_Vdc
0000c7f6   _ADC_V_st
0000c7f8   _ADC_I_u
0000c7fa   _ADC_V_rs
0000c7fc   __cleanup_ptr
0000c7fe   __dtors_ptr
0000c800   _LPF_Vdc_cutoff_freq
0000c802   _LPF_V_rst_cutoff_freq
0000c804   _LPF_I_rst_cutoff_freq
0000c806   _LPF_We_E_st_cutoff_freq
0000c808   _LPF_V_dq_cutoff_freq
0000c80a   _LPF_I_uvw_cutoff_freq
0000c80c   _LPF_I_r_in
0000c812   _LPF_I_t_in
0000c818   _LPF_V_st_out
0000c81e   _LPF_V_rs_out
0000c824   _LPF_I_w_out
0000c82a   _LPF_V_tr_out
0000c830   _LPF_I_v_in
0000c836   _LPF_I_u_in
0000c840   _LPF_I_u_out
0000c846   _LPF_I_w_in
0000c84c   _LPF_I_r_out
0000c852   _LPF_I_s_in
0000c858   _LPF_I_t_out
0000c85e   _LPF_I_s_out
0000c864   _LPF_Vdc_in
0000c86a   _LPF_V_q_out
0000c870   _LPF_We_E_st_out
0000c876   _LPF_We_E_st_in
0000c880   _LPF_V_d_in
0000c886   _LPF_V_d_out
0000c88c   _LPF_V_q_in
0000c892   _LPF_Vdc_out
0000c898   _LPF_V_tr_in
0000c89e   _LPF_V_st_in
0000c8a4   _LPF_V_rs_in
0000c8aa   _LPF_I_v_out
0000c8b0   _LPF_I_v_K
0000c8b8   _LPF_I_u_K
0000c8c0   _LPF_Vdc_K
0000c8c8   _LPF_I_w_K
0000c8d0   _LPF_We_E_st_K
0000c8d8   _LPF_V_q_K
0000c8e0   _LPF_V_st_K
0000c8e8   _LPF_V_tr_K
0000c8f0   _LPF_I_t_K
0000c8f8   _LPF_V_d_K
0000c900   _LPF_I_r_K
0000c908   _LPF_I_s_K
0000c910   _LPF_V_rs_K
0000c920   _Dd
0000c922   _T_d
0000c924   _delta_Tc
0000c92c   __unlock
0000c92e   __lock
0000c93c   _iCnt
0000c93d   _ConvStartCnt
0000c93e   _FREQ_CNT
0000c940   _scib_tx_end_addr
0000c942   _scib_tx_start_addr
0000c943   _scib_rx_start_addr
0000c944   _scib_rx_end_addr
0000c959   _scib_rx_msg_box
0000c980   _scib_tx_msg_box
0000c9e4   _errno
0000c9e5   _PartIdRegs
0000ca00   _scic_tx_end_addr
0000ca02   _scic_tx_start_addr
0000ca03   _scic_rx_start_addr
0000ca04   _scic_rx_end_addr
0000ca19   _scic_rx_msg_box
0000ca40   _scic_tx_msg_box
00100000   _ZONE6_BUF
00200000   _ZONE7_BUF
00318000   .text
00318000   ___text__
00318000   _sqrt
00318020   _get_code_group0
00318324   _get_code_group1
00318670   _get_code_group2
003188a7   _get_code_group3
00318e27   _get_code_group4
00319013   _get_code_group5
003191e2   _get_code_group6
0031960e   _get_code_group7
0031997f   _get_code_group8
003199e1   _estim_ReqLeq_pwm
00319cff   _estim_Rs_pwm
00319dec   _estim_Ls_pwm
0031a3fd   _estim_Jm_pwm
0031a57b   _estim_req_leq_loop
0031a7c5   _estim_Rs_loop
0031a8b5   _estim_Ls_loop
0031ac3b   _estim_Jm_loop
0031afa1   _parameter_estimation
0031b0f8   _MotorControlProc
0031b143   _MainPWM
0031b46a   _convert_var_init
0031b4a8   _PLL
0031b780   _Converter_Ctrl
0031b9ac   _fIn_SpaceVectorPWM
0031bbf8   _fault_check
0031c541   __printfi
0031c647   _SL_SpeedCntl_SFRF
0031c715   _SL_TorqueCntl_SFRF
0031c746   _SL_VectCntl_SFRF
0031cf60   _HardwareParameterVerification
0031d114   _COMMON_VECT_CNTL_ParameterVerification
0031d42a   _COMMON_SL_VECT_CNTL_ParameterVerification
0031d586   _SL_TORQUE_CNTL_Parameter
0031d595   _SL_SPEED_CNTL_Parameter
0031d6e2   _scib_fifo_init
0031d739   _scib_tx_msg
0031d74f   _load_scib_tx_mail_box_char
0031d772   _load_scib_tx_mail_box
0031d79c   _scibTxFifoIsr
0031d7f8   _scibRxFifoIsr
0031d877   _scib_cmd_proc
0031dd5a   _scic_fifo_init
0031ddb1   _scic_tx_msg
0031ddc7   _load_scic_tx_mail_box_char
0031ddea   _load_scic_tx_mail_box
0031de14   _scicTxFifoIsr
0031de70   _scicRxFifoIsr
0031deef   _scic_cmd_proc
0031e3b7   _vf_loop_control
0031e4db   _vf_simple_control
0031e5f1   _slip_comp_scalar_ctrl
0031ea13   _trip_recording
0031ea3f   _CheckOverCurrent
0031eaf3   _CheckOverVolt
0031eb22   _CheckUndeVolt
0031eb53   _CheckIGBTFault
0031ebcb   _CheckIGBTFault2
0031ec44   _CheckOverHeat
0031ec62   _trip_check
0031ec83   _TripProc
0031ee13   _GetTripInfo
0031eef8   _WriteTripString
0031ef2d   _ReadTripString
0031ef51   _SaveTripDataToEeprom
0031efc4   _ClearTripDataToEeprom
0031f035   _main
0031f233   _InitEPwm_ACIM_Inverter
0031f3df   _wakeint_isr
0031f3f3   _InitWatchDog
0031f411   _get_code_information
0031f46c   _set_code_default_int
0031f487   _set_code_default_double
0031f4a7   _check_backup_data
0031f4f1   _save_backup_data
0031f528   _backup_data_load
0031f579   _CheckSum
0031f57b   _CheckSum_bk
0031f5b2   _SaveDataProc
0031f75e   _init_eprom_data
0031f7d8   _VariInit
0031fb8a   _SpaceVectorModulation
0031fdec   _VoltageEstimation
0031ff1b   _InitGpio
00320214   _InitXintf
003202a8   _InitAdc
0032030d   _Adc_Isr
003205bb   _analog_out_proc
003205bc   _check_sensor_trip
003205df   _linear_eq
0032061a   _LPF1
00320639   _Nop
0032063c   _PI_Damp_Controller
003206a2   _SetSensorOffset
003206a3   _PowerOnReset
003206a4   _ulGetTime_mSec
003206bb   _ulGetNow_mSec
003206bf   _delay_msecs
003206d2   _periodic_check
003206e6   _iGetAinCmd
003206f3   _analog_cmd_proc
0032070a   _get_command
00320760   _get_adc_offset
00320855   _get_adc_vdc_low
003208b1   _get_adc_vdc_high
0032090d   _I2CA_Init
0032091f   _I2CA_WriteData
0032097c   _I2CA_ReadData
003209e5   _get_eprom_address
00320a47   _write_code_2_eeprom
00320a7c   _read_eprom_data
00320abe   _data_under_proc
00320b02   _data_over_proc
00320b46   _invalid_address_proc
00320b6f   _check_code_data
00320bbe   _load_code2ram
00320c37   _INT13_ISR
00320c41   _INT14_ISR
00320c4b   _DATALOG_ISR
00320c55   _RTOSINT_ISR
00320c5f   _EMUINT_ISR
00320c69   _NMI_ISR
00320c73   _ILLEGAL_ISR
00320c7d   _USER1_ISR
00320c87   _USER2_ISR
00320c91   _USER3_ISR
00320c9b   _USER4_ISR
00320ca5   _USER5_ISR
00320caf   _USER6_ISR
00320cb9   _USER7_ISR
00320cc3   _USER8_ISR
00320ccd   _USER9_ISR
00320cd7   _USER10_ISR
00320ce1   _USER11_ISR
00320ceb   _USER12_ISR
00320cf5   _SEQ1INT_ISR
00320cff   _SEQ2INT_ISR
00320d09   _XINT1_ISR
00320d13   _XINT2_ISR
00320d1d   _ADCINT_ISR
00320d27   _TINT0_ISR
00320d31   _WAKEINT_ISR
00320d3b   _EPWM1_TZINT_ISR
00320d45   _EPWM2_TZINT_ISR
00320d4f   _EPWM3_TZINT_ISR
00320d59   _EPWM4_TZINT_ISR
00320d63   _EPWM5_TZINT_ISR
00320d6d   _EPWM6_TZINT_ISR
00320d77   _EPWM1_INT_ISR
00320d81   _EPWM2_INT_ISR
00320d8b   _EPWM3_INT_ISR
00320d95   _EPWM4_INT_ISR
00320d9f   _EPWM5_INT_ISR
00320da9   _EPWM6_INT_ISR
00320db3   _ECAP1_INT_ISR
00320dbd   _ECAP2_INT_ISR
00320dc7   _ECAP3_INT_ISR
00320dd1   _ECAP4_INT_ISR
00320ddb   _ECAP5_INT_ISR
00320de5   _ECAP6_INT_ISR
00320def   _EQEP1_INT_ISR
00320df9   _EQEP2_INT_ISR
00320e03   _SPIRXINTA_ISR
00320e0d   _SPITXINTA_ISR
00320e17   _MRINTB_ISR
00320e21   _MXINTB_ISR
00320e2b   _MRINTA_ISR
00320e35   _MXINTA_ISR
00320e3f   _DINTCH1_ISR
00320e49   _DINTCH2_ISR
00320e53   _DINTCH3_ISR
00320e5d   _DINTCH4_ISR
00320e67   _DINTCH5_ISR
00320e71   _DINTCH6_ISR
00320e7b   _I2CINT1A_ISR
00320e85   _I2CINT2A_ISR
00320e8f   _SCIRXINTC_ISR
00320e99   _SCITXINTC_ISR
00320ea3   _SCIRXINTA_ISR
00320ead   _SCITXINTA_ISR
00320eb7   _SCIRXINTB_ISR
00320ec1   _SCITXINTB_ISR
00320ecb   _ECAN0INTA_ISR
00320ed5   _ECAN1INTA_ISR
00320edf   _ECAN0INTB_ISR
00320ee9   _ECAN1INTB_ISR
00320ef3   _XINT3_ISR
00320efd   _XINT4_ISR
00320f07   _XINT5_ISR
00320f11   _XINT6_ISR
00320f1b   _XINT7_ISR
00320f25   _LVF_ISR
00320f2f   _LUF_ISR
00320f39   _PIE_RESERVED
00320f43   _rsvd_ISR
00320f4d   _fault_reset
00320f50   _driver_enable_proc
00320f53   _input_ai_ref_active_proc
00320f56   _input_ai_local_remote_proc
00320f59   _input_ext_fault_b_proc
00320f5c   _input_motor_select_proc
00320f5f   _input_mb_brake_state_proc
00320f62   _input_acel_decel_switch_proc
00320f65   _input_ref_tunning_inc_proc
00320f68   _input_ref_tunning_dec_proc
00320f6b   _input_acc_dec_byp_proc
00320f6e   _input_ext_fault_a_proc
00320f7d   _input_state
00320f97   _set_digit_input_function_A
00321037   _set_digit_input_function_B
0032104a   _multi_step_proc
0032110a   _digit_run_dir_chk
0032114b   _digital_input_proc
00321188   _digital_port_check
003211e9   _LPF_2nd_INIT
00321279   _LPF_2nd
003212db   _Init_Filters
003213aa   _AD2LPF
0032146e   _RefFunc
00321561   _test_ramp_proc
00321623   _test_ref_func
003216ca   _ramp_proc
003216e4   _vf_conv_test
0032180a   _test_conv_pwm
00321920   _free
00321969   _minit
00321994   _malloc
003219ef   _realloc
00321ab7   _max_free
00321ad9   _free_memory
00321af7   _chkheap
00321af9   _calloc
00321b14   _EPwm_OSC_Enable
00321b34   _EPwm_ISC_Enable
00321b60   _EPwm_CONVT_Disable
00321bb5   _EPwm_INVT_Disable
00321bf9   _EPwm_All_Disable
00321cad   _converter_loop_ctrl
00321e04   _set_dac_point
00321f5f   _InitSysCtrl
00321f68   _ServiceDog
00321f72   _DisableDog
00321f7a   _InitPll
00321fcd   _InitPeripheralClocks
0032207d   _CsmUnlock
003220ae   _strtod
003221e6   _DS1307WriteData
0032220f   _DS1307ReadData
0032223b   _GetTimeAndDateStr
003222ac   _WriteTimeToDS1307
003222fe   _test_run
00322411   LL$$DIV
0032244d   LL$$MOD
00322487   ULL$$DIV
003224b6   ULL$$MOD
00322518   FD$$ADD
003225b4   _InitCpuTimers
00322600   _ConfigCpuTimer
00322647   FD$$DIV
003226d2   FS$$DIV
0032275a   _cpu_timer0_isr
003227df   FD$$MPY
00322862   _pwm_pulse_test
003228cc   _cos
0032292d   _sin
0032298c   _snprintf
003229f7   _monitor_proc
00322a2f   _GetInputMark
00322a39   _c_int00
00322a7f   _atoi
00322ab0   _load_sci_tx_mail_box
00322aba   _serial_com_proc
00322adf   _ltoa
00322b0d   FD$$CMP
00322b37   L$$DIV
00322b46   L$$MOD
00322b54   UL$$DIV
00322b5b   UL$$MOD
00322b61   _InitPieCtrl
00322b80   _EnableInterrupts
00322b8b   I$$DIV
00322b9c   I$$MOD
00322bad   _InitPieVectTable
00322bcf   ___memcpy_ff
00322bf0   FD$$TOI
00322c11   _strncpy
00322c31   FD$$TOL
00322c50   LL$$CMP
00322c62   ULL$$CMP
00322c6e   L$$TOFD
00322c8a   FS$$TOFD
00322ca6   _modf
00322cc0   C$$EXIT
00322cc0   _abort
00322cc2   _exit
00322cd8   _MemCopy
00322cef   __args_main
00322d04   LL$$MPY
00322d18   _memccpy
00322d2a   FD$$SUB
00322d38   _strlen
00322d42   __register_unlock
00322d46   __register_lock
00322d4a   __nop
00322d4b   _strcpy
00322d54   FD$$NEG
00322d65   _memset
00322d6c   _RamfuncsLoadStart
00322d6c   ___etext__
00322d6c   etext
00322d93   _RamfuncsLoadEnd
0033984a   _PieVectTableInit
00339cee   __ctypes_
00339def   ___cinit__
00339def   cinit
0033fff6   code_start
0033fff8   _CsmPwl
00380080   _ADC_cal
ffffffff   ___TI_pprof_out_hndl
ffffffff   ___TI_prof_var_size
ffffffff   ___TI_prof_var_start
ffffffff   ___binit__
ffffffff   ___c_args__
ffffffff   ___pinit__
ffffffff   binit
ffffffff   pinit

[1004 symbols]
