******************************************************************************
             TMS320C2000 Linker Unix v6.4.6                    
******************************************************************************
>> Linked Wed Nov 11 10:35:50 2015

OUTPUT FILE NAME:   <fullBridge.out>
ENTRY POINT SYMBOL: "_c_int00"  address: 0031d67d


MEMORY CONFIGURATION

         name            origin    length      used     unused   attr    fill
----------------------  --------  ---------  --------  --------  ----  --------
PAGE 0:
  ZONE0                 00004000   00001000  00000100  00000f00  RWIX
  RAML0                 00008000   00001000  0000001f  00000fe1  RWIX
  RAML1                 00009000   00001000  00000000  00001000  RWIX
  RAML2                 0000a000   00001000  00000000  00001000  RWIX
  RAML3                 0000b000   00001000  00000000  00001000  RWIX
  ZONE6                 00100000   00100000  00010000  000f0000  RWIX
  ZONE7A                00200000   0000fc00  00000100  0000fb00  RWIX
  FLASHH                00300000   00008000  00000000  00008000  RWIX
  FLASHG                00308000   00008000  00000000  00008000  RWIX
  FLASHF                00310000   00008000  00000000  00008000  RWIX
  FLASHD                00318000   00010000  00005a4d  0000a5b3  RWIX
  FLASHC                00328000   00008000  00000000  00008000  RWIX
  FLASHA                00338000   00007f80  000013e7  00006b99  RWIX
  CSM_RSVD              0033ff80   00000076  00000000  00000076  RWIX
  BEGIN                 0033fff6   00000002  00000002  00000000  RWIX
  CSM_PWL               0033fff8   00000008  00000000  00000008  RWIX
  ADC_CAL               00380080   00000009  00000007  00000002  RWIX
  OTP                   00380400   00000400  00000000  00000400  RWIX
  IQTABLES              003fe000   00000b50  00000000  00000b50  RWIX
  IQTABLES2             003feb50   0000008c  00000000  0000008c  RWIX
  FPUTABLES             003febdc   000006a0  00000000  000006a0  RWIX
  ROM                   003ff27c   00000d44  00000000  00000d44  RWIX
  RESET                 003fffc0   00000002  00000000  00000002  RWIX
  VECTORS               003fffc2   0000003e  00000000  0000003e  RWIX

PAGE 1:
  BOOT_RSVD             00000000   00000050  00000000  00000050  RWIX
  RAMM0                 00000050   000003b0  00000000  000003b0  RWIX
  RAMM1                 00000400   00000400  00000300  00000100  RWIX
  DEV_EMU               00000880   00000180  000000d0  000000b0  RWIX
  FLASH_REGS            00000a80   00000060  00000008  00000058  RWIX
  CSM                   00000ae0   00000010  00000010  00000000  RWIX
  ADC_MIRROR            00000b00   00000010  00000010  00000000  RWIX
  XINTF                 00000b20   00000020  0000001e  00000002  RWIX
  CPU_TIMER0            00000c00   00000008  00000008  00000000  RWIX
  CPU_TIMER1            00000c08   00000008  00000008  00000000  RWIX
  CPU_TIMER2            00000c10   00000008  00000008  00000000  RWIX
  PIE_CTRL              00000ce0   00000020  0000001a  00000006  RWIX
  PIE_VECT              00000d00   00000100  00000100  00000000  RWIX
  DMA                   00001000   00000200  000000e0  00000120  RWIX
  MCBSPA                00005000   00000040  00000025  0000001b  RWIX
  MCBSPB                00005040   00000040  00000025  0000001b  RWIX
  ECANA                 00006000   00000040  00000034  0000000c  RWIX
  ECANA_LAM             00006040   00000040  00000040  00000000  RWIX
  ECANA_MOTS            00006080   00000040  00000040  00000000  RWIX
  ECANA_MOTO            000060c0   00000040  00000040  00000000  RWIX
  ECANA_MBOX            00006100   00000100  00000100  00000000  RWIX
  ECANB                 00006200   00000040  00000034  0000000c  RWIX
  ECANB_LAM             00006240   00000040  00000040  00000000  RWIX
  ECANB_MOTS            00006280   00000040  00000040  00000000  RWIX
  ECANB_MOTO            000062c0   00000040  00000040  00000000  RWIX
  ECANB_MBOX            00006300   00000100  00000100  00000000  RWIX
  EPWM1                 00006800   00000022  00000022  00000000  RWIX
  EPWM2                 00006840   00000022  00000022  00000000  RWIX
  EPWM3                 00006880   00000022  00000022  00000000  RWIX
  EPWM4                 000068c0   00000022  00000022  00000000  RWIX
  EPWM5                 00006900   00000022  00000022  00000000  RWIX
  EPWM6                 00006940   00000022  00000022  00000000  RWIX
  ECAP1                 00006a00   00000020  00000020  00000000  RWIX
  ECAP2                 00006a20   00000020  00000020  00000000  RWIX
  ECAP3                 00006a40   00000020  00000020  00000000  RWIX
  ECAP4                 00006a60   00000020  00000020  00000000  RWIX
  ECAP5                 00006a80   00000020  00000020  00000000  RWIX
  ECAP6                 00006aa0   00000020  00000020  00000000  RWIX
  EQEP1                 00006b00   00000040  00000040  00000000  RWIX
  EQEP2                 00006b40   00000040  00000040  00000000  RWIX
  GPIOCTRL              00006f80   00000040  0000002e  00000012  RWIX
  GPIODAT               00006fc0   00000020  00000020  00000000  RWIX
  GPIOINT               00006fe0   00000020  0000000a  00000016  RWIX
  SYSTEM                00007010   00000020  00000020  00000000  RWIX
  SPIA                  00007040   00000010  00000010  00000000  RWIX
  SCIA                  00007050   00000010  00000010  00000000  RWIX
  XINTRUPT              00007070   00000010  00000010  00000000  RWIX
  ADC                   00007100   00000020  0000001e  00000002  RWIX
  SCIB                  00007750   00000010  00000010  00000000  RWIX
  SCIC                  00007770   00000010  00000010  00000000  RWIX
  I2CA                  00007900   00000040  00000022  0000001e  RWIX
  RAML4                 0000c000   00001000  00000a18  000005e8  RWIX
  RAML5                 0000d000   00001000  00000000  00001000  RWIX
  RAML6                 0000e000   00001000  00000000  00001000  RWIX
  RAML7                 0000f000   00001000  00000000  00001000  RWIX
  ZONE7B                0020fc00   00000400  00000000  00000400  RWIX
  FLASHB                00330000   00008000  00000000  00008000  RWIX
  CSM_PWL               0033fff8   00000008  00000008  00000000  RWIX


SECTION ALLOCATION MAP

 output                                  attributes/
section   page    origin      length       input sections
--------  ----  ----------  ----------   ----------------
.cinit     0    0033918a    000001b5     
                  0033918a    00000116     main.obj (.cinit)
                  003392a0    0000002a     scib.obj (.cinit)
                  003392ca    0000002a     scic.obj (.cinit)
                  003392f4    0000000d     switching_irq.obj (.cinit)
                  00339301    0000000c     fullBridegTrip.obj (.cinit)
                  0033930d    0000000a     low_pass_filter.obj (.cinit)
                  00339317    0000000a     rts2800_fpu32.lib : exit.obj (.cinit)
                  00339321    00000005     MonitorProc.obj (.cinit)
                  00339326    00000005     rts2800_fpu32.lib : _lock.obj (.cinit:__lock)
                  0033932b    00000005                       : _lock.obj (.cinit:__unlock)
                  00339330    00000005     common_module.obj (.cinit)
                  00339335    00000004     rts2800_fpu32.lib : errno.obj (.cinit)
                  00339339    00000004                       : memory.obj (.cinit)
                  0033933d    00000002     --HOLE-- [fill = 0]

.pinit     0    00328000    00000000     UNINITIALIZED

.text      0    00318000    00005a2e     
                  00318000    00000f31     code_group_all.obj (.text)
                  00318f31    00000001     --HOLE-- [fill = 0]
                  00318f32    00000bfd     rts2800_fpu32.lib : _printfi.obj (.text)
                  00319b2f    000005f8     fullBridgeCtrl.obj (.text)
                  0031a127    00000579     scic.obj (.text)
                  0031a6a0    00000516     scib.obj (.text)
                  0031abb6    0000050e     fullBridegTrip.obj (.text)
                  0031b0c4    000003f1     code_proc.obj (.text)
                  0031b4b5    00000361     common_module.obj (.text)
                  0031b816    0000034d     switching_irq.obj (.text:retain)
                  0031bb63    0000033e     udd_eeprom.obj (.text)
                  0031bea1    00000316     DSP2833x_DefaultIsr.obj (.text:retain)
                  0031c1b7    00000238     set_gpio.obj (.text)
                  0031c3ef    000001f9     main.obj (.text)
                  0031c5e8    000001e2     rts2800_fpu32.lib : memory.obj (.text)
                  0031c7ca    0000013e     analog.obj (.text:retain)
                  0031c908    00000122     rts2800_fpu32.lib : strtod.obj (.text)
                  0031ca2a    0000011f     low_pass_filter.obj (.text)
                  0031cb49    0000011d     DS1307.obj (.text)
                  0031cc66    00000107     rts2800_fpu32.lib : ll_div.obj (.text)
                  0031cd6d    000000f8     DSP2833x_SysCtrl.obj (.text)
                  0031ce65    000000f7     MonitorProc.obj (.text)
                  0031cf5c    000000db     serial_com.obj (.text)
                  0031d037    000000d8     scib.obj (.text:retain)
                  0031d10f    000000d8     scic.obj (.text:retain)
                  0031d1e7    000000b0     refFunc.obj (.text)
                  0031d297    0000009c     rts2800_fpu32.lib : fd_add.obj (.text)
                  0031d333    0000008b                       : fd_div.obj (.text)
                  0031d3be    00000088                       : fs_div.obj (.text)
                  0031d446    00000086     udd_timer_irq.obj (.text:retain)
                  0031d4cc    00000083     rts2800_fpu32.lib : fd_mpy.obj (.text)
                  0031d54f    0000007b     DSP2833x_CpuTimers.obj (.text)
                  0031d5ca    0000005d     rts2800_fpu32.lib : snprintf.obj (.text)
                  0031d627    00000056     analog.obj (.text)
                  0031d67d    00000046     rts2800_fpu32.lib : boot.obj (.text)
                  0031d6c3    00000034                       : ldexp.obj (.text)
                  0031d6f7    00000031                       : atoi.obj (.text)
                  0031d728    0000002e                       : ltoa.obj (.text)
                  0031d756    0000002a                       : fd_cmp.obj (.text)
                  0031d780    0000002a                       : l_div.obj (.text)
                  0031d7aa    00000028     DSP2833x_PieCtrl.obj (.text)
                  0031d7d2    00000023     digital_inout_bb.obj (.text)
                  0031d7f5    00000023     rts2800_fpu32.lib : fd_tofs.obj (.text)
                  0031d818    00000022                       : i_div.obj (.text)
                  0031d83a    00000021                       : fd_toi.obj (.text)
                  0031d85b    0000001f                       : fd_tol.obj (.text)
                  0031d87a    0000001f                       : strncpy.obj (.text)
                  0031d899    0000001e                       : ll_cmp.obj (.text)
                  0031d8b7    0000001e                       : memcpy.obj (.text)
                  0031d8d5    0000001d                       : i_tofd.obj (.text)
                  0031d8f2    0000001c                       : fs_tofd.obj (.text)
                  0031d90e    0000001c                       : l_tofd.obj (.text)
                  0031d92a    0000001c                       : modf.obj (.text)
                  0031d946    00000019                       : args_main.obj (.text)
                  0031d95f    00000019                       : exit.obj (.text)
                  0031d978    00000018                       : ll_aox.obj (.text)
                  0031d990    00000016                       : frexp.obj (.text)
                  0031d9a6    00000015     DSP2833x_MemCopy.obj (.text)
                  0031d9bb    00000014     main.obj (.text:retain)
                  0031d9cf    0000000e     rts2800_fpu32.lib : fd_sub.obj (.text)
                  0031d9dd    0000000e                       : memccpy.obj (.text)
                  0031d9eb    0000000c                       : memset.obj (.text)
                  0031d9f7    0000000c                       : strchr.obj (.text)
                  0031da03    00000009                       : _lock.obj (.text)
                  0031da0c    00000009                       : fd_neg.obj (.text)
                  0031da15    00000008     DSP2833x_CodeStartBranch.obj (.text)
                  0031da1d    00000008     rts2800_fpu32.lib : strlen.obj (.text)
                  0031da25    00000005                       : strcpy.obj (.text)
                  0031da2a    00000004                       : atof.obj (.text)

ramfuncs   0    0031da2e    0000001f     RUN ADDR = 00008000
                  0031da2e    0000001b     DSP2833x_SysCtrl.obj (ramfuncs)
                  0031da49    00000004     DSP2833x_usDelay.obj (ramfuncs)

codestart 
*          0    0033fff6    00000002     
                  0033fff6    00000002     DSP2833x_CodeStartBranch.obj (codestart)

.econst    0    00338000    0000118a     
                  00338000    00000735     code_group_all.obj (.econst:.string)
                  00338735    00000001     --HOLE-- [fill = 0]
                  00338736    000001bf     scic.obj (.econst:.string)
                  003388f5    00000001     --HOLE-- [fill = 0]
                  003388f6    000001a9     scib.obj (.econst:.string)
                  00338a9f    00000001     --HOLE-- [fill = 0]
                  00338aa0    00000133     fullBridegTrip.obj (.econst:.string)
                  00338bd3    00000001     --HOLE-- [fill = 0]
                  00338bd4    00000102     code_proc.obj (.econst:.string)
                  00338cd6    00000101     rts2800_fpu32.lib : ctype.obj (.econst:.string:__ctypes_)
                  00338dd7    00000001     --HOLE-- [fill = 0]
                  00338dd8    00000100     DSP2833x_PieVect.obj (.econst)
                  00338ed8    000000bc     common_module.obj (.econst:.string)
                  00338f94    000000b5     udd_eeprom.obj (.econst:.string)
                  00339049    00000001     --HOLE-- [fill = 0]
                  0033904a    00000074     serial_com.obj (.econst:.string)
                  003390be    0000003f     fullBridgeCtrl.obj (.econst:.string)
                  003390fd    00000001     --HOLE-- [fill = 0]
                  003390fe    00000026     rts2800_fpu32.lib : _printfi.obj (.econst:.string)
                  00339124    0000001c                       : _printfi.obj (.econst)
                  00339140    00000019     main.obj (.econst:.string)
                  00339159    00000001     --HOLE-- [fill = 0]
                  0033915a    00000014     rts2800_fpu32.lib : strtod.obj (.econst:_digits)
                  0033916e    0000000f     MonitorProc.obj (.econst:.string)
                  0033917d    00000001     --HOLE-- [fill = 0]
                  0033917e    0000000c     rts2800_fpu32.lib : strtod.obj (.econst:_powerof10)

.switch    0    00339340    000000a8     
                  00339340    0000003e     code_group_all.obj (.switch:_get_code_group7)
                  0033937e    0000002c     code_group_all.obj (.switch:_get_code_group0)
                  003393aa    00000022     code_group_all.obj (.switch:_get_code_group2)
                  003393cc    0000001c     code_group_all.obj (.switch:_get_code_group4)

.stack     1    00000400    00000300     UNINITIALIZED
                  00000400    00000300     --HOLE--

.ebss      1    0000c000    00000718     UNINITIALIZED
                  0000c000    00000510     main.obj (.ebss)
                  0000c510    00000018     DSP2833x_CpuTimers.obj (.ebss)
                  0000c528    00000008     rts2800_fpu32.lib : memory.obj (.ebss)
                  0000c530    00000004                       : exit.obj (.ebss)
                  0000c534    00000004     switching_irq.obj (.ebss)
                  0000c538    00000003     fullBridegTrip.obj (.ebss)
                  0000c53b    00000001     DSP2833x_GlobalVariableDefs.obj (.ebss)
                  0000c53c    00000002     MonitorProc.obj (.ebss)
                  0000c53e    00000002     rts2800_fpu32.lib : _lock.obj (.ebss:__lock)
                  0000c540    000000a4     scib.obj (.ebss)
                  0000c5e4    00000002     rts2800_fpu32.lib : _lock.obj (.ebss:__unlock)
                  0000c5e6    00000002     analog.obj (.ebss)
                  0000c5e8    00000002     common_module.obj (.ebss)
                  0000c5ea    00000002     refFunc.obj (.ebss)
                  0000c5ec    00000001     rts2800_fpu32.lib : errno.obj (.ebss)
                  0000c5ed    00000013     --HOLE--
                  0000c600    000000a4     scic.obj (.ebss)
                  0000c6a4    0000001c     --HOLE--
                  0000c6c0    00000058     low_pass_filter.obj (.ebss)

.esysmem   1    0000c718    00000300     UNINITIALIZED
                  0000c718    00000001     rts2800_fpu32.lib : memory.obj (.esysmem)
                  0000c719    000002ff     --HOLE--

ZONE0DATA 
*          0    00004000    00000100     UNINITIALIZED
                  00004000    00000100     main.obj (ZONE0DATA)

ZONE6DATA 
*          0    00100000    00010000     UNINITIALIZED
                  00100000    00010000     main.obj (ZONE6DATA)

ZONE7DATA 
*          0    00200000    00000100     UNINITIALIZED
                  00200000    00000100     main.obj (ZONE7DATA)

.reset     0    003fffc0    00000002     DSECT
                  003fffc0    00000002     rts2800_fpu32.lib : boot.obj (.reset)

vectors    0    003fffc2    00000000     DSECT

.adc_cal   0    00380080    00000007     NOLOAD SECTION
                  00380080    00000007     DSP2833x_ADC_cal.obj (.adc_cal)

DevEmuRegsFile 
*          1    00000880    000000d0     UNINITIALIZED
                  00000880    000000d0     DSP2833x_GlobalVariableDefs.obj (DevEmuRegsFile)

FlashRegsFile 
*          1    00000a80    00000008     UNINITIALIZED
                  00000a80    00000008     DSP2833x_GlobalVariableDefs.obj (FlashRegsFile)

CsmRegsFile 
*          1    00000ae0    00000010     UNINITIALIZED
                  00000ae0    00000010     DSP2833x_GlobalVariableDefs.obj (CsmRegsFile)

AdcMirrorFile 
*          1    00000b00    00000010     UNINITIALIZED
                  00000b00    00000010     DSP2833x_GlobalVariableDefs.obj (AdcMirrorFile)

XintfRegsFile 
*          1    00000b20    0000001e     UNINITIALIZED
                  00000b20    0000001e     DSP2833x_GlobalVariableDefs.obj (XintfRegsFile)

CpuTimer0RegsFile 
*          1    00000c00    00000008     UNINITIALIZED
                  00000c00    00000008     DSP2833x_GlobalVariableDefs.obj (CpuTimer0RegsFile)

CpuTimer1RegsFile 
*          1    00000c08    00000008     UNINITIALIZED
                  00000c08    00000008     DSP2833x_GlobalVariableDefs.obj (CpuTimer1RegsFile)

CpuTimer2RegsFile 
*          1    00000c10    00000008     UNINITIALIZED
                  00000c10    00000008     DSP2833x_GlobalVariableDefs.obj (CpuTimer2RegsFile)

PieCtrlRegsFile 
*          1    00000ce0    0000001a     UNINITIALIZED
                  00000ce0    0000001a     DSP2833x_GlobalVariableDefs.obj (PieCtrlRegsFile)

PieVectTableFile 
*          1    00000d00    00000100     UNINITIALIZED
                  00000d00    00000100     DSP2833x_GlobalVariableDefs.obj (PieVectTableFile)

DmaRegsFile 
*          1    00001000    000000e0     UNINITIALIZED
                  00001000    000000e0     DSP2833x_GlobalVariableDefs.obj (DmaRegsFile)

McbspaRegsFile 
*          1    00005000    00000025     UNINITIALIZED
                  00005000    00000025     DSP2833x_GlobalVariableDefs.obj (McbspaRegsFile)

McbspbRegsFile 
*          1    00005040    00000025     UNINITIALIZED
                  00005040    00000025     DSP2833x_GlobalVariableDefs.obj (McbspbRegsFile)

ECanaRegsFile 
*          1    00006000    00000034     UNINITIALIZED
                  00006000    00000034     DSP2833x_GlobalVariableDefs.obj (ECanaRegsFile)

ECanaLAMRegsFile 
*          1    00006040    00000040     UNINITIALIZED
                  00006040    00000040     DSP2833x_GlobalVariableDefs.obj (ECanaLAMRegsFile)

ECanaMOTSRegsFile 
*          1    00006080    00000040     UNINITIALIZED
                  00006080    00000040     DSP2833x_GlobalVariableDefs.obj (ECanaMOTSRegsFile)

ECanaMOTORegsFile 
*          1    000060c0    00000040     UNINITIALIZED
                  000060c0    00000040     DSP2833x_GlobalVariableDefs.obj (ECanaMOTORegsFile)

ECanaMboxesFile 
*          1    00006100    00000100     UNINITIALIZED
                  00006100    00000100     DSP2833x_GlobalVariableDefs.obj (ECanaMboxesFile)

ECanbRegsFile 
*          1    00006200    00000034     UNINITIALIZED
                  00006200    00000034     DSP2833x_GlobalVariableDefs.obj (ECanbRegsFile)

ECanbLAMRegsFile 
*          1    00006240    00000040     UNINITIALIZED
                  00006240    00000040     DSP2833x_GlobalVariableDefs.obj (ECanbLAMRegsFile)

ECanbMOTSRegsFile 
*          1    00006280    00000040     UNINITIALIZED
                  00006280    00000040     DSP2833x_GlobalVariableDefs.obj (ECanbMOTSRegsFile)

ECanbMOTORegsFile 
*          1    000062c0    00000040     UNINITIALIZED
                  000062c0    00000040     DSP2833x_GlobalVariableDefs.obj (ECanbMOTORegsFile)

ECanbMboxesFile 
*          1    00006300    00000100     UNINITIALIZED
                  00006300    00000100     DSP2833x_GlobalVariableDefs.obj (ECanbMboxesFile)

EPwm1RegsFile 
*          1    00006800    00000022     UNINITIALIZED
                  00006800    00000022     DSP2833x_GlobalVariableDefs.obj (EPwm1RegsFile)

EPwm2RegsFile 
*          1    00006840    00000022     UNINITIALIZED
                  00006840    00000022     DSP2833x_GlobalVariableDefs.obj (EPwm2RegsFile)

EPwm3RegsFile 
*          1    00006880    00000022     UNINITIALIZED
                  00006880    00000022     DSP2833x_GlobalVariableDefs.obj (EPwm3RegsFile)

EPwm4RegsFile 
*          1    000068c0    00000022     UNINITIALIZED
                  000068c0    00000022     DSP2833x_GlobalVariableDefs.obj (EPwm4RegsFile)

EPwm5RegsFile 
*          1    00006900    00000022     UNINITIALIZED
                  00006900    00000022     DSP2833x_GlobalVariableDefs.obj (EPwm5RegsFile)

EPwm6RegsFile 
*          1    00006940    00000022     UNINITIALIZED
                  00006940    00000022     DSP2833x_GlobalVariableDefs.obj (EPwm6RegsFile)

ECap1RegsFile 
*          1    00006a00    00000020     UNINITIALIZED
                  00006a00    00000020     DSP2833x_GlobalVariableDefs.obj (ECap1RegsFile)

ECap2RegsFile 
*          1    00006a20    00000020     UNINITIALIZED
                  00006a20    00000020     DSP2833x_GlobalVariableDefs.obj (ECap2RegsFile)

ECap3RegsFile 
*          1    00006a40    00000020     UNINITIALIZED
                  00006a40    00000020     DSP2833x_GlobalVariableDefs.obj (ECap3RegsFile)

ECap4RegsFile 
*          1    00006a60    00000020     UNINITIALIZED
                  00006a60    00000020     DSP2833x_GlobalVariableDefs.obj (ECap4RegsFile)

ECap5RegsFile 
*          1    00006a80    00000020     UNINITIALIZED
                  00006a80    00000020     DSP2833x_GlobalVariableDefs.obj (ECap5RegsFile)

ECap6RegsFile 
*          1    00006aa0    00000020     UNINITIALIZED
                  00006aa0    00000020     DSP2833x_GlobalVariableDefs.obj (ECap6RegsFile)

EQep1RegsFile 
*          1    00006b00    00000040     UNINITIALIZED
                  00006b00    00000040     DSP2833x_GlobalVariableDefs.obj (EQep1RegsFile)

EQep2RegsFile 
*          1    00006b40    00000040     UNINITIALIZED
                  00006b40    00000040     DSP2833x_GlobalVariableDefs.obj (EQep2RegsFile)

GpioCtrlRegsFile 
*          1    00006f80    0000002e     UNINITIALIZED
                  00006f80    0000002e     DSP2833x_GlobalVariableDefs.obj (GpioCtrlRegsFile)

GpioDataRegsFile 
*          1    00006fc0    00000020     UNINITIALIZED
                  00006fc0    00000020     DSP2833x_GlobalVariableDefs.obj (GpioDataRegsFile)

GpioIntRegsFile 
*          1    00006fe0    0000000a     UNINITIALIZED
                  00006fe0    0000000a     DSP2833x_GlobalVariableDefs.obj (GpioIntRegsFile)

SysCtrlRegsFile 
*          1    00007010    00000020     UNINITIALIZED
                  00007010    00000020     DSP2833x_GlobalVariableDefs.obj (SysCtrlRegsFile)

SpiaRegsFile 
*          1    00007040    00000010     UNINITIALIZED
                  00007040    00000010     DSP2833x_GlobalVariableDefs.obj (SpiaRegsFile)

SciaRegsFile 
*          1    00007050    00000010     UNINITIALIZED
                  00007050    00000010     DSP2833x_GlobalVariableDefs.obj (SciaRegsFile)

XIntruptRegsFile 
*          1    00007070    00000010     UNINITIALIZED
                  00007070    00000010     DSP2833x_GlobalVariableDefs.obj (XIntruptRegsFile)

AdcRegsFile 
*          1    00007100    0000001e     UNINITIALIZED
                  00007100    0000001e     DSP2833x_GlobalVariableDefs.obj (AdcRegsFile)

ScibRegsFile 
*          1    00007750    00000010     UNINITIALIZED
                  00007750    00000010     DSP2833x_GlobalVariableDefs.obj (ScibRegsFile)

ScicRegsFile 
*          1    00007770    00000010     UNINITIALIZED
                  00007770    00000010     DSP2833x_GlobalVariableDefs.obj (ScicRegsFile)

I2caRegsFile 
*          1    00007900    00000022     UNINITIALIZED
                  00007900    00000022     DSP2833x_GlobalVariableDefs.obj (I2caRegsFile)

CsmPwlFile 
*          1    0033fff8    00000008     UNINITIALIZED
                  0033fff8    00000008     DSP2833x_GlobalVariableDefs.obj (CsmPwlFile)


GLOBAL DATA SYMBOLS: SORTED BY DATA PAGE

address     data page           name
--------    ----------------    ----
00000400      10 (00000400)     __stack

00000880      22 (00000880)     _DevEmuRegs

00000a80      2a (00000a80)     _FlashRegs

00000ae0      2b (00000ac0)     _CsmRegs

00000b00      2c (00000b00)     _AdcMirror
00000b20      2c (00000b00)     _XintfRegs

00000c00      30 (00000c00)     _CpuTimer0Regs
00000c08      30 (00000c00)     _CpuTimer1Regs
00000c10      30 (00000c00)     _CpuTimer2Regs

00000ce0      33 (00000cc0)     _PieCtrlRegs

00000d00      34 (00000d00)     _PieVectTable

00001000      40 (00001000)     _DmaRegs

00004000     100 (00004000)     _ZONE0_BUF

00005000     140 (00005000)     _McbspaRegs

00005040     141 (00005040)     _McbspbRegs

00006000     180 (00006000)     _ECanaRegs

00006040     181 (00006040)     _ECanaLAMRegs

00006080     182 (00006080)     _ECanaMOTSRegs

000060c0     183 (000060c0)     _ECanaMOTORegs

00006100     184 (00006100)     _ECanaMboxes

00006200     188 (00006200)     _ECanbRegs

00006240     189 (00006240)     _ECanbLAMRegs

00006280     18a (00006280)     _ECanbMOTSRegs

000062c0     18b (000062c0)     _ECanbMOTORegs

00006300     18c (00006300)     _ECanbMboxes

00006800     1a0 (00006800)     _EPwm1Regs

00006840     1a1 (00006840)     _EPwm2Regs

00006880     1a2 (00006880)     _EPwm3Regs

000068c0     1a3 (000068c0)     _EPwm4Regs

00006900     1a4 (00006900)     _EPwm5Regs

00006940     1a5 (00006940)     _EPwm6Regs

00006a00     1a8 (00006a00)     _ECap1Regs
00006a20     1a8 (00006a00)     _ECap2Regs

00006a40     1a9 (00006a40)     _ECap3Regs
00006a60     1a9 (00006a40)     _ECap4Regs

00006a80     1aa (00006a80)     _ECap5Regs
00006aa0     1aa (00006a80)     _ECap6Regs

00006b00     1ac (00006b00)     _EQep1Regs

00006b40     1ad (00006b40)     _EQep2Regs

00006f80     1be (00006f80)     _GpioCtrlRegs

00006fc0     1bf (00006fc0)     _GpioDataRegs
00006fe0     1bf (00006fc0)     _GpioIntRegs

00007010     1c0 (00007000)     _SysCtrlRegs

00007040     1c1 (00007040)     _SpiaRegs
00007050     1c1 (00007040)     _SciaRegs
00007070     1c1 (00007040)     _XIntruptRegs

00007100     1c4 (00007100)     _AdcRegs

00007750     1dd (00007740)     _ScibRegs
00007770     1dd (00007740)     _ScicRegs

00007900     1e4 (00007900)     _I2caRegs

0000c000     300 (0000c000)     _adcI2nd
0000c001     300 (0000c000)     _code_dac_select_ch3
0000c002     300 (0000c000)     _gSciInFlag
0000c003     300 (0000c000)     _digital_input
0000c004     300 (0000c000)     _timer0_count
0000c005     300 (0000c000)     _igbt_fault_input
0000c006     300 (0000c000)     _debug_count
0000c007     300 (0000c000)     _test_pulse_count
0000c008     300 (0000c000)     _code_dac_select_ch4
0000c009     300 (0000c000)     _gMachineState
0000c00a     300 (0000c000)     _giAdcVdc
0000c00b     300 (0000c000)     _relay_flag
0000c00c     300 (0000c000)     _adcI_out
0000c00d     300 (0000c000)     _adcI3rd
0000c00e     300 (0000c000)     _adcI_pri
0000c00f     300 (0000c000)     _code_run_input_select
0000c010     300 (0000c000)     _code_protect_Iadc_off
0000c011     300 (0000c000)     _code_protect_over_I_off
0000c012     300 (0000c000)     _code_protect_uv_off
0000c013     300 (0000c000)     _code_protect_ov_off
0000c014     300 (0000c000)     _code_protect_ex_trip_off
0000c015     300 (0000c000)     _code_protect_IGBT_off
0000c016     300 (0000c000)     _terminal_input_state
0000c017     300 (0000c000)     _protect_reg
0000c018     300 (0000c000)     _xcon_data
0000c019     300 (0000c000)     _code_dac_select_ch2
0000c01a     300 (0000c000)     _debug1
0000c01b     300 (0000c000)     _init_charge_flag
0000c01c     300 (0000c000)     _code_dac_select_ch1
0000c01d     300 (0000c000)     _code_protect_inhibit_on
0000c01e     300 (0000c000)     _scib_rx_msg_flag
0000c01f     300 (0000c000)     _scic_rx_msg_flag
0000c020     300 (0000c000)     _gPWMTripCode
0000c021     300 (0000c000)     _codeSetPulseNumber
0000c022     300 (0000c000)     _code_set_Vdc_on
0000c023     300 (0000c000)     _code_ctrl_mode
0000c025     300 (0000c000)     _Flag_TripDataBackup
0000c026     300 (0000c000)     _EepromSaveFlag
0000c027     300 (0000c000)     _gTripFlag
0000c028     300 (0000c000)     _gTripSaveFlag
0000c029     300 (0000c000)     _gRunFlag
0000c02a     300 (0000c000)     _MAX_PWM_CNT
0000c02b     300 (0000c000)     _code_AdcOffsetCh6
0000c02c     300 (0000c000)     _code_OC_time
0000c02e     300 (0000c000)     _code_rate_hz
0000c030     300 (0000c000)     _code_decel_time1
0000c032     300 (0000c000)     _code_under_volt_set
0000c034     300 (0000c000)     _over_volt_set
0000c036     300 (0000c000)     _code_accel_time2
0000c038     300 (0000c000)     _Is_Max_Coeff
0000c03a     300 (0000c000)     _code_rate_volt
0000c03c     300 (0000c000)     _code_rate_power
0000c03e     300 (0000c000)     _codeAnalogOutSpan1

0000c040     301 (0000c040)     _codeAnalogOutZero1
0000c042     301 (0000c040)     _code_rate_current
0000c044     301 (0000c040)     _codeAnalogOutOffset1
0000c046     301 (0000c040)     _analog_cmd_in_span2
0000c048     301 (0000c040)     _analog_cmd_in_zero2
0000c04a     301 (0000c040)     _allDeadTime
0000c04c     301 (0000c040)     _analog_cmd_in_zero1
0000c04e     301 (0000c040)     _codeAnalogOutZero2
0000c050     301 (0000c040)     _analog_cmd_in_span1
0000c052     301 (0000c040)     _codeAnalogOutOffset2
0000c054     301 (0000c040)     _codeAnalogOutSpan2
0000c056     301 (0000c040)     _codeOCLevel2nd
0000c058     301 (0000c040)     _codeOCLevel1st
0000c05a     301 (0000c040)     _codeOCLevelOut
0000c05c     301 (0000c040)     _codeOCLevel3rd
0000c05e     301 (0000c040)     _code_speed2
0000c060     301 (0000c040)     _rDeadTime
0000c062     301 (0000c040)     _codeAnalogSelect2
0000c064     301 (0000c040)     _code_decel_time2
0000c066     301 (0000c040)     _codeAnalogSelect1
0000c068     301 (0000c040)     _code_adc_Vout_high
0000c06a     301 (0000c040)     _code_Vout_calc_low
0000c06c     301 (0000c040)     _code_Vdc_calc_high
0000c06e     301 (0000c040)     _code_adcIout1st
0000c070     301 (0000c040)     _code_adcIout2nd
0000c072     301 (0000c040)     _code_adc_Vout_low
0000c074     301 (0000c040)     _codeIValueOut
0000c076     301 (0000c040)     _code_adc_vdc_low
0000c078     301 (0000c040)     _codeIValue2nd
0000c07a     301 (0000c040)     _code_Vdc_calc_low
0000c07c     301 (0000c040)     _code_Vout_calc_high
0000c07e     301 (0000c040)     _codeIValue3rd

0000c080     302 (0000c080)     _code_adc_vdc_high
0000c082     302 (0000c080)     _Data_Check
0000c084     302 (0000c080)     _Data_Backup
0000c086     302 (0000c080)     _code_calIout4th
0000c088     302 (0000c080)     _Data_Init
0000c08a     302 (0000c080)     _time_t
0000c08c     302 (0000c080)     _code_calIout5th
0000c08e     302 (0000c080)     _code_adcIout5th
0000c090     302 (0000c080)     _code_calIout1st
0000c092     302 (0000c080)     _code_adcIout3rd
0000c094     302 (0000c080)     _code_calIout3rd
0000c096     302 (0000c080)     _Data_Load
0000c098     302 (0000c080)     _code_adcIout4th
0000c09a     302 (0000c080)     _code_calIout2nd
0000c09c     302 (0000c080)     _codeVdcOffset
0000c09e     302 (0000c080)     _codeVdcSpan
0000c0a0     302 (0000c080)     _codeIAdcOffset3rd
0000c0a2     302 (0000c080)     _codeVoutSpan
0000c0a4     302 (0000c080)     _codeSwitFreq
0000c0a6     302 (0000c080)     _codeIAdcOffsetOut
0000c0a8     302 (0000c080)     _codeISpan3rd
0000c0aa     302 (0000c080)     _codeISpanOut
0000c0ac     302 (0000c080)     _codeISpan1st
0000c0ae     302 (0000c080)     _codeIAdcOffset2nd
0000c0b0     302 (0000c080)     _codeVoutOffset
0000c0b2     302 (0000c080)     _codeISpan2nd
0000c0b4     302 (0000c080)     _codeIAdcOffset1st
0000c0b6     302 (0000c080)     _code_dac_scale_ch3
0000c0b8     302 (0000c080)     _code_dac_offset_ch3
0000c0ba     302 (0000c080)     _code_dac_scale_ch2
0000c0bc     302 (0000c080)     _code_dac_offset_ch4
0000c0be     302 (0000c080)     _codeIValue1st

0000c0c0     303 (0000c0c0)     _code_dac_offset_ch2
0000c0c2     303 (0000c0c0)     _code_integLimit
0000c0c4     303 (0000c0c0)     _code_phaseMax
0000c0c6     303 (0000c0c0)     _code_Ki
0000c0c8     303 (0000c0c0)     _code_dac_offset_ch1
0000c0ca     303 (0000c0c0)     _code_dac_scale_ch4
0000c0cc     303 (0000c0c0)     _code_Kp
0000c0ce     303 (0000c0c0)     _code_dac_scale_ch1
0000c0d0     303 (0000c0c0)     _analog_ref_b
0000c0d2     303 (0000c0c0)     _analog_ref_a
0000c0d4     303 (0000c0c0)     _dac_ch0_unit_count_value
0000c0d6     303 (0000c0c0)     _dac_ch2_unit_count_value
0000c0d8     303 (0000c0c0)     _dac_ch1_unit_count_value
0000c0da     303 (0000c0c0)     _I_pri
0000c0dc     303 (0000c0c0)     _Vout
0000c0de     303 (0000c0c0)     _I_out
0000c0e0     303 (0000c0c0)     _I3rd
0000c0e2     303 (0000c0c0)     _I2nd
0000c0e4     303 (0000c0c0)     _VdcScale
0000c0e6     303 (0000c0c0)     _phaseVref
0000c0e8     303 (0000c0c0)     _VdcOffset
0000c0ea     303 (0000c0c0)     _VoutOffset
0000c0ec     303 (0000c0c0)     _VoutScale
0000c0ee     303 (0000c0c0)     _inv_code_dac_scale_ch1
0000c0f0     303 (0000c0c0)     _dac_ch3_unit_count_value
0000c0f2     303 (0000c0c0)     _inv_code_dac_scale_ch2
0000c0f4     303 (0000c0c0)     _inv_code_dac_scale_ch4
0000c0f6     303 (0000c0c0)     _inv_code_dac_scale_ch3
0000c0f8     303 (0000c0c0)     _IoutOffset3rd
0000c0fa     303 (0000c0c0)     _IoutScale3rd
0000c0fc     303 (0000c0c0)     _IoutScale4th
0000c0fe     303 (0000c0c0)     _nativeI_out

0000c100     304 (0000c100)     _IoutOffset4th
0000c102     304 (0000c100)     _IoutScale1st
0000c104     304 (0000c100)     _IoutOffset1st
0000c106     304 (0000c100)     _IoutOffset2nd
0000c108     304 (0000c100)     _IoutScale2nd
0000c10a     304 (0000c100)     _phaseShiftRatio
0000c10c     304 (0000c100)     _preIntegral
0000c10e     304 (0000c100)     _Power_out
0000c110     304 (0000c100)     _ovpTimer
0000c112     304 (0000c100)     _OC_Timer
0000c114     304 (0000c100)     _nativeI2nd
0000c116     304 (0000c100)     _nativeI_pri
0000c118     304 (0000c100)     _nativeI3rd
0000c11a     304 (0000c100)     _ctrlIntegral
0000c11c     304 (0000c100)     _ctrlError
0000c11e     304 (0000c100)     _ref_time
0000c120     304 (0000c100)     _CosTheta
0000c122     304 (0000c100)     _SinTheta
0000c124     304 (0000c100)     _code_testPwmPhase
0000c126     304 (0000c100)     _code_Vdc_set_value
0000c128     304 (0000c100)     _reference_out
0000c12a     304 (0000c100)     _reference_in
0000c12c     304 (0000c100)     _theta
0000c12e     304 (0000c100)     _frequency
0000c130     304 (0000c100)     _code_I_out_ref
0000c132     304 (0000c100)     _OverCurLimit
0000c134     304 (0000c100)     _code_VoutLimit
0000c136     304 (0000c100)     _code_Vout
0000c138     304 (0000c100)     _codeInitTime
0000c13a     304 (0000c100)     _func_flag
0000c13c     304 (0000c100)     _code_ovpTime
0000c13e     304 (0000c100)     _codePwmPhaseInit

0000c140     305 (0000c140)     _refer_in0
0000c142     305 (0000c140)     _RMS_Ia
0000c144     305 (0000c140)     _gfRunTime
0000c146     305 (0000c140)     _Is_mag
0000c148     305 (0000c140)     _Ts
0000c14a     305 (0000c140)     _code_accel_time1
0000c14c     305 (0000c140)     _RMS_Ib
0000c14e     305 (0000c140)     _inv_Ts
0000c150     305 (0000c140)     _Vdc
0000c152     305 (0000c140)     _Vs_max
0000c154     305 (0000c140)     _Is_max
0000c156     305 (0000c140)     _Is_mag_rms
0000c158     305 (0000c140)     _DutyCount
0000c15c     305 (0000c140)     _Is_dq
0000c160     305 (0000c140)     _DutyRatio
0000c166     305 (0000c140)     _Is_abc
0000c16c     305 (0000c140)     _gStr2
0000c176     305 (0000c140)     _monitor

0000c180     306 (0000c180)     _TimeInput
0000c18d     306 (0000c180)     _adc_result
0000c19d     306 (0000c180)     _gSciaRxBuf

0000c1c0     307 (0000c1c0)     _gSciaTxBuf
0000c1d8     307 (0000c1c0)     _MonitorMsg

0000c200     308 (0000c200)     _code_inform

0000c240     309 (0000c240)     _gStr1

0000c280     30a (0000c280)     _TripInfo

0000c300     30c (0000c300)     _TripInfoNow

0000c380     30e (0000c380)     _dac_point

0000c510     314 (0000c500)     _CpuTimer1
0000c518     314 (0000c500)     _CpuTimer2
0000c520     314 (0000c500)     _CpuTimer0
0000c530     314 (0000c500)     ___TI_cleanup_ptr
0000c532     314 (0000c500)     ___TI_dtors_ptr
0000c536     314 (0000c500)     _phase_ratio
0000c53b     314 (0000c500)     _PartIdRegs
0000c53e     314 (0000c500)     __lock

0000c540     315 (0000c540)     _scib_rx_start_addr
0000c541     315 (0000c540)     _scib_rx_end_addr
0000c544     315 (0000c540)     _scib_tx_end_addr
0000c545     315 (0000c540)     _scib_tx_start_addr
0000c55b     315 (0000c540)     _scib_rx_msg_box

0000c580     316 (0000c580)     _scib_tx_msg_box

0000c5e4     317 (0000c5c0)     __unlock
0000c5e6     317 (0000c5c0)     _lpfI_out
0000c5ec     317 (0000c5c0)     _errno

0000c600     318 (0000c600)     _scic_tx_end_addr
0000c603     318 (0000c600)     _scic_rx_start_addr
0000c604     318 (0000c600)     _scic_rx_end_addr
0000c605     318 (0000c600)     _scic_tx_start_addr
0000c61b     318 (0000c600)     _scic_rx_msg_box

0000c640     319 (0000c640)     _scic_tx_msg_box

0000c6c0     31b (0000c6c0)     _LPF_I_uvw_cutoff_freq
0000c6c2     31b (0000c6c0)     _LPF_Vdc_cutoff_freq
0000c6c4     31b (0000c6c0)     _LPF_I_v_in
0000c6ca     31b (0000c6c0)     _LPF_I_w_in
0000c6d0     31b (0000c6c0)     _LPF_I_v_out
0000c6d6     31b (0000c6c0)     _LPF_I_u_out
0000c6dc     31b (0000c6c0)     _LPF_Vdc_out
0000c6e2     31b (0000c6c0)     _LPF_Vdc_in
0000c6e8     31b (0000c6c0)     _LPF_I_u_in
0000c6ee     31b (0000c6c0)     _LPF_I_w_out
0000c6f4     31b (0000c6c0)     _LPF_I_v_K

0000c700     31c (0000c700)     _LPF_I_w_K
0000c708     31c (0000c700)     _LPF_Vdc_K
0000c710     31c (0000c700)     _LPF_I_u_K
0000c718     31c (0000c700)     __sys_memory

00100000    4000 (00100000)     _ZONE6_BUF

00200000    8000 (00200000)     _ZONE7_BUF

00338cd6    ce33 (00338cc0)     __ctypes_

00338dd8    ce37 (00338dc0)     _PieVectTableInit

0033fff8    cfff (0033ffc0)     _CsmPwl


GLOBAL SYMBOLS: SORTED ALPHABETICALLY BY Name 

page  address   name                       
----  -------   ----                       
0     00318000  .text                      
0     0031d95f  C$$EXIT                    
0     0031d297  FD$$ADD                    
0     0031d756  FD$$CMP                    
0     0031d333  FD$$DIV                    
0     0031d4cc  FD$$MPY                    
0     0031da0c  FD$$NEG                    
0     0031d9cf  FD$$SUB                    
0     0031d7f5  FD$$TOFS                   
0     0031d83a  FD$$TOI                    
0     0031d85b  FD$$TOL                    
0     0031d3be  FS$$DIV                    
0     0031d8f2  FS$$TOFD                   
0     0031d818  I$$DIV                     
0     0031d829  I$$MOD                     
0     0031d8d5  I$$TOFD                    
0     0031d780  L$$DIV                     
0     0031d78f  L$$MOD                     
0     0031d90e  L$$TOFD                    
0     0031d978  LL$$AND                    
0     0031d899  LL$$CMP                    
0     0031cc66  LL$$DIV                    
0     0031cca2  LL$$MOD                    
0     0031d980  LL$$OR                     
0     0031d988  LL$$XOR                    
0     0031d79d  UL$$DIV                    
0     0031d7a4  UL$$MOD                    
0     0031d8ab  ULL$$CMP                   
0     0031ccdc  ULL$$DIV                   
0     0031cd0b  ULL$$MOD                   
0     0031bf87  _ADCINT_ISR                
0     00380080  _ADC_cal                   
1     00000b00  _AdcMirror                 
1     00007100  _AdcRegs                   
0     0031c7ca  _Adc_Isr                   
0     0031ad3b  _CheckIGBTFault            
0     0031acb9  _CheckOVP                  
0     0031abeb  _CheckOverCurrent          
0     0031ada2  _CheckOverHeat             
0     0031ac90  _CheckOverVolt             
0     0031b22f  _CheckSum                  
0     0031b231  _CheckSum_bk               
0     0031ad03  _CheckUndeVolt             
0     0031b04b  _ClearTripDataToEeprom     
0     0031d590  _ConfigCpuTimer            
1     0000c120  _CosTheta                  
1     0000c520  _CpuTimer0                 
1     00000c00  _CpuTimer0Regs             
1     0000c510  _CpuTimer1                 
1     00000c08  _CpuTimer1Regs             
1     0000c518  _CpuTimer2                 
1     00000c10  _CpuTimer2Regs             
1     0033fff8  _CsmPwl                    
1     00000ae0  _CsmRegs                   
0     0031ce34  _CsmUnlock                 
0     0031beb5  _DATALOG_ISR               
0     0031c0a9  _DINTCH1_ISR               
0     0031c0b3  _DINTCH2_ISR               
0     0031c0bd  _DINTCH3_ISR               
0     0031c0c7  _DINTCH4_ISR               
0     0031c0d1  _DINTCH5_ISR               
0     0031c0db  _DINTCH6_ISR               
0     0031cb6d  _DS1307ReadData            
0     0031cb49  _DS1307WriteData           
0     0000801b  _DSP28x_usDelay            
1     0000c084  _Data_Backup               
1     0000c082  _Data_Check                
1     0000c088  _Data_Init                 
1     0000c096  _Data_Load                 
1     00000880  _DevEmuRegs                
0     0031cd80  _DisableDog                
1     00001000  _DmaRegs                   
1     0000c158  _DutyCount                 
1     0000c160  _DutyRatio                 
0     0031c135  _ECAN0INTA_ISR             
0     0031c149  _ECAN0INTB_ISR             
0     0031c13f  _ECAN1INTA_ISR             
0     0031c153  _ECAN1INTB_ISR             
0     0031c01d  _ECAP1_INT_ISR             
0     0031c027  _ECAP2_INT_ISR             
0     0031c031  _ECAP3_INT_ISR             
0     0031c03b  _ECAP4_INT_ISR             
0     0031c045  _ECAP5_INT_ISR             
0     0031c04f  _ECAP6_INT_ISR             
1     00006040  _ECanaLAMRegs              
1     000060c0  _ECanaMOTORegs             
1     00006080  _ECanaMOTSRegs             
1     00006100  _ECanaMboxes               
1     00006000  _ECanaRegs                 
1     00006240  _ECanbLAMRegs              
1     000062c0  _ECanbMOTORegs             
1     00006280  _ECanbMOTSRegs             
1     00006300  _ECanbMboxes               
1     00006200  _ECanbRegs                 
1     00006a00  _ECap1Regs                 
1     00006a20  _ECap2Regs                 
1     00006a40  _ECap3Regs                 
1     00006a60  _ECap4Regs                 
1     00006a80  _ECap5Regs                 
1     00006aa0  _ECap6Regs                 
0     0031bec9  _EMUINT_ISR                
0     0031bfe1  _EPWM1_INT_ISR             
0     0031bfa5  _EPWM1_TZINT_ISR           
0     0031bfeb  _EPWM2_INT_ISR             
0     0031bfaf  _EPWM2_TZINT_ISR           
0     0031bff5  _EPWM3_INT_ISR             
0     0031bfb9  _EPWM3_TZINT_ISR           
0     0031bfff  _EPWM4_INT_ISR             
0     0031bfc3  _EPWM4_TZINT_ISR           
0     0031c009  _EPWM5_INT_ISR             
0     0031bfcd  _EPWM5_TZINT_ISR           
0     0031c013  _EPWM6_INT_ISR             
0     0031bfd7  _EPWM6_TZINT_ISR           
1     00006800  _EPwm1Regs                 
1     00006840  _EPwm2Regs                 
1     00006880  _EPwm3Regs                 
1     000068c0  _EPwm4Regs                 
1     00006900  _EPwm5Regs                 
1     00006940  _EPwm6Regs                 
0     0031c059  _EQEP1_INT_ISR             
0     0031c063  _EQEP2_INT_ISR             
1     00006b00  _EQep1Regs                 
1     00006b40  _EQep2Regs                 
1     0000c026  _EepromSaveFlag            
0     0031d7c9  _EnableInterrupts          
1     0000c025  _Flag_TripDataBackup       
1     00000a80  _FlashRegs                 
0     0031cf53  _GetInputMark              
0     0031cb97  _GetTimeAndDateStr         
0     0031ae8e  _GetTripInfo               
1     00006f80  _GpioCtrlRegs              
1     00006fc0  _GpioDataRegs              
1     00006fe0  _GpioIntRegs               
0     0031bb63  _I2CA_Init                 
0     0031bbcb  _I2CA_ReadData             
0     0031bb75  _I2CA_WriteData            
0     0031c0e5  _I2CINT1A_ISR              
0     0031c0ef  _I2CINT2A_ISR              
1     00007900  _I2caRegs                  
1     0000c0e2  _I2nd                      
1     0000c0e0  _I3rd                      
0     0031bedd  _ILLEGAL_ISR               
0     0031bea1  _INT13_ISR                 
0     0031beab  _INT14_ISR                 
1     0000c0de  _I_out                     
1     0000c0da  _I_pri                     
0     0031d627  _InitAdc                   
0     0031d54f  _InitCpuTimers             
0     00008000  _InitFlash                 
0     0031c1b7  _InitGpio                  
0     0031cdd9  _InitPeripheralClocks      
0     0031d7aa  _InitPieCtrl               
0     0031cd88  _InitPll                   
0     0031cd6d  _InitSysCtrl               
0     0031c5ce  _InitWatchDog              
0     0031c39d  _InitXintf                 
0     0031cb13  _Init_Filters              
1     0000c104  _IoutOffset1st             
1     0000c106  _IoutOffset2nd             
1     0000c0f8  _IoutOffset3rd             
1     0000c100  _IoutOffset4th             
1     0000c102  _IoutScale1st              
1     0000c108  _IoutScale2nd              
1     0000c0fa  _IoutScale3rd              
1     0000c0fc  _IoutScale4th              
1     0000c038  _Is_Max_Coeff              
1     0000c166  _Is_abc                    
1     0000c15c  _Is_dq                     
1     0000c146  _Is_mag                    
1     0000c156  _Is_mag_rms                
1     0000c154  _Is_max                    
0     0031b4f6  _LPF1                      
0     0031cab6  _LPF_2nd                   
0     0031ca2a  _LPF_2nd_INIT              
1     0000c710  _LPF_I_u_K                 
1     0000c6e8  _LPF_I_u_in                
1     0000c6d6  _LPF_I_u_out               
1     0000c6c0  _LPF_I_uvw_cutoff_freq     
1     0000c6f4  _LPF_I_v_K                 
1     0000c6c4  _LPF_I_v_in                
1     0000c6d0  _LPF_I_v_out               
1     0000c700  _LPF_I_w_K                 
1     0000c6ca  _LPF_I_w_in                
1     0000c6ee  _LPF_I_w_out               
1     0000c708  _LPF_Vdc_K                 
1     0000c6c2  _LPF_Vdc_cutoff_freq       
1     0000c6e2  _LPF_Vdc_in                
1     0000c6dc  _LPF_Vdc_out               
0     0031c199  _LUF_ISR                   
0     0031c18f  _LVF_ISR                   
1     0000c02a  _MAX_PWM_CNT               
0     0031c095  _MRINTA_ISR                
0     0031c081  _MRINTB_ISR                
0     0031c09f  _MXINTA_ISR                
0     0031c08b  _MXINTB_ISR                
0     0031b816  _MainPWM                   
1     00005000  _McbspaRegs                
1     00005040  _McbspbRegs                
0     0031d9a6  _MemCopy                   
1     0000c1d8  _MonitorMsg                
0     0031bed3  _NMI_ISR                   
0     0031b513  _Nop                       
1     0000c112  _OC_Timer                  
1     0000c132  _OverCurLimit              
0     0031c1a3  _PIE_RESERVED              
0     0031b516  _PI_Damp_Controller        
1     0000c53b  _PartIdRegs                
1     00000ce0  _PieCtrlRegs               
1     00000d00  _PieVectTable              
0     00338dd8  _PieVectTableInit          
0     0031b577  _PowerOnReset              
1     0000c10e  _Power_out                 
1     0000c142  _RMS_Ia                    
1     0000c14c  _RMS_Ib                    
0     0031bebf  _RTOSINT_ISR               
0     0031da4d  _RamfuncsLoadEnd           
0     0031da2e  _RamfuncsLoadStart         
0     00008000  _RamfuncsRunStart          
0     0031af98  _ReadTripString            
0     0031c10d  _SCIRXINTA_ISR             
0     0031c121  _SCIRXINTB_ISR             
0     0031c0f9  _SCIRXINTC_ISR             
0     0031c117  _SCITXINTA_ISR             
0     0031c12b  _SCITXINTB_ISR             
0     0031c103  _SCITXINTC_ISR             
0     0031bf5f  _SEQ1INT_ISR               
0     0031bf69  _SEQ2INT_ISR               
0     0031c06d  _SPIRXINTA_ISR             
0     0031c077  _SPITXINTA_ISR             
0     0031b26d  _SaveDataProc              
0     0031afc0  _SaveTripDataToEeprom      
1     00007050  _SciaRegs                  
1     00007750  _ScibRegs                  
1     00007770  _ScicRegs                  
0     0031cd76  _ServiceDog                
0     0031b576  _SetSensorOffset           
1     0000c122  _SinTheta                  
1     00007040  _SpiaRegs                  
1     00007010  _SysCtrlRegs               
0     0031bf91  _TINT0_ISR                 
1     0000c180  _TimeInput                 
1     0000c280  _TripInfo                  
1     0000c300  _TripInfoNow               
0     0031ade1  _TripProc                  
1     0000c148  _Ts                        
0     0031bf41  _USER10_ISR                
0     0031bf4b  _USER11_ISR                
0     0031bf55  _USER12_ISR                
0     0031bee7  _USER1_ISR                 
0     0031bef1  _USER2_ISR                 
0     0031befb  _USER3_ISR                 
0     0031bf05  _USER4_ISR                 
0     0031bf0f  _USER5_ISR                 
0     0031bf19  _USER6_ISR                 
0     0031bf23  _USER7_ISR                 
0     0031bf2d  _USER8_ISR                 
0     0031bf37  _USER9_ISR                 
1     0000c150  _Vdc                       
1     0000c0e8  _VdcOffset                 
1     0000c0e4  _VdcScale                  
1     0000c0dc  _Vout                      
1     0000c0ea  _VoutOffset                
1     0000c0ec  _VoutScale                 
1     0000c152  _Vs_max                    
0     0031bf9b  _WAKEINT_ISR               
0     0031cc0f  _WriteTimeToDS1307         
0     0031af60  _WriteTripString           
0     0031bf73  _XINT1_ISR                 
0     0031bf7d  _XINT2_ISR                 
0     0031c15d  _XINT3_ISR                 
0     0031c167  _XINT4_ISR                 
0     0031c171  _XINT5_ISR                 
0     0031c17b  _XINT6_ISR                 
0     0031c185  _XINT7_ISR                 
1     00007070  _XIntruptRegs              
1     00000b20  _XintfRegs                 
0     00004000  _ZONE0_BUF                 
0     00100000  _ZONE6_BUF                 
0     00200000  _ZONE7_BUF                 
1     00000700  __STACK_END                
abs   00000300  __STACK_SIZE               
abs   00000300  __SYSMEM_SIZE              
1     0000c530  ___TI_cleanup_ptr          
1     0000c532  ___TI_dtors_ptr            
0     00319a2a  ___TI_printfi              
abs   ffffffff  ___binit__                 
abs   ffffffff  ___c_args__                
0     0033918a  ___cinit__                 
0     0031da2e  ___etext__                 
abs   ffffffff  ___pinit__                 
0     00318000  ___text__                  
0     0031d946  __args_main                
0     00338cd6  __ctypes_                  
1     0000c53e  __lock                     
0     0031da0b  __nop                      
0     0031da07  __register_lock            
0     0031da03  __register_unlock          
1     00000400  __stack                    
1     0000c718  __sys_memory               
1     0000c5e4  __unlock                   
0     0031d95f  _abort                     
1     0000c000  _adcI2nd                   
1     0000c00d  _adcI3rd                   
1     0000c00c  _adcI_out                  
1     0000c00e  _adcI_pri                  
1     0000c18d  _adc_result                
1     0000c04a  _allDeadTime               
1     0000c050  _analog_cmd_in_span1       
1     0000c046  _analog_cmd_in_span2       
1     0000c04c  _analog_cmd_in_zero1       
1     0000c048  _analog_cmd_in_zero2       
0     0031d665  _analog_cmd_proc           
0     0031d67c  _analog_out_proc           
1     0000c0d2  _analog_ref_a              
1     0000c0d0  _analog_ref_b              
0     0031da2a  _atof                      
0     0031d6f7  _atoi                      
0     0031b1d8  _backup_data_load          
0     0031d67d  _c_int00                   
0     0031c7b3  _calloc                    
0     0031b14d  _check_backup_data         
0     0031bdd2  _check_code_data           
0     0031c7b1  _chkheap                   
1     0000c044  _codeAnalogOutOffset1      
1     0000c052  _codeAnalogOutOffset2      
1     0000c03e  _codeAnalogOutSpan1        
1     0000c054  _codeAnalogOutSpan2        
1     0000c040  _codeAnalogOutZero1        
1     0000c04e  _codeAnalogOutZero2        
1     0000c066  _codeAnalogSelect1         
1     0000c062  _codeAnalogSelect2         
1     0000c0b4  _codeIAdcOffset1st         
1     0000c0ae  _codeIAdcOffset2nd         
1     0000c0a0  _codeIAdcOffset3rd         
1     0000c0a6  _codeIAdcOffsetOut         
1     0000c0ac  _codeISpan1st              
1     0000c0b2  _codeISpan2nd              
1     0000c0a8  _codeISpan3rd              
1     0000c0aa  _codeISpanOut              
1     0000c0be  _codeIValue1st             
1     0000c078  _codeIValue2nd             
1     0000c07e  _codeIValue3rd             
1     0000c074  _codeIValueOut             
1     0000c138  _codeInitTime              
1     0000c058  _codeOCLevel1st            
1     0000c056  _codeOCLevel2nd            
1     0000c05c  _codeOCLevel3rd            
1     0000c05a  _codeOCLevelOut            
1     0000c13e  _codePwmPhaseInit          
1     0000c021  _codeSetPulseNumber        
1     0000c0a4  _codeSwitFreq              
1     0000c09c  _codeVdcOffset             
1     0000c09e  _codeVdcSpan               
1     0000c0b0  _codeVoutOffset            
1     0000c0a2  _codeVoutSpan              
1     0000c02b  _code_AdcOffsetCh6         
1     0000c130  _code_I_out_ref            
1     0000c0c6  _code_Ki                   
1     0000c0cc  _code_Kp                   
1     0000c02c  _code_OC_time              
1     0000c06c  _code_Vdc_calc_high        
1     0000c07a  _code_Vdc_calc_low         
1     0000c126  _code_Vdc_set_value        
1     0000c136  _code_Vout                 
1     0000c134  _code_VoutLimit            
1     0000c07c  _code_Vout_calc_high       
1     0000c06a  _code_Vout_calc_low        
1     0000c14a  _code_accel_time1          
1     0000c036  _code_accel_time2          
1     0000c06e  _code_adcIout1st           
1     0000c070  _code_adcIout2nd           
1     0000c092  _code_adcIout3rd           
1     0000c098  _code_adcIout4th           
1     0000c08e  _code_adcIout5th           
1     0000c068  _code_adc_Vout_high        
1     0000c072  _code_adc_Vout_low         
1     0000c080  _code_adc_vdc_high         
1     0000c076  _code_adc_vdc_low          
1     0000c090  _code_calIout1st           
1     0000c09a  _code_calIout2nd           
1     0000c094  _code_calIout3rd           
1     0000c086  _code_calIout4th           
1     0000c08c  _code_calIout5th           
1     0000c023  _code_ctrl_mode            
1     0000c0c8  _code_dac_offset_ch1       
1     0000c0c0  _code_dac_offset_ch2       
1     0000c0b8  _code_dac_offset_ch3       
1     0000c0bc  _code_dac_offset_ch4       
1     0000c0ce  _code_dac_scale_ch1        
1     0000c0ba  _code_dac_scale_ch2        
1     0000c0b6  _code_dac_scale_ch3        
1     0000c0ca  _code_dac_scale_ch4        
1     0000c01c  _code_dac_select_ch1       
1     0000c019  _code_dac_select_ch2       
1     0000c001  _code_dac_select_ch3       
1     0000c008  _code_dac_select_ch4       
1     0000c030  _code_decel_time1          
1     0000c064  _code_decel_time2          
1     0000c200  _code_inform               
1     0000c0c2  _code_integLimit           
1     0000c13c  _code_ovpTime              
1     0000c0c4  _code_phaseMax             
1     0000c015  _code_protect_IGBT_off     
1     0000c010  _code_protect_Iadc_off     
1     0000c014  _code_protect_ex_trip_off  
1     0000c01d  _code_protect_inhibit_on   
1     0000c013  _code_protect_ov_off       
1     0000c011  _code_protect_over_I_off   
1     0000c012  _code_protect_uv_off       
1     0000c042  _code_rate_current         
1     0000c02e  _code_rate_hz              
1     0000c03c  _code_rate_power           
1     0000c03a  _code_rate_volt            
1     0000c00f  _code_run_input_select     
1     0000c022  _code_set_Vdc_on           
1     0000c05e  _code_speed2               
1     0000c124  _code_testPwmPhase         
1     0000c032  _code_under_volt_set       
0     0031d446  _cpu_timer0_isr            
1     0000c11c  _ctrlError                 
1     0000c11a  _ctrlIntegral              
1     0000c0d4  _dac_ch0_unit_count_value  
1     0000c0d8  _dac_ch1_unit_count_value  
1     0000c0d6  _dac_ch2_unit_count_value  
1     0000c0f0  _dac_ch3_unit_count_value  
1     0000c380  _dac_point                 
0     0031bd5f  _data_over_proc            
0     0031bd15  _data_under_proc           
1     0000c01a  _debug1                    
1     0000c006  _debug_count               
0     0031b593  _delay_msecs               
1     0000c003  _digital_input             
0     0031d7d2  _digital_input_proc        
0     00319b45  _epwmFullBridgeDisable     
0     00319b2f  _epwmFullBridgeEnable      
1     0000c5ec  _errno                     
0     0031d961  _exit                      
0     0031c5e8  _free                      
0     0031c793  _free_memory               
1     0000c12e  _frequency                 
0     0031d990  _frexp                     
1     0000c13a  _func_flag                 
1     0000c009  _gMachineState             
1     0000c020  _gPWMTripCode              
1     0000c029  _gRunFlag                  
1     0000c002  _gSciInFlag                
1     0000c19d  _gSciaRxBuf                
1     0000c1c0  _gSciaTxBuf                
1     0000c240  _gStr1                     
1     0000c16c  _gStr2                     
1     0000c027  _gTripFlag                 
1     0000c028  _gTripSaveFlag             
0     0031b644  _get_adc_offset            
0     0031b7b6  _get_adc_vdc_high          
0     0031b75a  _get_adc_vdc_low           
0     00318000  _get_code_group0           
0     003182ac  _get_code_group1           
0     0031846d  _get_code_group2           
0     00318654  _get_code_group3           
0     00318704  _get_code_group4           
0     003188de  _get_code_group5           
0     003189b8  _get_code_group6           
0     00318ba3  _get_code_group7           
0     00318ec7  _get_code_group8           
0     0031b0c4  _get_code_information      
0     0031b5c9  _get_command               
0     0031bc30  _get_eprom_address         
1     0000c144  _gfRunTime                 
1     0000c00a  _giAdcVdc                  
0     0031b5bd  _iGetAinCmd                
1     0000c005  _igbt_fault_input          
0     00319ca9  _initEpwmFullBridge        
0     00319b61  _initVariFullbridgeCtrl    
1     0000c01b  _init_charge_flag          
0     0031b439  _init_eprom_data           
1     0000c14e  _inv_Ts                    
1     0000c0ee  _inv_code_dac_scale_ch1    
1     0000c0f2  _inv_code_dac_scale_ch2    
1     0000c0f6  _inv_code_dac_scale_ch3    
1     0000c0f4  _inv_code_dac_scale_ch4    
0     0031bda9  _invalid_address_proc      
0     0031d6c3  _ldexp                     
0     0031b4b5  _linear_eq                 
0     0031be24  _load_code2ram             
0     0031cf5c  _load_sci_tx_mail_box      
0     0031a72e  _load_scib_tx_mail_box     
0     0031a709  _load_scib_tx_mail_box_char
0     0031a1b5  _load_scic_tx_mail_box     
0     0031a190  _load_scic_tx_mail_box_char
1     0000c5e6  _lpfI_out                  
0     0031d728  _ltoa                      
0     0031c3ef  _main                      
0     0031c653  _malloc                    
0     0031c770  _max_free                  
0     0031d9dd  _memccpy                   
0     0031d8b7  _memcpy                    
0     0031d9eb  _memset                    
0     0031c62e  _minit                     
0     00319fce  _mode2LoopCtrl             
0     00319db7  _mode3Current_P_I_LoopCtrl 
0     00319ede  _mode8LoopCtrl             
0     0031d92a  _modf                      
1     0000c176  _monitor                   
0     0031ce7f  _monitorPrint              
0     0031cf19  _monitor_proc              
1     0000c114  _nativeI2nd                
1     0000c118  _nativeI3rd                
1     0000c0fe  _nativeI_out               
1     0000c116  _nativeI_pri               
1     0000c034  _over_volt_set             
1     0000c110  _ovpTimer                  
0     0031b5a8  _periodic_check            
1     0000c10a  _phaseShiftRatio           
1     0000c0e6  _phaseVref                 
1     0000c536  _phase_ratio               
1     0000c10c  _preIntegral               
1     0000c017  _protect_reg               
0     00319da8  _pwmPulseTest              
0     0031a050  _pwmPulseTestLoopCtrl      
1     0000c060  _rDeadTime                 
0     0031d1e7  _ramp_proc                 
0     0031bccd  _read_eprom_data           
0     0031c6b4  _realloc                   
1     0000c11e  _ref_time                  
1     0000c140  _refer_in0                 
1     0000c12a  _reference_in              
1     0000c128  _reference_out             
1     0000c00b  _relay_flag                
0     0031c1ad  _rsvd_ISR                  
0     0031b19b  _save_backup_data          
0     0031d093  _scibRxFifoIsr             
0     0031d037  _scibTxFifoIsr             
0     0031a74a  _scib_cmd_proc             
0     0031a6ba  _scib_fifo_init            
1     0000c541  _scib_rx_end_addr          
1     0000c55b  _scib_rx_msg_box           
1     0000c01e  _scib_rx_msg_flag          
1     0000c540  _scib_rx_start_addr        
1     0000c544  _scib_tx_end_addr          
0     0031a6f4  _scib_tx_msg               
1     0000c580  _scib_tx_msg_box           
1     0000c545  _scib_tx_start_addr        
0     0031d16b  _scicRxFifoIsr             
0     0031d10f  _scicTxFifoIsr             
0     0031a1d1  _scic_cmd_proc             
0     0031a141  _scic_fifo_init            
1     0000c604  _scic_rx_end_addr          
1     0000c61b  _scic_rx_msg_box           
1     0000c01f  _scic_rx_msg_flag          
1     0000c603  _scic_rx_start_addr        
1     0000c600  _scic_tx_end_addr          
0     0031a17b  _scic_tx_msg               
1     0000c640  _scic_tx_msg_box           
1     0000c605  _scic_tx_start_addr        
0     0031cf88  _sendAllCodeData           
0     0031cf68  _serial_com_proc           
0     0031b12d  _set_code_default_double   
0     0031b114  _set_code_default_int      
0     0031d5ca  _snprintf                  
0     0031d9f7  _strchr                    
0     0031da25  _strcpy                    
0     0031da1d  _strlen                    
0     0031d87a  _strncpy                   
0     0031c908  _strtod                    
1     0000c016  _terminal_input_state      
1     0000c007  _test_pulse_count          
1     0000c12c  _theta                     
1     0000c08a  _time_t                    
1     0000c004  _timer0_count              
0     0031adbf  _trip_check                
0     0031abb6  _trip_recording            
0     0031b58f  _ulGetNow_mSec             
0     0031b578  _ulGetTime_mSec            
0     0031d9bb  _wakeint_isr               
0     0031bc95  _write_code_2_eeprom       
1     0000c018  _xcon_data                 
abs   ffffffff  binit                      
0     0033918a  cinit                      
0     0033fff6  code_start                 
0     0031da2e  etext                      
abs   ffffffff  pinit                      


GLOBAL SYMBOLS: SORTED BY Symbol Address 

page  address   name                       
----  -------   ----                       
0     00004000  _ZONE0_BUF                 
0     00008000  _InitFlash                 
0     00008000  _RamfuncsRunStart          
0     0000801b  _DSP28x_usDelay            
0     00100000  _ZONE6_BUF                 
0     00200000  _ZONE7_BUF                 
0     00318000  .text                      
0     00318000  ___text__                  
0     00318000  _get_code_group0           
0     003182ac  _get_code_group1           
0     0031846d  _get_code_group2           
0     00318654  _get_code_group3           
0     00318704  _get_code_group4           
0     003188de  _get_code_group5           
0     003189b8  _get_code_group6           
0     00318ba3  _get_code_group7           
0     00318ec7  _get_code_group8           
0     00319a2a  ___TI_printfi              
0     00319b2f  _epwmFullBridgeEnable      
0     00319b45  _epwmFullBridgeDisable     
0     00319b61  _initVariFullbridgeCtrl    
0     00319ca9  _initEpwmFullBridge        
0     00319da8  _pwmPulseTest              
0     00319db7  _mode3Current_P_I_LoopCtrl 
0     00319ede  _mode8LoopCtrl             
0     00319fce  _mode2LoopCtrl             
0     0031a050  _pwmPulseTestLoopCtrl      
0     0031a141  _scic_fifo_init            
0     0031a17b  _scic_tx_msg               
0     0031a190  _load_scic_tx_mail_box_char
0     0031a1b5  _load_scic_tx_mail_box     
0     0031a1d1  _scic_cmd_proc             
0     0031a6ba  _scib_fifo_init            
0     0031a6f4  _scib_tx_msg               
0     0031a709  _load_scib_tx_mail_box_char
0     0031a72e  _load_scib_tx_mail_box     
0     0031a74a  _scib_cmd_proc             
0     0031abb6  _trip_recording            
0     0031abeb  _CheckOverCurrent          
0     0031ac90  _CheckOverVolt             
0     0031acb9  _CheckOVP                  
0     0031ad03  _CheckUndeVolt             
0     0031ad3b  _CheckIGBTFault            
0     0031ada2  _CheckOverHeat             
0     0031adbf  _trip_check                
0     0031ade1  _TripProc                  
0     0031ae8e  _GetTripInfo               
0     0031af60  _WriteTripString           
0     0031af98  _ReadTripString            
0     0031afc0  _SaveTripDataToEeprom      
0     0031b04b  _ClearTripDataToEeprom     
0     0031b0c4  _get_code_information      
0     0031b114  _set_code_default_int      
0     0031b12d  _set_code_default_double   
0     0031b14d  _check_backup_data         
0     0031b19b  _save_backup_data          
0     0031b1d8  _backup_data_load          
0     0031b22f  _CheckSum                  
0     0031b231  _CheckSum_bk               
0     0031b26d  _SaveDataProc              
0     0031b439  _init_eprom_data           
0     0031b4b5  _linear_eq                 
0     0031b4f6  _LPF1                      
0     0031b513  _Nop                       
0     0031b516  _PI_Damp_Controller        
0     0031b576  _SetSensorOffset           
0     0031b577  _PowerOnReset              
0     0031b578  _ulGetTime_mSec            
0     0031b58f  _ulGetNow_mSec             
0     0031b593  _delay_msecs               
0     0031b5a8  _periodic_check            
0     0031b5bd  _iGetAinCmd                
0     0031b5c9  _get_command               
0     0031b644  _get_adc_offset            
0     0031b75a  _get_adc_vdc_low           
0     0031b7b6  _get_adc_vdc_high          
0     0031b816  _MainPWM                   
0     0031bb63  _I2CA_Init                 
0     0031bb75  _I2CA_WriteData            
0     0031bbcb  _I2CA_ReadData             
0     0031bc30  _get_eprom_address         
0     0031bc95  _write_code_2_eeprom       
0     0031bccd  _read_eprom_data           
0     0031bd15  _data_under_proc           
0     0031bd5f  _data_over_proc            
0     0031bda9  _invalid_address_proc      
0     0031bdd2  _check_code_data           
0     0031be24  _load_code2ram             
0     0031bea1  _INT13_ISR                 
0     0031beab  _INT14_ISR                 
0     0031beb5  _DATALOG_ISR               
0     0031bebf  _RTOSINT_ISR               
0     0031bec9  _EMUINT_ISR                
0     0031bed3  _NMI_ISR                   
0     0031bedd  _ILLEGAL_ISR               
0     0031bee7  _USER1_ISR                 
0     0031bef1  _USER2_ISR                 
0     0031befb  _USER3_ISR                 
0     0031bf05  _USER4_ISR                 
0     0031bf0f  _USER5_ISR                 
0     0031bf19  _USER6_ISR                 
0     0031bf23  _USER7_ISR                 
0     0031bf2d  _USER8_ISR                 
0     0031bf37  _USER9_ISR                 
0     0031bf41  _USER10_ISR                
0     0031bf4b  _USER11_ISR                
0     0031bf55  _USER12_ISR                
0     0031bf5f  _SEQ1INT_ISR               
0     0031bf69  _SEQ2INT_ISR               
0     0031bf73  _XINT1_ISR                 
0     0031bf7d  _XINT2_ISR                 
0     0031bf87  _ADCINT_ISR                
0     0031bf91  _TINT0_ISR                 
0     0031bf9b  _WAKEINT_ISR               
0     0031bfa5  _EPWM1_TZINT_ISR           
0     0031bfaf  _EPWM2_TZINT_ISR           
0     0031bfb9  _EPWM3_TZINT_ISR           
0     0031bfc3  _EPWM4_TZINT_ISR           
0     0031bfcd  _EPWM5_TZINT_ISR           
0     0031bfd7  _EPWM6_TZINT_ISR           
0     0031bfe1  _EPWM1_INT_ISR             
0     0031bfeb  _EPWM2_INT_ISR             
0     0031bff5  _EPWM3_INT_ISR             
0     0031bfff  _EPWM4_INT_ISR             
0     0031c009  _EPWM5_INT_ISR             
0     0031c013  _EPWM6_INT_ISR             
0     0031c01d  _ECAP1_INT_ISR             
0     0031c027  _ECAP2_INT_ISR             
0     0031c031  _ECAP3_INT_ISR             
0     0031c03b  _ECAP4_INT_ISR             
0     0031c045  _ECAP5_INT_ISR             
0     0031c04f  _ECAP6_INT_ISR             
0     0031c059  _EQEP1_INT_ISR             
0     0031c063  _EQEP2_INT_ISR             
0     0031c06d  _SPIRXINTA_ISR             
0     0031c077  _SPITXINTA_ISR             
0     0031c081  _MRINTB_ISR                
0     0031c08b  _MXINTB_ISR                
0     0031c095  _MRINTA_ISR                
0     0031c09f  _MXINTA_ISR                
0     0031c0a9  _DINTCH1_ISR               
0     0031c0b3  _DINTCH2_ISR               
0     0031c0bd  _DINTCH3_ISR               
0     0031c0c7  _DINTCH4_ISR               
0     0031c0d1  _DINTCH5_ISR               
0     0031c0db  _DINTCH6_ISR               
0     0031c0e5  _I2CINT1A_ISR              
0     0031c0ef  _I2CINT2A_ISR              
0     0031c0f9  _SCIRXINTC_ISR             
0     0031c103  _SCITXINTC_ISR             
0     0031c10d  _SCIRXINTA_ISR             
0     0031c117  _SCITXINTA_ISR             
0     0031c121  _SCIRXINTB_ISR             
0     0031c12b  _SCITXINTB_ISR             
0     0031c135  _ECAN0INTA_ISR             
0     0031c13f  _ECAN1INTA_ISR             
0     0031c149  _ECAN0INTB_ISR             
0     0031c153  _ECAN1INTB_ISR             
0     0031c15d  _XINT3_ISR                 
0     0031c167  _XINT4_ISR                 
0     0031c171  _XINT5_ISR                 
0     0031c17b  _XINT6_ISR                 
0     0031c185  _XINT7_ISR                 
0     0031c18f  _LVF_ISR                   
0     0031c199  _LUF_ISR                   
0     0031c1a3  _PIE_RESERVED              
0     0031c1ad  _rsvd_ISR                  
0     0031c1b7  _InitGpio                  
0     0031c39d  _InitXintf                 
0     0031c3ef  _main                      
0     0031c5ce  _InitWatchDog              
0     0031c5e8  _free                      
0     0031c62e  _minit                     
0     0031c653  _malloc                    
0     0031c6b4  _realloc                   
0     0031c770  _max_free                  
0     0031c793  _free_memory               
0     0031c7b1  _chkheap                   
0     0031c7b3  _calloc                    
0     0031c7ca  _Adc_Isr                   
0     0031c908  _strtod                    
0     0031ca2a  _LPF_2nd_INIT              
0     0031cab6  _LPF_2nd                   
0     0031cb13  _Init_Filters              
0     0031cb49  _DS1307WriteData           
0     0031cb6d  _DS1307ReadData            
0     0031cb97  _GetTimeAndDateStr         
0     0031cc0f  _WriteTimeToDS1307         
0     0031cc66  LL$$DIV                    
0     0031cca2  LL$$MOD                    
0     0031ccdc  ULL$$DIV                   
0     0031cd0b  ULL$$MOD                   
0     0031cd6d  _InitSysCtrl               
0     0031cd76  _ServiceDog                
0     0031cd80  _DisableDog                
0     0031cd88  _InitPll                   
0     0031cdd9  _InitPeripheralClocks      
0     0031ce34  _CsmUnlock                 
0     0031ce7f  _monitorPrint              
0     0031cf19  _monitor_proc              
0     0031cf53  _GetInputMark              
0     0031cf5c  _load_sci_tx_mail_box      
0     0031cf68  _serial_com_proc           
0     0031cf88  _sendAllCodeData           
0     0031d037  _scibTxFifoIsr             
0     0031d093  _scibRxFifoIsr             
0     0031d10f  _scicTxFifoIsr             
0     0031d16b  _scicRxFifoIsr             
0     0031d1e7  _ramp_proc                 
0     0031d297  FD$$ADD                    
0     0031d333  FD$$DIV                    
0     0031d3be  FS$$DIV                    
0     0031d446  _cpu_timer0_isr            
0     0031d4cc  FD$$MPY                    
0     0031d54f  _InitCpuTimers             
0     0031d590  _ConfigCpuTimer            
0     0031d5ca  _snprintf                  
0     0031d627  _InitAdc                   
0     0031d665  _analog_cmd_proc           
0     0031d67c  _analog_out_proc           
0     0031d67d  _c_int00                   
0     0031d6c3  _ldexp                     
0     0031d6f7  _atoi                      
0     0031d728  _ltoa                      
0     0031d756  FD$$CMP                    
0     0031d780  L$$DIV                     
0     0031d78f  L$$MOD                     
0     0031d79d  UL$$DIV                    
0     0031d7a4  UL$$MOD                    
0     0031d7aa  _InitPieCtrl               
0     0031d7c9  _EnableInterrupts          
0     0031d7d2  _digital_input_proc        
0     0031d7f5  FD$$TOFS                   
0     0031d818  I$$DIV                     
0     0031d829  I$$MOD                     
0     0031d83a  FD$$TOI                    
0     0031d85b  FD$$TOL                    
0     0031d87a  _strncpy                   
0     0031d899  LL$$CMP                    
0     0031d8ab  ULL$$CMP                   
0     0031d8b7  _memcpy                    
0     0031d8d5  I$$TOFD                    
0     0031d8f2  FS$$TOFD                   
0     0031d90e  L$$TOFD                    
0     0031d92a  _modf                      
0     0031d946  __args_main                
0     0031d95f  C$$EXIT                    
0     0031d95f  _abort                     
0     0031d961  _exit                      
0     0031d978  LL$$AND                    
0     0031d980  LL$$OR                     
0     0031d988  LL$$XOR                    
0     0031d990  _frexp                     
0     0031d9a6  _MemCopy                   
0     0031d9bb  _wakeint_isr               
0     0031d9cf  FD$$SUB                    
0     0031d9dd  _memccpy                   
0     0031d9eb  _memset                    
0     0031d9f7  _strchr                    
0     0031da03  __register_unlock          
0     0031da07  __register_lock            
0     0031da0b  __nop                      
0     0031da0c  FD$$NEG                    
0     0031da1d  _strlen                    
0     0031da25  _strcpy                    
0     0031da2a  _atof                      
0     0031da2e  _RamfuncsLoadStart         
0     0031da2e  ___etext__                 
0     0031da2e  etext                      
0     0031da4d  _RamfuncsLoadEnd           
0     00338cd6  __ctypes_                  
0     00338dd8  _PieVectTableInit          
0     0033918a  ___cinit__                 
0     0033918a  cinit                      
0     0033fff6  code_start                 
0     00380080  _ADC_cal                   
1     00000400  __stack                    
1     00000700  __STACK_END                
1     00000880  _DevEmuRegs                
1     00000a80  _FlashRegs                 
1     00000ae0  _CsmRegs                   
1     00000b00  _AdcMirror                 
1     00000b20  _XintfRegs                 
1     00000c00  _CpuTimer0Regs             
1     00000c08  _CpuTimer1Regs             
1     00000c10  _CpuTimer2Regs             
1     00000ce0  _PieCtrlRegs               
1     00000d00  _PieVectTable              
1     00001000  _DmaRegs                   
1     00005000  _McbspaRegs                
1     00005040  _McbspbRegs                
1     00006000  _ECanaRegs                 
1     00006040  _ECanaLAMRegs              
1     00006080  _ECanaMOTSRegs             
1     000060c0  _ECanaMOTORegs             
1     00006100  _ECanaMboxes               
1     00006200  _ECanbRegs                 
1     00006240  _ECanbLAMRegs              
1     00006280  _ECanbMOTSRegs             
1     000062c0  _ECanbMOTORegs             
1     00006300  _ECanbMboxes               
1     00006800  _EPwm1Regs                 
1     00006840  _EPwm2Regs                 
1     00006880  _EPwm3Regs                 
1     000068c0  _EPwm4Regs                 
1     00006900  _EPwm5Regs                 
1     00006940  _EPwm6Regs                 
1     00006a00  _ECap1Regs                 
1     00006a20  _ECap2Regs                 
1     00006a40  _ECap3Regs                 
1     00006a60  _ECap4Regs                 
1     00006a80  _ECap5Regs                 
1     00006aa0  _ECap6Regs                 
1     00006b00  _EQep1Regs                 
1     00006b40  _EQep2Regs                 
1     00006f80  _GpioCtrlRegs              
1     00006fc0  _GpioDataRegs              
1     00006fe0  _GpioIntRegs               
1     00007010  _SysCtrlRegs               
1     00007040  _SpiaRegs                  
1     00007050  _SciaRegs                  
1     00007070  _XIntruptRegs              
1     00007100  _AdcRegs                   
1     00007750  _ScibRegs                  
1     00007770  _ScicRegs                  
1     00007900  _I2caRegs                  
1     0000c000  _adcI2nd                   
1     0000c001  _code_dac_select_ch3       
1     0000c002  _gSciInFlag                
1     0000c003  _digital_input             
1     0000c004  _timer0_count              
1     0000c005  _igbt_fault_input          
1     0000c006  _debug_count               
1     0000c007  _test_pulse_count          
1     0000c008  _code_dac_select_ch4       
1     0000c009  _gMachineState             
1     0000c00a  _giAdcVdc                  
1     0000c00b  _relay_flag                
1     0000c00c  _adcI_out                  
1     0000c00d  _adcI3rd                   
1     0000c00e  _adcI_pri                  
1     0000c00f  _code_run_input_select     
1     0000c010  _code_protect_Iadc_off     
1     0000c011  _code_protect_over_I_off   
1     0000c012  _code_protect_uv_off       
1     0000c013  _code_protect_ov_off       
1     0000c014  _code_protect_ex_trip_off  
1     0000c015  _code_protect_IGBT_off     
1     0000c016  _terminal_input_state      
1     0000c017  _protect_reg               
1     0000c018  _xcon_data                 
1     0000c019  _code_dac_select_ch2       
1     0000c01a  _debug1                    
1     0000c01b  _init_charge_flag          
1     0000c01c  _code_dac_select_ch1       
1     0000c01d  _code_protect_inhibit_on   
1     0000c01e  _scib_rx_msg_flag          
1     0000c01f  _scic_rx_msg_flag          
1     0000c020  _gPWMTripCode              
1     0000c021  _codeSetPulseNumber        
1     0000c022  _code_set_Vdc_on           
1     0000c023  _code_ctrl_mode            
1     0000c025  _Flag_TripDataBackup       
1     0000c026  _EepromSaveFlag            
1     0000c027  _gTripFlag                 
1     0000c028  _gTripSaveFlag             
1     0000c029  _gRunFlag                  
1     0000c02a  _MAX_PWM_CNT               
1     0000c02b  _code_AdcOffsetCh6         
1     0000c02c  _code_OC_time              
1     0000c02e  _code_rate_hz              
1     0000c030  _code_decel_time1          
1     0000c032  _code_under_volt_set       
1     0000c034  _over_volt_set             
1     0000c036  _code_accel_time2          
1     0000c038  _Is_Max_Coeff              
1     0000c03a  _code_rate_volt            
1     0000c03c  _code_rate_power           
1     0000c03e  _codeAnalogOutSpan1        
1     0000c040  _codeAnalogOutZero1        
1     0000c042  _code_rate_current         
1     0000c044  _codeAnalogOutOffset1      
1     0000c046  _analog_cmd_in_span2       
1     0000c048  _analog_cmd_in_zero2       
1     0000c04a  _allDeadTime               
1     0000c04c  _analog_cmd_in_zero1       
1     0000c04e  _codeAnalogOutZero2        
1     0000c050  _analog_cmd_in_span1       
1     0000c052  _codeAnalogOutOffset2      
1     0000c054  _codeAnalogOutSpan2        
1     0000c056  _codeOCLevel2nd            
1     0000c058  _codeOCLevel1st            
1     0000c05a  _codeOCLevelOut            
1     0000c05c  _codeOCLevel3rd            
1     0000c05e  _code_speed2               
1     0000c060  _rDeadTime                 
1     0000c062  _codeAnalogSelect2         
1     0000c064  _code_decel_time2          
1     0000c066  _codeAnalogSelect1         
1     0000c068  _code_adc_Vout_high        
1     0000c06a  _code_Vout_calc_low        
1     0000c06c  _code_Vdc_calc_high        
1     0000c06e  _code_adcIout1st           
1     0000c070  _code_adcIout2nd           
1     0000c072  _code_adc_Vout_low         
1     0000c074  _codeIValueOut             
1     0000c076  _code_adc_vdc_low          
1     0000c078  _codeIValue2nd             
1     0000c07a  _code_Vdc_calc_low         
1     0000c07c  _code_Vout_calc_high       
1     0000c07e  _codeIValue3rd             
1     0000c080  _code_adc_vdc_high         
1     0000c082  _Data_Check                
1     0000c084  _Data_Backup               
1     0000c086  _code_calIout4th           
1     0000c088  _Data_Init                 
1     0000c08a  _time_t                    
1     0000c08c  _code_calIout5th           
1     0000c08e  _code_adcIout5th           
1     0000c090  _code_calIout1st           
1     0000c092  _code_adcIout3rd           
1     0000c094  _code_calIout3rd           
1     0000c096  _Data_Load                 
1     0000c098  _code_adcIout4th           
1     0000c09a  _code_calIout2nd           
1     0000c09c  _codeVdcOffset             
1     0000c09e  _codeVdcSpan               
1     0000c0a0  _codeIAdcOffset3rd         
1     0000c0a2  _codeVoutSpan              
1     0000c0a4  _codeSwitFreq              
1     0000c0a6  _codeIAdcOffsetOut         
1     0000c0a8  _codeISpan3rd              
1     0000c0aa  _codeISpanOut              
1     0000c0ac  _codeISpan1st              
1     0000c0ae  _codeIAdcOffset2nd         
1     0000c0b0  _codeVoutOffset            
1     0000c0b2  _codeISpan2nd              
1     0000c0b4  _codeIAdcOffset1st         
1     0000c0b6  _code_dac_scale_ch3        
1     0000c0b8  _code_dac_offset_ch3       
1     0000c0ba  _code_dac_scale_ch2        
1     0000c0bc  _code_dac_offset_ch4       
1     0000c0be  _codeIValue1st             
1     0000c0c0  _code_dac_offset_ch2       
1     0000c0c2  _code_integLimit           
1     0000c0c4  _code_phaseMax             
1     0000c0c6  _code_Ki                   
1     0000c0c8  _code_dac_offset_ch1       
1     0000c0ca  _code_dac_scale_ch4        
1     0000c0cc  _code_Kp                   
1     0000c0ce  _code_dac_scale_ch1        
1     0000c0d0  _analog_ref_b              
1     0000c0d2  _analog_ref_a              
1     0000c0d4  _dac_ch0_unit_count_value  
1     0000c0d6  _dac_ch2_unit_count_value  
1     0000c0d8  _dac_ch1_unit_count_value  
1     0000c0da  _I_pri                     
1     0000c0dc  _Vout                      
1     0000c0de  _I_out                     
1     0000c0e0  _I3rd                      
1     0000c0e2  _I2nd                      
1     0000c0e4  _VdcScale                  
1     0000c0e6  _phaseVref                 
1     0000c0e8  _VdcOffset                 
1     0000c0ea  _VoutOffset                
1     0000c0ec  _VoutScale                 
1     0000c0ee  _inv_code_dac_scale_ch1    
1     0000c0f0  _dac_ch3_unit_count_value  
1     0000c0f2  _inv_code_dac_scale_ch2    
1     0000c0f4  _inv_code_dac_scale_ch4    
1     0000c0f6  _inv_code_dac_scale_ch3    
1     0000c0f8  _IoutOffset3rd             
1     0000c0fa  _IoutScale3rd              
1     0000c0fc  _IoutScale4th              
1     0000c0fe  _nativeI_out               
1     0000c100  _IoutOffset4th             
1     0000c102  _IoutScale1st              
1     0000c104  _IoutOffset1st             
1     0000c106  _IoutOffset2nd             
1     0000c108  _IoutScale2nd              
1     0000c10a  _phaseShiftRatio           
1     0000c10c  _preIntegral               
1     0000c10e  _Power_out                 
1     0000c110  _ovpTimer                  
1     0000c112  _OC_Timer                  
1     0000c114  _nativeI2nd                
1     0000c116  _nativeI_pri               
1     0000c118  _nativeI3rd                
1     0000c11a  _ctrlIntegral              
1     0000c11c  _ctrlError                 
1     0000c11e  _ref_time                  
1     0000c120  _CosTheta                  
1     0000c122  _SinTheta                  
1     0000c124  _code_testPwmPhase         
1     0000c126  _code_Vdc_set_value        
1     0000c128  _reference_out             
1     0000c12a  _reference_in              
1     0000c12c  _theta                     
1     0000c12e  _frequency                 
1     0000c130  _code_I_out_ref            
1     0000c132  _OverCurLimit              
1     0000c134  _code_VoutLimit            
1     0000c136  _code_Vout                 
1     0000c138  _codeInitTime              
1     0000c13a  _func_flag                 
1     0000c13c  _code_ovpTime              
1     0000c13e  _codePwmPhaseInit          
1     0000c140  _refer_in0                 
1     0000c142  _RMS_Ia                    
1     0000c144  _gfRunTime                 
1     0000c146  _Is_mag                    
1     0000c148  _Ts                        
1     0000c14a  _code_accel_time1          
1     0000c14c  _RMS_Ib                    
1     0000c14e  _inv_Ts                    
1     0000c150  _Vdc                       
1     0000c152  _Vs_max                    
1     0000c154  _Is_max                    
1     0000c156  _Is_mag_rms                
1     0000c158  _DutyCount                 
1     0000c15c  _Is_dq                     
1     0000c160  _DutyRatio                 
1     0000c166  _Is_abc                    
1     0000c16c  _gStr2                     
1     0000c176  _monitor                   
1     0000c180  _TimeInput                 
1     0000c18d  _adc_result                
1     0000c19d  _gSciaRxBuf                
1     0000c1c0  _gSciaTxBuf                
1     0000c1d8  _MonitorMsg                
1     0000c200  _code_inform               
1     0000c240  _gStr1                     
1     0000c280  _TripInfo                  
1     0000c300  _TripInfoNow               
1     0000c380  _dac_point                 
1     0000c510  _CpuTimer1                 
1     0000c518  _CpuTimer2                 
1     0000c520  _CpuTimer0                 
1     0000c530  ___TI_cleanup_ptr          
1     0000c532  ___TI_dtors_ptr            
1     0000c536  _phase_ratio               
1     0000c53b  _PartIdRegs                
1     0000c53e  __lock                     
1     0000c540  _scib_rx_start_addr        
1     0000c541  _scib_rx_end_addr          
1     0000c544  _scib_tx_end_addr          
1     0000c545  _scib_tx_start_addr        
1     0000c55b  _scib_rx_msg_box           
1     0000c580  _scib_tx_msg_box           
1     0000c5e4  __unlock                   
1     0000c5e6  _lpfI_out                  
1     0000c5ec  _errno                     
1     0000c600  _scic_tx_end_addr          
1     0000c603  _scic_rx_start_addr        
1     0000c604  _scic_rx_end_addr          
1     0000c605  _scic_tx_start_addr        
1     0000c61b  _scic_rx_msg_box           
1     0000c640  _scic_tx_msg_box           
1     0000c6c0  _LPF_I_uvw_cutoff_freq     
1     0000c6c2  _LPF_Vdc_cutoff_freq       
1     0000c6c4  _LPF_I_v_in                
1     0000c6ca  _LPF_I_w_in                
1     0000c6d0  _LPF_I_v_out               
1     0000c6d6  _LPF_I_u_out               
1     0000c6dc  _LPF_Vdc_out               
1     0000c6e2  _LPF_Vdc_in                
1     0000c6e8  _LPF_I_u_in                
1     0000c6ee  _LPF_I_w_out               
1     0000c6f4  _LPF_I_v_K                 
1     0000c700  _LPF_I_w_K                 
1     0000c708  _LPF_Vdc_K                 
1     0000c710  _LPF_I_u_K                 
1     0000c718  __sys_memory               
1     0033fff8  _CsmPwl                    
abs   00000300  __STACK_SIZE               
abs   00000300  __SYSMEM_SIZE              
abs   ffffffff  ___binit__                 
abs   ffffffff  ___c_args__                
abs   ffffffff  ___pinit__                 
abs   ffffffff  binit                      
abs   ffffffff  pinit                      

[581 symbols]
