******************************************************************************
             TMS320C2000 Linker Unix v6.4.6                    
******************************************************************************
>> Linked Wed Nov 18 20:42:28 2015

OUTPUT FILE NAME:   <fullBridge.out>
ENTRY POINT SYMBOL: "_c_int00"  address: 0031d79b


MEMORY CONFIGURATION

         name            origin    length      used     unused   attr    fill
----------------------  --------  ---------  --------  --------  ----  --------
PAGE 0:
  ZONE0                 00004000   00001000  00000100  00000f00  RWIX
  RAML0                 00008000   00001000  0000001f  00000fe1  RWIX
  RAML1                 00009000   00001000  00000000  00001000  RWIX
  RAML2                 0000a000   00001000  00000000  00001000  RWIX
  RAML3                 0000b000   00001000  00000000  00001000  RWIX
  ZONE6                 00100000   00100000  00010000  000f0000  RWIX
  ZONE7A                00200000   0000fc00  00000100  0000fb00  RWIX
  FLASHH                00300000   00008000  00000000  00008000  RWIX
  FLASHG                00308000   00008000  00000000  00008000  RWIX
  FLASHF                00310000   00008000  00000000  00008000  RWIX
  FLASHD                00318000   00010000  00005b70  0000a490  RWIX
  FLASHC                00328000   00008000  00000000  00008000  RWIX
  FLASHA                00338000   00007f80  00001342  00006c3e  RWIX
  CSM_RSVD              0033ff80   00000076  00000000  00000076  RWIX
  BEGIN                 0033fff6   00000002  00000002  00000000  RWIX
  CSM_PWL               0033fff8   00000008  00000000  00000008  RWIX
  ADC_CAL               00380080   00000009  00000007  00000002  RWIX
  OTP                   00380400   00000400  00000000  00000400  RWIX
  IQTABLES              003fe000   00000b50  00000000  00000b50  RWIX
  IQTABLES2             003feb50   0000008c  00000000  0000008c  RWIX
  FPUTABLES             003febdc   000006a0  00000000  000006a0  RWIX
  ROM                   003ff27c   00000d44  00000000  00000d44  RWIX
  RESET                 003fffc0   00000002  00000000  00000002  RWIX
  VECTORS               003fffc2   0000003e  00000000  0000003e  RWIX

PAGE 1:
  BOOT_RSVD             00000000   00000050  00000000  00000050  RWIX
  RAMM0                 00000050   000003b0  00000000  000003b0  RWIX
  RAMM1                 00000400   00000400  00000300  00000100  RWIX
  DEV_EMU               00000880   00000180  000000d0  000000b0  RWIX
  FLASH_REGS            00000a80   00000060  00000008  00000058  RWIX
  CSM                   00000ae0   00000010  00000010  00000000  RWIX
  ADC_MIRROR            00000b00   00000010  00000010  00000000  RWIX
  XINTF                 00000b20   00000020  0000001e  00000002  RWIX
  CPU_TIMER0            00000c00   00000008  00000008  00000000  RWIX
  CPU_TIMER1            00000c08   00000008  00000008  00000000  RWIX
  CPU_TIMER2            00000c10   00000008  00000008  00000000  RWIX
  PIE_CTRL              00000ce0   00000020  0000001a  00000006  RWIX
  PIE_VECT              00000d00   00000100  00000100  00000000  RWIX
  DMA                   00001000   00000200  000000e0  00000120  RWIX
  MCBSPA                00005000   00000040  00000025  0000001b  RWIX
  MCBSPB                00005040   00000040  00000025  0000001b  RWIX
  ECANA                 00006000   00000040  00000034  0000000c  RWIX
  ECANA_LAM             00006040   00000040  00000040  00000000  RWIX
  ECANA_MOTS            00006080   00000040  00000040  00000000  RWIX
  ECANA_MOTO            000060c0   00000040  00000040  00000000  RWIX
  ECANA_MBOX            00006100   00000100  00000100  00000000  RWIX
  ECANB                 00006200   00000040  00000034  0000000c  RWIX
  ECANB_LAM             00006240   00000040  00000040  00000000  RWIX
  ECANB_MOTS            00006280   00000040  00000040  00000000  RWIX
  ECANB_MOTO            000062c0   00000040  00000040  00000000  RWIX
  ECANB_MBOX            00006300   00000100  00000100  00000000  RWIX
  EPWM1                 00006800   00000022  00000022  00000000  RWIX
  EPWM2                 00006840   00000022  00000022  00000000  RWIX
  EPWM3                 00006880   00000022  00000022  00000000  RWIX
  EPWM4                 000068c0   00000022  00000022  00000000  RWIX
  EPWM5                 00006900   00000022  00000022  00000000  RWIX
  EPWM6                 00006940   00000022  00000022  00000000  RWIX
  ECAP1                 00006a00   00000020  00000020  00000000  RWIX
  ECAP2                 00006a20   00000020  00000020  00000000  RWIX
  ECAP3                 00006a40   00000020  00000020  00000000  RWIX
  ECAP4                 00006a60   00000020  00000020  00000000  RWIX
  ECAP5                 00006a80   00000020  00000020  00000000  RWIX
  ECAP6                 00006aa0   00000020  00000020  00000000  RWIX
  EQEP1                 00006b00   00000040  00000040  00000000  RWIX
  EQEP2                 00006b40   00000040  00000040  00000000  RWIX
  GPIOCTRL              00006f80   00000040  0000002e  00000012  RWIX
  GPIODAT               00006fc0   00000020  00000020  00000000  RWIX
  GPIOINT               00006fe0   00000020  0000000a  00000016  RWIX
  SYSTEM                00007010   00000020  00000020  00000000  RWIX
  SPIA                  00007040   00000010  00000010  00000000  RWIX
  SCIA                  00007050   00000010  00000010  00000000  RWIX
  XINTRUPT              00007070   00000010  00000010  00000000  RWIX
  ADC                   00007100   00000020  0000001e  00000002  RWIX
  SCIB                  00007750   00000010  00000010  00000000  RWIX
  SCIC                  00007770   00000010  00000010  00000000  RWIX
  I2CA                  00007900   00000040  00000022  0000001e  RWIX
  RAML4                 0000c000   00001000  00000a18  000005e8  RWIX
  RAML5                 0000d000   00001000  00000000  00001000  RWIX
  RAML6                 0000e000   00001000  00000000  00001000  RWIX
  RAML7                 0000f000   00001000  00000000  00001000  RWIX
  ZONE7B                0020fc00   00000400  00000000  00000400  RWIX
  FLASHB                00330000   00008000  00000000  00008000  RWIX
  CSM_PWL               0033fff8   00000008  00000008  00000000  RWIX


SECTION ALLOCATION MAP

 output                                  attributes/
section   page    origin      length       input sections
--------  ----  ----------  ----------   ----------------
.cinit     0    00339122    000001b6     
                  00339122    00000116     main.obj (.cinit)
                  00339238    0000002a     scib.obj (.cinit)
                  00339262    0000002a     scic.obj (.cinit)
                  0033928c    0000000c     fullBridegTrip.obj (.cinit)
                  00339298    0000000a     low_pass_filter.obj (.cinit)
                  003392a2    0000000a     rts2800_fpu32.lib : exit.obj (.cinit)
                  003392ac    00000009     switching_irq.obj (.cinit)
                  003392b5    00000005     MonitorProc.obj (.cinit)
                  003392ba    00000005     rts2800_fpu32.lib : _lock.obj (.cinit:__lock)
                  003392bf    00000005                       : _lock.obj (.cinit:__unlock)
                  003392c4    00000005     analog.obj (.cinit)
                  003392c9    00000005     common_module.obj (.cinit)
                  003392ce    00000004     rts2800_fpu32.lib : errno.obj (.cinit)
                  003392d2    00000004                       : memory.obj (.cinit)
                  003392d6    00000002     --HOLE-- [fill = 0]

.pinit     0    00328000    00000000     UNINITIALIZED

.text      0    00318000    00005b51     
                  00318000    00000e9f     code_group_all.obj (.text)
                  00318e9f    00000001     --HOLE-- [fill = 0]
                  00318ea0    00000bfd     rts2800_fpu32.lib : _printfi.obj (.text)
                  00319a9d    000006b5     fullBridgeCtrl.obj (.text)
                  0031a152    00000579     scic.obj (.text)
                  0031a6cb    00000516     scib.obj (.text)
                  0031abe1    000004e1     fullBridegTrip.obj (.text)
                  0031b0c2    00000420     switching_irq.obj (.text:retain)
                  0031b4e2    000003f1     code_proc.obj (.text)
                  0031b8d3    00000361     common_module.obj (.text)
                  0031bc34    0000033e     udd_eeprom.obj (.text)
                  0031bf72    00000316     DSP2833x_DefaultIsr.obj (.text:retain)
                  0031c288    00000238     set_gpio.obj (.text)
                  0031c4c0    0000020b     main.obj (.text)
                  0031c6cb    000001e2     rts2800_fpu32.lib : memory.obj (.text)
                  0031c8ad    00000179     analog.obj (.text:retain)
                  0031ca26    00000122     rts2800_fpu32.lib : strtod.obj (.text)
                  0031cb48    0000011f     low_pass_filter.obj (.text)
                  0031cc67    0000011d     DS1307.obj (.text)
                  0031cd84    00000107     rts2800_fpu32.lib : ll_div.obj (.text)
                  0031ce8b    000000f8     DSP2833x_SysCtrl.obj (.text)
                  0031cf83    000000f7     MonitorProc.obj (.text)
                  0031d07a    000000db     serial_com.obj (.text)
                  0031d155    000000d8     scib.obj (.text:retain)
                  0031d22d    000000d8     scic.obj (.text:retain)
                  0031d305    000000b0     refFunc.obj (.text)
                  0031d3b5    0000009c     rts2800_fpu32.lib : fd_add.obj (.text)
                  0031d451    0000008b                       : fd_div.obj (.text)
                  0031d4dc    00000088                       : fs_div.obj (.text)
                  0031d564    00000086     udd_timer_irq.obj (.text:retain)
                  0031d5ea    00000083     rts2800_fpu32.lib : fd_mpy.obj (.text)
                  0031d66d    0000007b     DSP2833x_CpuTimers.obj (.text)
                  0031d6e8    0000005d     rts2800_fpu32.lib : snprintf.obj (.text)
                  0031d745    00000056     analog.obj (.text)
                  0031d79b    00000046     rts2800_fpu32.lib : boot.obj (.text)
                  0031d7e1    00000034                       : ldexp.obj (.text)
                  0031d815    00000031                       : atoi.obj (.text)
                  0031d846    0000002e                       : ltoa.obj (.text)
                  0031d874    0000002a                       : fd_cmp.obj (.text)
                  0031d89e    0000002a                       : l_div.obj (.text)
                  0031d8c8    00000028     DSP2833x_PieCtrl.obj (.text)
                  0031d8f0    00000028     digital_inout_bb.obj (.text)
                  0031d918    00000023     rts2800_fpu32.lib : fd_tofs.obj (.text)
                  0031d93b    00000022                       : i_div.obj (.text)
                  0031d95d    00000021                       : fd_toi.obj (.text)
                  0031d97e    0000001f                       : fd_tol.obj (.text)
                  0031d99d    0000001f                       : strncpy.obj (.text)
                  0031d9bc    0000001e                       : ll_cmp.obj (.text)
                  0031d9da    0000001e                       : memcpy.obj (.text)
                  0031d9f8    0000001d                       : i_tofd.obj (.text)
                  0031da15    0000001c                       : fs_tofd.obj (.text)
                  0031da31    0000001c                       : l_tofd.obj (.text)
                  0031da4d    0000001c                       : modf.obj (.text)
                  0031da69    00000019                       : args_main.obj (.text)
                  0031da82    00000019                       : exit.obj (.text)
                  0031da9b    00000018                       : ll_aox.obj (.text)
                  0031dab3    00000016                       : frexp.obj (.text)
                  0031dac9    00000015     DSP2833x_MemCopy.obj (.text)
                  0031dade    00000014     main.obj (.text:retain)
                  0031daf2    0000000e     rts2800_fpu32.lib : fd_sub.obj (.text)
                  0031db00    0000000e                       : memccpy.obj (.text)
                  0031db0e    0000000c                       : memset.obj (.text)
                  0031db1a    0000000c                       : strchr.obj (.text)
                  0031db26    00000009                       : _lock.obj (.text)
                  0031db2f    00000009                       : fd_neg.obj (.text)
                  0031db38    00000008     DSP2833x_CodeStartBranch.obj (.text)
                  0031db40    00000008     rts2800_fpu32.lib : strlen.obj (.text)
                  0031db48    00000005                       : strcpy.obj (.text)
                  0031db4d    00000004                       : atof.obj (.text)

ramfuncs   0    0031db51    0000001f     RUN ADDR = 00008000
                  0031db51    0000001b     DSP2833x_SysCtrl.obj (ramfuncs)
                  0031db6c    00000004     DSP2833x_usDelay.obj (ramfuncs)

codestart 
*          0    0033fff6    00000002     
                  0033fff6    00000002     DSP2833x_CodeStartBranch.obj (codestart)

.econst    0    00338000    00001122     
                  00338000    000006ef     code_group_all.obj (.econst:.string)
                  003386ef    00000001     --HOLE-- [fill = 0]
                  003386f0    000001bf     scic.obj (.econst:.string)
                  003388af    00000001     --HOLE-- [fill = 0]
                  003388b0    000001a9     scib.obj (.econst:.string)
                  00338a59    00000001     --HOLE-- [fill = 0]
                  00338a5a    00000111     fullBridegTrip.obj (.econst:.string)
                  00338b6b    00000001     --HOLE-- [fill = 0]
                  00338b6c    00000102     code_proc.obj (.econst:.string)
                  00338c6e    00000101     rts2800_fpu32.lib : ctype.obj (.econst:.string:__ctypes_)
                  00338d6f    00000001     --HOLE-- [fill = 0]
                  00338d70    00000100     DSP2833x_PieVect.obj (.econst)
                  00338e70    000000bc     common_module.obj (.econst:.string)
                  00338f2c    000000b5     udd_eeprom.obj (.econst:.string)
                  00338fe1    00000001     --HOLE-- [fill = 0]
                  00338fe2    00000074     serial_com.obj (.econst:.string)
                  00339056    0000003f     fullBridgeCtrl.obj (.econst:.string)
                  00339095    00000001     --HOLE-- [fill = 0]
                  00339096    00000026     rts2800_fpu32.lib : _printfi.obj (.econst:.string)
                  003390bc    0000001c                       : _printfi.obj (.econst)
                  003390d8    00000019     main.obj (.econst:.string)
                  003390f1    00000001     --HOLE-- [fill = 0]
                  003390f2    00000014     rts2800_fpu32.lib : strtod.obj (.econst:_digits)
                  00339106    0000000f     MonitorProc.obj (.econst:.string)
                  00339115    00000001     --HOLE-- [fill = 0]
                  00339116    0000000c     rts2800_fpu32.lib : strtod.obj (.econst:_powerof10)

.switch    0    003392d8    0000006a     
                  003392d8    0000002c     code_group_all.obj (.switch:_get_code_group0)
                  00339304    00000022     code_group_all.obj (.switch:_get_code_group2)
                  00339326    0000001c     code_group_all.obj (.switch:_get_code_group4)

.stack     1    00000400    00000300     UNINITIALIZED
                  00000400    00000300     --HOLE--

.ebss      1    0000c000    00000718     UNINITIALIZED
                  0000c000    00000510     main.obj (.ebss)
                  0000c510    00000018     DSP2833x_CpuTimers.obj (.ebss)
                  0000c528    00000018     analog.obj (.ebss)
                  0000c540    000000a4     scib.obj (.ebss)
                  0000c5e4    00000008     rts2800_fpu32.lib : memory.obj (.ebss)
                  0000c5ec    00000004                       : exit.obj (.ebss)
                  0000c5f0    00000004     switching_irq.obj (.ebss)
                  0000c5f4    00000003     fullBridegTrip.obj (.ebss)
                  0000c5f7    00000001     DSP2833x_GlobalVariableDefs.obj (.ebss)
                  0000c5f8    00000002     MonitorProc.obj (.ebss)
                  0000c5fa    00000002     rts2800_fpu32.lib : _lock.obj (.ebss:__lock)
                  0000c5fc    00000002                       : _lock.obj (.ebss:__unlock)
                  0000c5fe    00000002     common_module.obj (.ebss)
                  0000c600    000000a4     scic.obj (.ebss)
                  0000c6a4    00000002     refFunc.obj (.ebss)
                  0000c6a6    00000001     rts2800_fpu32.lib : errno.obj (.ebss)
                  0000c6a7    00000019     --HOLE--
                  0000c6c0    00000058     low_pass_filter.obj (.ebss)

.esysmem   1    0000c718    00000300     UNINITIALIZED
                  0000c718    00000001     rts2800_fpu32.lib : memory.obj (.esysmem)
                  0000c719    000002ff     --HOLE--

ZONE0DATA 
*          0    00004000    00000100     UNINITIALIZED
                  00004000    00000100     main.obj (ZONE0DATA)

ZONE6DATA 
*          0    00100000    00010000     UNINITIALIZED
                  00100000    00010000     main.obj (ZONE6DATA)

ZONE7DATA 
*          0    00200000    00000100     UNINITIALIZED
                  00200000    00000100     main.obj (ZONE7DATA)

.reset     0    003fffc0    00000002     DSECT
                  003fffc0    00000002     rts2800_fpu32.lib : boot.obj (.reset)

vectors    0    003fffc2    00000000     DSECT

.adc_cal   0    00380080    00000007     NOLOAD SECTION
                  00380080    00000007     DSP2833x_ADC_cal.obj (.adc_cal)

DevEmuRegsFile 
*          1    00000880    000000d0     UNINITIALIZED
                  00000880    000000d0     DSP2833x_GlobalVariableDefs.obj (DevEmuRegsFile)

FlashRegsFile 
*          1    00000a80    00000008     UNINITIALIZED
                  00000a80    00000008     DSP2833x_GlobalVariableDefs.obj (FlashRegsFile)

CsmRegsFile 
*          1    00000ae0    00000010     UNINITIALIZED
                  00000ae0    00000010     DSP2833x_GlobalVariableDefs.obj (CsmRegsFile)

AdcMirrorFile 
*          1    00000b00    00000010     UNINITIALIZED
                  00000b00    00000010     DSP2833x_GlobalVariableDefs.obj (AdcMirrorFile)

XintfRegsFile 
*          1    00000b20    0000001e     UNINITIALIZED
                  00000b20    0000001e     DSP2833x_GlobalVariableDefs.obj (XintfRegsFile)

CpuTimer0RegsFile 
*          1    00000c00    00000008     UNINITIALIZED
                  00000c00    00000008     DSP2833x_GlobalVariableDefs.obj (CpuTimer0RegsFile)

CpuTimer1RegsFile 
*          1    00000c08    00000008     UNINITIALIZED
                  00000c08    00000008     DSP2833x_GlobalVariableDefs.obj (CpuTimer1RegsFile)

CpuTimer2RegsFile 
*          1    00000c10    00000008     UNINITIALIZED
                  00000c10    00000008     DSP2833x_GlobalVariableDefs.obj (CpuTimer2RegsFile)

PieCtrlRegsFile 
*          1    00000ce0    0000001a     UNINITIALIZED
                  00000ce0    0000001a     DSP2833x_GlobalVariableDefs.obj (PieCtrlRegsFile)

PieVectTableFile 
*          1    00000d00    00000100     UNINITIALIZED
                  00000d00    00000100     DSP2833x_GlobalVariableDefs.obj (PieVectTableFile)

DmaRegsFile 
*          1    00001000    000000e0     UNINITIALIZED
                  00001000    000000e0     DSP2833x_GlobalVariableDefs.obj (DmaRegsFile)

McbspaRegsFile 
*          1    00005000    00000025     UNINITIALIZED
                  00005000    00000025     DSP2833x_GlobalVariableDefs.obj (McbspaRegsFile)

McbspbRegsFile 
*          1    00005040    00000025     UNINITIALIZED
                  00005040    00000025     DSP2833x_GlobalVariableDefs.obj (McbspbRegsFile)

ECanaRegsFile 
*          1    00006000    00000034     UNINITIALIZED
                  00006000    00000034     DSP2833x_GlobalVariableDefs.obj (ECanaRegsFile)

ECanaLAMRegsFile 
*          1    00006040    00000040     UNINITIALIZED
                  00006040    00000040     DSP2833x_GlobalVariableDefs.obj (ECanaLAMRegsFile)

ECanaMOTSRegsFile 
*          1    00006080    00000040     UNINITIALIZED
                  00006080    00000040     DSP2833x_GlobalVariableDefs.obj (ECanaMOTSRegsFile)

ECanaMOTORegsFile 
*          1    000060c0    00000040     UNINITIALIZED
                  000060c0    00000040     DSP2833x_GlobalVariableDefs.obj (ECanaMOTORegsFile)

ECanaMboxesFile 
*          1    00006100    00000100     UNINITIALIZED
                  00006100    00000100     DSP2833x_GlobalVariableDefs.obj (ECanaMboxesFile)

ECanbRegsFile 
*          1    00006200    00000034     UNINITIALIZED
                  00006200    00000034     DSP2833x_GlobalVariableDefs.obj (ECanbRegsFile)

ECanbLAMRegsFile 
*          1    00006240    00000040     UNINITIALIZED
                  00006240    00000040     DSP2833x_GlobalVariableDefs.obj (ECanbLAMRegsFile)

ECanbMOTSRegsFile 
*          1    00006280    00000040     UNINITIALIZED
                  00006280    00000040     DSP2833x_GlobalVariableDefs.obj (ECanbMOTSRegsFile)

ECanbMOTORegsFile 
*          1    000062c0    00000040     UNINITIALIZED
                  000062c0    00000040     DSP2833x_GlobalVariableDefs.obj (ECanbMOTORegsFile)

ECanbMboxesFile 
*          1    00006300    00000100     UNINITIALIZED
                  00006300    00000100     DSP2833x_GlobalVariableDefs.obj (ECanbMboxesFile)

EPwm1RegsFile 
*          1    00006800    00000022     UNINITIALIZED
                  00006800    00000022     DSP2833x_GlobalVariableDefs.obj (EPwm1RegsFile)

EPwm2RegsFile 
*          1    00006840    00000022     UNINITIALIZED
                  00006840    00000022     DSP2833x_GlobalVariableDefs.obj (EPwm2RegsFile)

EPwm3RegsFile 
*          1    00006880    00000022     UNINITIALIZED
                  00006880    00000022     DSP2833x_GlobalVariableDefs.obj (EPwm3RegsFile)

EPwm4RegsFile 
*          1    000068c0    00000022     UNINITIALIZED
                  000068c0    00000022     DSP2833x_GlobalVariableDefs.obj (EPwm4RegsFile)

EPwm5RegsFile 
*          1    00006900    00000022     UNINITIALIZED
                  00006900    00000022     DSP2833x_GlobalVariableDefs.obj (EPwm5RegsFile)

EPwm6RegsFile 
*          1    00006940    00000022     UNINITIALIZED
                  00006940    00000022     DSP2833x_GlobalVariableDefs.obj (EPwm6RegsFile)

ECap1RegsFile 
*          1    00006a00    00000020     UNINITIALIZED
                  00006a00    00000020     DSP2833x_GlobalVariableDefs.obj (ECap1RegsFile)

ECap2RegsFile 
*          1    00006a20    00000020     UNINITIALIZED
                  00006a20    00000020     DSP2833x_GlobalVariableDefs.obj (ECap2RegsFile)

ECap3RegsFile 
*          1    00006a40    00000020     UNINITIALIZED
                  00006a40    00000020     DSP2833x_GlobalVariableDefs.obj (ECap3RegsFile)

ECap4RegsFile 
*          1    00006a60    00000020     UNINITIALIZED
                  00006a60    00000020     DSP2833x_GlobalVariableDefs.obj (ECap4RegsFile)

ECap5RegsFile 
*          1    00006a80    00000020     UNINITIALIZED
                  00006a80    00000020     DSP2833x_GlobalVariableDefs.obj (ECap5RegsFile)

ECap6RegsFile 
*          1    00006aa0    00000020     UNINITIALIZED
                  00006aa0    00000020     DSP2833x_GlobalVariableDefs.obj (ECap6RegsFile)

EQep1RegsFile 
*          1    00006b00    00000040     UNINITIALIZED
                  00006b00    00000040     DSP2833x_GlobalVariableDefs.obj (EQep1RegsFile)

EQep2RegsFile 
*          1    00006b40    00000040     UNINITIALIZED
                  00006b40    00000040     DSP2833x_GlobalVariableDefs.obj (EQep2RegsFile)

GpioCtrlRegsFile 
*          1    00006f80    0000002e     UNINITIALIZED
                  00006f80    0000002e     DSP2833x_GlobalVariableDefs.obj (GpioCtrlRegsFile)

GpioDataRegsFile 
*          1    00006fc0    00000020     UNINITIALIZED
                  00006fc0    00000020     DSP2833x_GlobalVariableDefs.obj (GpioDataRegsFile)

GpioIntRegsFile 
*          1    00006fe0    0000000a     UNINITIALIZED
                  00006fe0    0000000a     DSP2833x_GlobalVariableDefs.obj (GpioIntRegsFile)

SysCtrlRegsFile 
*          1    00007010    00000020     UNINITIALIZED
                  00007010    00000020     DSP2833x_GlobalVariableDefs.obj (SysCtrlRegsFile)

SpiaRegsFile 
*          1    00007040    00000010     UNINITIALIZED
                  00007040    00000010     DSP2833x_GlobalVariableDefs.obj (SpiaRegsFile)

SciaRegsFile 
*          1    00007050    00000010     UNINITIALIZED
                  00007050    00000010     DSP2833x_GlobalVariableDefs.obj (SciaRegsFile)

XIntruptRegsFile 
*          1    00007070    00000010     UNINITIALIZED
                  00007070    00000010     DSP2833x_GlobalVariableDefs.obj (XIntruptRegsFile)

AdcRegsFile 
*          1    00007100    0000001e     UNINITIALIZED
                  00007100    0000001e     DSP2833x_GlobalVariableDefs.obj (AdcRegsFile)

ScibRegsFile 
*          1    00007750    00000010     UNINITIALIZED
                  00007750    00000010     DSP2833x_GlobalVariableDefs.obj (ScibRegsFile)

ScicRegsFile 
*          1    00007770    00000010     UNINITIALIZED
                  00007770    00000010     DSP2833x_GlobalVariableDefs.obj (ScicRegsFile)

I2caRegsFile 
*          1    00007900    00000022     UNINITIALIZED
                  00007900    00000022     DSP2833x_GlobalVariableDefs.obj (I2caRegsFile)

CsmPwlFile 
*          1    0033fff8    00000008     UNINITIALIZED
                  0033fff8    00000008     DSP2833x_GlobalVariableDefs.obj (CsmPwlFile)


GLOBAL DATA SYMBOLS: SORTED BY DATA PAGE

address     data page           name
--------    ----------------    ----
00000400      10 (00000400)     __stack

00000880      22 (00000880)     _DevEmuRegs

00000a80      2a (00000a80)     _FlashRegs

00000ae0      2b (00000ac0)     _CsmRegs

00000b00      2c (00000b00)     _AdcMirror
00000b20      2c (00000b00)     _XintfRegs

00000c00      30 (00000c00)     _CpuTimer0Regs
00000c08      30 (00000c00)     _CpuTimer1Regs
00000c10      30 (00000c00)     _CpuTimer2Regs

00000ce0      33 (00000cc0)     _PieCtrlRegs

00000d00      34 (00000d00)     _PieVectTable

00001000      40 (00001000)     _DmaRegs

00004000     100 (00004000)     _ZONE0_BUF

00005000     140 (00005000)     _McbspaRegs

00005040     141 (00005040)     _McbspbRegs

00006000     180 (00006000)     _ECanaRegs

00006040     181 (00006040)     _ECanaLAMRegs

00006080     182 (00006080)     _ECanaMOTSRegs

000060c0     183 (000060c0)     _ECanaMOTORegs

00006100     184 (00006100)     _ECanaMboxes

00006200     188 (00006200)     _ECanbRegs

00006240     189 (00006240)     _ECanbLAMRegs

00006280     18a (00006280)     _ECanbMOTSRegs

000062c0     18b (000062c0)     _ECanbMOTORegs

00006300     18c (00006300)     _ECanbMboxes

00006800     1a0 (00006800)     _EPwm1Regs

00006840     1a1 (00006840)     _EPwm2Regs

00006880     1a2 (00006880)     _EPwm3Regs

000068c0     1a3 (000068c0)     _EPwm4Regs

00006900     1a4 (00006900)     _EPwm5Regs

00006940     1a5 (00006940)     _EPwm6Regs

00006a00     1a8 (00006a00)     _ECap1Regs
00006a20     1a8 (00006a00)     _ECap2Regs

00006a40     1a9 (00006a40)     _ECap3Regs
00006a60     1a9 (00006a40)     _ECap4Regs

00006a80     1aa (00006a80)     _ECap5Regs
00006aa0     1aa (00006a80)     _ECap6Regs

00006b00     1ac (00006b00)     _EQep1Regs

00006b40     1ad (00006b40)     _EQep2Regs

00006f80     1be (00006f80)     _GpioCtrlRegs

00006fc0     1bf (00006fc0)     _GpioDataRegs
00006fe0     1bf (00006fc0)     _GpioIntRegs

00007010     1c0 (00007000)     _SysCtrlRegs

00007040     1c1 (00007040)     _SpiaRegs
00007050     1c1 (00007040)     _SciaRegs
00007070     1c1 (00007040)     _XIntruptRegs

00007100     1c4 (00007100)     _AdcRegs

00007750     1dd (00007740)     _ScibRegs
00007770     1dd (00007740)     _ScicRegs

00007900     1e4 (00007900)     _I2caRegs

0000c000     300 (0000c000)     _code_run_input_select
0000c001     300 (0000c000)     _giAdcVdc
0000c002     300 (0000c000)     _code_protect_inhibit_on
0000c003     300 (0000c000)     _adcI_out
0000c004     300 (0000c000)     _adcI2nd
0000c005     300 (0000c000)     _code_dac_select_ch4
0000c006     300 (0000c000)     _adcI_pri
0000c007     300 (0000c000)     _gPWMTripCode
0000c008     300 (0000c000)     _MAX_PWM_CNT
0000c009     300 (0000c000)     _gTripFlag
0000c00a     300 (0000c000)     _code_protect_ov_off
0000c00b     300 (0000c000)     _code_protect_over_I_off
0000c00c     300 (0000c000)     _code_protect_uv_off
0000c00d     300 (0000c000)     _gRunFlag
0000c00e     300 (0000c000)     _relay_flag
0000c00f     300 (0000c000)     _code_protect_Iadc_off
0000c010     300 (0000c000)     _init_charge_flag
0000c011     300 (0000c000)     _xcon_data
0000c012     300 (0000c000)     _timer0_count
0000c013     300 (0000c000)     _debug1
0000c014     300 (0000c000)     _scic_rx_msg_flag
0000c015     300 (0000c000)     _code_dac_select_ch1
0000c016     300 (0000c000)     _code_dac_select_ch2
0000c017     300 (0000c000)     _scib_rx_msg_flag
0000c018     300 (0000c000)     _code_dac_select_ch3
0000c019     300 (0000c000)     _gSciInFlag
0000c01a     300 (0000c000)     _adcI3rd
0000c01b     300 (0000c000)     _gMachineState
0000c01c     300 (0000c000)     _igbt_fault_input
0000c01d     300 (0000c000)     _digital_input
0000c01e     300 (0000c000)     _debug_count
0000c01f     300 (0000c000)     _code_set_Vdc_on
0000c020     300 (0000c000)     _protect_reg
0000c021     300 (0000c000)     _terminal_input_state
0000c022     300 (0000c000)     _code_ctrl_mode
0000c023     300 (0000c000)     _codeSetPulseNumber
0000c025     300 (0000c000)     _code_protect_IGBT_off
0000c026     300 (0000c000)     _Flag_TripDataBackup
0000c027     300 (0000c000)     _gTripSaveFlag
0000c028     300 (0000c000)     _test_pulse_count
0000c029     300 (0000c000)     _code_protect_ex_trip_off
0000c02a     300 (0000c000)     _EepromSaveFlag
0000c02b     300 (0000c000)     _code_AdcOffsetCh6
0000c02c     300 (0000c000)     _over_volt_set
0000c02e     300 (0000c000)     _code_rate_hz
0000c030     300 (0000c000)     _code_OC_time
0000c032     300 (0000c000)     _code_rate_power
0000c034     300 (0000c000)     _code_rate_current
0000c036     300 (0000c000)     _code_rate_volt
0000c038     300 (0000c000)     _codeISpan3rd
0000c03a     300 (0000c000)     _code_under_volt_set
0000c03c     300 (0000c000)     _codeISpan1st
0000c03e     300 (0000c000)     _codeISpan2nd

0000c040     301 (0000c040)     _analog_cmd_in_zero2
0000c042     301 (0000c040)     _analog_cmd_in_span1
0000c044     301 (0000c040)     _analog_cmd_in_span2
0000c046     301 (0000c040)     _codeAnalogOutZero1
0000c048     301 (0000c040)     _codeAnalogSelect1
0000c04a     301 (0000c040)     _code_speed2
0000c04c     301 (0000c040)     _code_decel_time2
0000c04e     301 (0000c040)     _rDeadTime
0000c050     301 (0000c040)     _analog_cmd_in_zero1
0000c052     301 (0000c040)     _allDeadTime
0000c054     301 (0000c040)     _codeOCLevel1st
0000c056     301 (0000c040)     _codeAnalogOutOffset2
0000c058     301 (0000c040)     _codeOCLevel2nd
0000c05a     301 (0000c040)     _codeOCLevelOut
0000c05c     301 (0000c040)     _codeOCLevel3rd
0000c05e     301 (0000c040)     _codeAnalogOutOffset1
0000c060     301 (0000c040)     _codeAnalogOutSpan1
0000c062     301 (0000c040)     _codeAnalogSelect2
0000c064     301 (0000c040)     _codeAnalogOutSpan2
0000c066     301 (0000c040)     _codeAnalogOutZero2
0000c068     301 (0000c040)     _Is_Max_Coeff
0000c06a     301 (0000c040)     _code_adc_Vout_high
0000c06c     301 (0000c040)     _code_Vout_calc_low
0000c06e     301 (0000c040)     _code_Vdc_calc_high
0000c070     301 (0000c040)     _code_adcIout1st
0000c072     301 (0000c040)     _code_adcIout2nd
0000c074     301 (0000c040)     _code_adc_Vout_low
0000c076     301 (0000c040)     _code_Vout_calc_high
0000c078     301 (0000c040)     _codeIValue3rd
0000c07a     301 (0000c040)     _codeIValueOut
0000c07c     301 (0000c040)     _codeIValue1st
0000c07e     301 (0000c040)     _code_adc_vdc_high

0000c080     302 (0000c080)     _code_Vdc_calc_low
0000c082     302 (0000c080)     _codeIValue2nd
0000c084     302 (0000c080)     _Data_Check
0000c086     302 (0000c080)     _Data_Backup
0000c088     302 (0000c080)     _code_calIout4th
0000c08a     302 (0000c080)     _Data_Init
0000c08c     302 (0000c080)     _time_t
0000c08e     302 (0000c080)     _code_calIout5th
0000c090     302 (0000c080)     _Data_Load
0000c092     302 (0000c080)     _code_adcIout4th
0000c094     302 (0000c080)     _code_adcIout5th
0000c096     302 (0000c080)     _code_adc_vdc_low
0000c098     302 (0000c080)     _code_calIout2nd
0000c09a     302 (0000c080)     _code_calIout3rd
0000c09c     302 (0000c080)     _code_adcIout3rd
0000c09e     302 (0000c080)     _codeSwitFreq
0000c0a0     302 (0000c080)     _code_V_Ki
0000c0a2     302 (0000c080)     _codeVoutOffset
0000c0a4     302 (0000c080)     _code_V_integLimit
0000c0a6     302 (0000c080)     _code_feedforward
0000c0a8     302 (0000c080)     _codeVoutSpan
0000c0aa     302 (0000c080)     _code_V_Kp
0000c0ac     302 (0000c080)     _codeIAdcOffset2nd
0000c0ae     302 (0000c080)     _codeIAdcOffset3rd
0000c0b0     302 (0000c080)     _codeISpanOut
0000c0b2     302 (0000c080)     _codeVdcOffset
0000c0b4     302 (0000c080)     _codeVdcSpan
0000c0b6     302 (0000c080)     _codeIAdcOffset1st
0000c0b8     302 (0000c080)     _code_dac_scale_ch3
0000c0ba     302 (0000c080)     _code_dac_offset_ch3
0000c0bc     302 (0000c080)     _code_dac_scale_ch2
0000c0be     302 (0000c080)     _code_dac_offset_ch4

0000c0c0     303 (0000c0c0)     _code_calIout1st
0000c0c2     303 (0000c0c0)     _code_dac_offset_ch2
0000c0c4     303 (0000c0c0)     _code_dac_scale_ch4
0000c0c6     303 (0000c0c0)     _code_Kp
0000c0c8     303 (0000c0c0)     _code_integLimit
0000c0ca     303 (0000c0c0)     _codeIAdcOffsetOut
0000c0cc     303 (0000c0c0)     _code_dac_scale_ch1
0000c0ce     303 (0000c0c0)     _code_dac_offset_ch1
0000c0d0     303 (0000c0c0)     _code_Ki
0000c0d2     303 (0000c0c0)     _code_phaseMax
0000c0d4     303 (0000c0c0)     _analog_ref_b
0000c0d6     303 (0000c0c0)     _analog_ref_a
0000c0d8     303 (0000c0c0)     _dac_ch0_unit_count_value
0000c0da     303 (0000c0c0)     _dac_ch2_unit_count_value
0000c0dc     303 (0000c0c0)     _dac_ch1_unit_count_value
0000c0de     303 (0000c0c0)     _I_pri
0000c0e0     303 (0000c0c0)     _Vout
0000c0e2     303 (0000c0c0)     _I_out
0000c0e4     303 (0000c0c0)     _I3rd
0000c0e6     303 (0000c0c0)     _I2nd
0000c0e8     303 (0000c0c0)     _VdcScale
0000c0ea     303 (0000c0c0)     _phaseVref
0000c0ec     303 (0000c0c0)     _VdcOffset
0000c0ee     303 (0000c0c0)     _VoutOffset
0000c0f0     303 (0000c0c0)     _VoutScale
0000c0f2     303 (0000c0c0)     _inv_code_dac_scale_ch1
0000c0f4     303 (0000c0c0)     _dac_ch3_unit_count_value
0000c0f6     303 (0000c0c0)     _inv_code_dac_scale_ch2
0000c0f8     303 (0000c0c0)     _inv_code_dac_scale_ch4
0000c0fa     303 (0000c0c0)     _inv_code_dac_scale_ch3
0000c0fc     303 (0000c0c0)     _IoutOffset3rd
0000c0fe     303 (0000c0c0)     _IoutScale3rd

0000c100     304 (0000c100)     _IoutScale4th
0000c102     304 (0000c100)     _nativeI_out
0000c104     304 (0000c100)     _IoutOffset4th
0000c106     304 (0000c100)     _IoutScale1st
0000c108     304 (0000c100)     _IoutOffset1st
0000c10a     304 (0000c100)     _IoutOffset2nd
0000c10c     304 (0000c100)     _IoutScale2nd
0000c10e     304 (0000c100)     _phaseShiftRatio
0000c110     304 (0000c100)     _preIntegral
0000c112     304 (0000c100)     _Power_out
0000c114     304 (0000c100)     _ovpTimer
0000c116     304 (0000c100)     _OC_Timer
0000c118     304 (0000c100)     _nativeI2nd
0000c11a     304 (0000c100)     _nativeI_pri
0000c11c     304 (0000c100)     _nativeI3rd
0000c11e     304 (0000c100)     _ctrlIntegral
0000c120     304 (0000c100)     _ctrlError
0000c122     304 (0000c100)     _ref_time
0000c124     304 (0000c100)     _theta
0000c126     304 (0000c100)     _frequency
0000c128     304 (0000c100)     _CosTheta
0000c12a     304 (0000c100)     _SinTheta
0000c12c     304 (0000c100)     _reference_out
0000c12e     304 (0000c100)     _reference_in
0000c130     304 (0000c100)     _codePwmPhaseInit
0000c132     304 (0000c100)     _codeInitTime
0000c134     304 (0000c100)     _code_ovpTime
0000c136     304 (0000c100)     _code_Vdc_set_value
0000c138     304 (0000c100)     _code_accel_time1
0000c13a     304 (0000c100)     _OverCurLimit
0000c13c     304 (0000c100)     _code_testPwmPhase
0000c13e     304 (0000c100)     _code_decel_time1

0000c140     305 (0000c140)     _code_VoutLimit
0000c142     305 (0000c140)     _func_flag
0000c144     305 (0000c140)     _code_Vout
0000c146     305 (0000c140)     _RMS_Ia
0000c148     305 (0000c140)     _gfRunTime
0000c14a     305 (0000c140)     _Is_mag
0000c14c     305 (0000c140)     _Ts
0000c14e     305 (0000c140)     _code_accel_time2
0000c150     305 (0000c140)     _RMS_Ib
0000c152     305 (0000c140)     _inv_Ts
0000c154     305 (0000c140)     _refer_in0
0000c156     305 (0000c140)     _code_I_out_ref
0000c158     305 (0000c140)     _Vs_max
0000c15a     305 (0000c140)     _Vdc
0000c15c     305 (0000c140)     _Is_max
0000c15e     305 (0000c140)     _Is_mag_rms
0000c160     305 (0000c140)     _DutyCount
0000c164     305 (0000c140)     _Is_dq
0000c168     305 (0000c140)     _Is_abc
0000c16e     305 (0000c140)     _DutyRatio
0000c174     305 (0000c140)     _gStr2

0000c180     306 (0000c180)     _monitor
0000c18a     306 (0000c180)     _TimeInput
0000c197     306 (0000c180)     _adc_result
0000c1a7     306 (0000c180)     _gSciaRxBuf

0000c1c0     307 (0000c1c0)     _gSciaTxBuf
0000c1d8     307 (0000c1c0)     _MonitorMsg

0000c200     308 (0000c200)     _code_inform

0000c240     309 (0000c240)     _gStr1

0000c280     30a (0000c280)     _TripInfo

0000c300     30c (0000c300)     _TripInfoNow

0000c380     30e (0000c380)     _dac_point

0000c510     314 (0000c500)     _CpuTimer1
0000c518     314 (0000c500)     _CpuTimer2
0000c520     314 (0000c500)     _CpuTimer0
0000c52a     314 (0000c500)     _lpfI_out

0000c540     315 (0000c540)     _scib_rx_start_addr
0000c541     315 (0000c540)     _scib_rx_end_addr
0000c544     315 (0000c540)     _scib_tx_end_addr
0000c545     315 (0000c540)     _scib_tx_start_addr
0000c55b     315 (0000c540)     _scib_rx_msg_box

0000c580     316 (0000c580)     _scib_tx_msg_box

0000c5ec     317 (0000c5c0)     ___TI_cleanup_ptr
0000c5ee     317 (0000c5c0)     ___TI_dtors_ptr
0000c5f2     317 (0000c5c0)     _phase_ratio
0000c5f7     317 (0000c5c0)     _PartIdRegs
0000c5fa     317 (0000c5c0)     __lock
0000c5fc     317 (0000c5c0)     __unlock

0000c600     318 (0000c600)     _scic_tx_end_addr
0000c603     318 (0000c600)     _scic_rx_start_addr
0000c604     318 (0000c600)     _scic_rx_end_addr
0000c605     318 (0000c600)     _scic_tx_start_addr
0000c61b     318 (0000c600)     _scic_rx_msg_box

0000c640     319 (0000c640)     _scic_tx_msg_box

0000c6a6     31a (0000c680)     _errno

0000c6c0     31b (0000c6c0)     _LPF_I_uvw_cutoff_freq
0000c6c2     31b (0000c6c0)     _LPF_Vdc_cutoff_freq
0000c6c4     31b (0000c6c0)     _LPF_I_v_in
0000c6ca     31b (0000c6c0)     _LPF_I_w_in
0000c6d0     31b (0000c6c0)     _LPF_I_v_out
0000c6d6     31b (0000c6c0)     _LPF_I_u_out
0000c6dc     31b (0000c6c0)     _LPF_Vdc_out
0000c6e2     31b (0000c6c0)     _LPF_Vdc_in
0000c6e8     31b (0000c6c0)     _LPF_I_u_in
0000c6ee     31b (0000c6c0)     _LPF_I_w_out
0000c6f4     31b (0000c6c0)     _LPF_I_v_K

0000c700     31c (0000c700)     _LPF_I_w_K
0000c708     31c (0000c700)     _LPF_Vdc_K
0000c710     31c (0000c700)     _LPF_I_u_K
0000c718     31c (0000c700)     __sys_memory

00100000    4000 (00100000)     _ZONE6_BUF

00200000    8000 (00200000)     _ZONE7_BUF

00338c6e    ce31 (00338c40)     __ctypes_

00338d70    ce35 (00338d40)     _PieVectTableInit

0033fff8    cfff (0033ffc0)     _CsmPwl


GLOBAL SYMBOLS: SORTED ALPHABETICALLY BY Name 

page  address   name                       
----  -------   ----                       
0     00318000  .text                      
0     0031da82  C$$EXIT                    
0     0031d3b5  FD$$ADD                    
0     0031d874  FD$$CMP                    
0     0031d451  FD$$DIV                    
0     0031d5ea  FD$$MPY                    
0     0031db2f  FD$$NEG                    
0     0031daf2  FD$$SUB                    
0     0031d918  FD$$TOFS                   
0     0031d95d  FD$$TOI                    
0     0031d97e  FD$$TOL                    
0     0031d4dc  FS$$DIV                    
0     0031da15  FS$$TOFD                   
0     0031d93b  I$$DIV                     
0     0031d94c  I$$MOD                     
0     0031d9f8  I$$TOFD                    
0     0031d89e  L$$DIV                     
0     0031d8ad  L$$MOD                     
0     0031da31  L$$TOFD                    
0     0031da9b  LL$$AND                    
0     0031d9bc  LL$$CMP                    
0     0031cd84  LL$$DIV                    
0     0031cdc0  LL$$MOD                    
0     0031daa3  LL$$OR                     
0     0031daab  LL$$XOR                    
0     0031d8bb  UL$$DIV                    
0     0031d8c2  UL$$MOD                    
0     0031d9ce  ULL$$CMP                   
0     0031cdfa  ULL$$DIV                   
0     0031ce29  ULL$$MOD                   
0     0031c058  _ADCINT_ISR                
0     00380080  _ADC_cal                   
1     00000b00  _AdcMirror                 
1     00007100  _AdcRegs                   
0     0031c8ad  _Adc_Isr                   
0     0031ad39  _CheckIGBTFault            
0     0031acb7  _CheckOVP                  
0     0031ac16  _CheckOverCurrent          
0     0031ada0  _CheckOverHeat             
0     0031ac8e  _CheckOverVolt             
0     0031b64d  _CheckSum                  
0     0031b64f  _CheckSum_bk               
0     0031ad01  _CheckUndeVolt             
0     0031b049  _ClearTripDataToEeprom     
0     0031d6ae  _ConfigCpuTimer            
1     0000c128  _CosTheta                  
1     0000c520  _CpuTimer0                 
1     00000c00  _CpuTimer0Regs             
1     0000c510  _CpuTimer1                 
1     00000c08  _CpuTimer1Regs             
1     0000c518  _CpuTimer2                 
1     00000c10  _CpuTimer2Regs             
1     0033fff8  _CsmPwl                    
1     00000ae0  _CsmRegs                   
0     0031cf52  _CsmUnlock                 
0     0031bf86  _DATALOG_ISR               
0     0031c17a  _DINTCH1_ISR               
0     0031c184  _DINTCH2_ISR               
0     0031c18e  _DINTCH3_ISR               
0     0031c198  _DINTCH4_ISR               
0     0031c1a2  _DINTCH5_ISR               
0     0031c1ac  _DINTCH6_ISR               
0     0031cc8b  _DS1307ReadData            
0     0031cc67  _DS1307WriteData           
0     0000801b  _DSP28x_usDelay            
1     0000c086  _Data_Backup               
1     0000c084  _Data_Check                
1     0000c08a  _Data_Init                 
1     0000c090  _Data_Load                 
1     00000880  _DevEmuRegs                
0     0031ce9e  _DisableDog                
1     00001000  _DmaRegs                   
1     0000c160  _DutyCount                 
1     0000c16e  _DutyRatio                 
0     0031c206  _ECAN0INTA_ISR             
0     0031c21a  _ECAN0INTB_ISR             
0     0031c210  _ECAN1INTA_ISR             
0     0031c224  _ECAN1INTB_ISR             
0     0031c0ee  _ECAP1_INT_ISR             
0     0031c0f8  _ECAP2_INT_ISR             
0     0031c102  _ECAP3_INT_ISR             
0     0031c10c  _ECAP4_INT_ISR             
0     0031c116  _ECAP5_INT_ISR             
0     0031c120  _ECAP6_INT_ISR             
1     00006040  _ECanaLAMRegs              
1     000060c0  _ECanaMOTORegs             
1     00006080  _ECanaMOTSRegs             
1     00006100  _ECanaMboxes               
1     00006000  _ECanaRegs                 
1     00006240  _ECanbLAMRegs              
1     000062c0  _ECanbMOTORegs             
1     00006280  _ECanbMOTSRegs             
1     00006300  _ECanbMboxes               
1     00006200  _ECanbRegs                 
1     00006a00  _ECap1Regs                 
1     00006a20  _ECap2Regs                 
1     00006a40  _ECap3Regs                 
1     00006a60  _ECap4Regs                 
1     00006a80  _ECap5Regs                 
1     00006aa0  _ECap6Regs                 
0     0031bf9a  _EMUINT_ISR                
0     0031c0b2  _EPWM1_INT_ISR             
0     0031c076  _EPWM1_TZINT_ISR           
0     0031c0bc  _EPWM2_INT_ISR             
0     0031c080  _EPWM2_TZINT_ISR           
0     0031c0c6  _EPWM3_INT_ISR             
0     0031c08a  _EPWM3_TZINT_ISR           
0     0031c0d0  _EPWM4_INT_ISR             
0     0031c094  _EPWM4_TZINT_ISR           
0     0031c0da  _EPWM5_INT_ISR             
0     0031c09e  _EPWM5_TZINT_ISR           
0     0031c0e4  _EPWM6_INT_ISR             
0     0031c0a8  _EPWM6_TZINT_ISR           
1     00006800  _EPwm1Regs                 
1     00006840  _EPwm2Regs                 
1     00006880  _EPwm3Regs                 
1     000068c0  _EPwm4Regs                 
1     00006900  _EPwm5Regs                 
1     00006940  _EPwm6Regs                 
0     0031c12a  _EQEP1_INT_ISR             
0     0031c134  _EQEP2_INT_ISR             
1     00006b00  _EQep1Regs                 
1     00006b40  _EQep2Regs                 
1     0000c02a  _EepromSaveFlag            
0     0031d8e7  _EnableInterrupts          
1     0000c026  _Flag_TripDataBackup       
1     00000a80  _FlashRegs                 
0     0031d071  _GetInputMark              
0     0031ccb5  _GetTimeAndDateStr         
0     0031ae8c  _GetTripInfo               
1     00006f80  _GpioCtrlRegs              
1     00006fc0  _GpioDataRegs              
1     00006fe0  _GpioIntRegs               
0     0031bc34  _I2CA_Init                 
0     0031bc9c  _I2CA_ReadData             
0     0031bc46  _I2CA_WriteData            
0     0031c1b6  _I2CINT1A_ISR              
0     0031c1c0  _I2CINT2A_ISR              
1     00007900  _I2caRegs                  
1     0000c0e6  _I2nd                      
1     0000c0e4  _I3rd                      
0     0031bfae  _ILLEGAL_ISR               
0     0031bf72  _INT13_ISR                 
0     0031bf7c  _INT14_ISR                 
1     0000c0e2  _I_out                     
1     0000c0de  _I_pri                     
0     0031d745  _InitAdc                   
0     0031d66d  _InitCpuTimers             
0     00008000  _InitFlash                 
0     0031c288  _InitGpio                  
0     0031cef7  _InitPeripheralClocks      
0     0031d8c8  _InitPieCtrl               
0     0031cea6  _InitPll                   
0     0031ce8b  _InitSysCtrl               
0     0031c6b1  _InitWatchDog              
0     0031c46e  _InitXintf                 
0     0031cc31  _Init_Filters              
1     0000c108  _IoutOffset1st             
1     0000c10a  _IoutOffset2nd             
1     0000c0fc  _IoutOffset3rd             
1     0000c104  _IoutOffset4th             
1     0000c106  _IoutScale1st              
1     0000c10c  _IoutScale2nd              
1     0000c0fe  _IoutScale3rd              
1     0000c100  _IoutScale4th              
1     0000c068  _Is_Max_Coeff              
1     0000c168  _Is_abc                    
1     0000c164  _Is_dq                     
1     0000c14a  _Is_mag                    
1     0000c15e  _Is_mag_rms                
1     0000c15c  _Is_max                    
0     0031b914  _LPF1                      
0     0031cbd4  _LPF_2nd                   
0     0031cb48  _LPF_2nd_INIT              
1     0000c710  _LPF_I_u_K                 
1     0000c6e8  _LPF_I_u_in                
1     0000c6d6  _LPF_I_u_out               
1     0000c6c0  _LPF_I_uvw_cutoff_freq     
1     0000c6f4  _LPF_I_v_K                 
1     0000c6c4  _LPF_I_v_in                
1     0000c6d0  _LPF_I_v_out               
1     0000c700  _LPF_I_w_K                 
1     0000c6ca  _LPF_I_w_in                
1     0000c6ee  _LPF_I_w_out               
1     0000c708  _LPF_Vdc_K                 
1     0000c6c2  _LPF_Vdc_cutoff_freq       
1     0000c6e2  _LPF_Vdc_in                
1     0000c6dc  _LPF_Vdc_out               
0     0031c26a  _LUF_ISR                   
0     0031c260  _LVF_ISR                   
1     0000c008  _MAX_PWM_CNT               
0     0031c166  _MRINTA_ISR                
0     0031c152  _MRINTB_ISR                
0     0031c170  _MXINTA_ISR                
0     0031c15c  _MXINTB_ISR                
0     0031b0c2  _MainPWM                   
1     00005000  _McbspaRegs                
1     00005040  _McbspbRegs                
0     0031dac9  _MemCopy                   
1     0000c1d8  _MonitorMsg                
0     0031bfa4  _NMI_ISR                   
0     0031b931  _Nop                       
1     0000c116  _OC_Timer                  
1     0000c13a  _OverCurLimit              
0     0031c274  _PIE_RESERVED              
0     0031b934  _PI_Damp_Controller        
1     0000c5f7  _PartIdRegs                
1     00000ce0  _PieCtrlRegs               
1     00000d00  _PieVectTable              
0     00338d70  _PieVectTableInit          
0     0031b995  _PowerOnReset              
1     0000c112  _Power_out                 
1     0000c146  _RMS_Ia                    
1     0000c150  _RMS_Ib                    
0     0031bf90  _RTOSINT_ISR               
0     0031db70  _RamfuncsLoadEnd           
0     0031db51  _RamfuncsLoadStart         
0     00008000  _RamfuncsRunStart          
0     0031af96  _ReadTripString            
0     0031c1de  _SCIRXINTA_ISR             
0     0031c1f2  _SCIRXINTB_ISR             
0     0031c1ca  _SCIRXINTC_ISR             
0     0031c1e8  _SCITXINTA_ISR             
0     0031c1fc  _SCITXINTB_ISR             
0     0031c1d4  _SCITXINTC_ISR             
0     0031c030  _SEQ1INT_ISR               
0     0031c03a  _SEQ2INT_ISR               
0     0031c13e  _SPIRXINTA_ISR             
0     0031c148  _SPITXINTA_ISR             
0     0031b68b  _SaveDataProc              
0     0031afbe  _SaveTripDataToEeprom      
1     00007050  _SciaRegs                  
1     00007750  _ScibRegs                  
1     00007770  _ScicRegs                  
0     0031ce94  _ServiceDog                
0     0031b994  _SetSensorOffset           
1     0000c12a  _SinTheta                  
1     00007040  _SpiaRegs                  
1     00007010  _SysCtrlRegs               
0     0031c062  _TINT0_ISR                 
1     0000c18a  _TimeInput                 
1     0000c280  _TripInfo                  
1     0000c300  _TripInfoNow               
0     0031addf  _TripProc                  
1     0000c14c  _Ts                        
0     0031c012  _USER10_ISR                
0     0031c01c  _USER11_ISR                
0     0031c026  _USER12_ISR                
0     0031bfb8  _USER1_ISR                 
0     0031bfc2  _USER2_ISR                 
0     0031bfcc  _USER3_ISR                 
0     0031bfd6  _USER4_ISR                 
0     0031bfe0  _USER5_ISR                 
0     0031bfea  _USER6_ISR                 
0     0031bff4  _USER7_ISR                 
0     0031bffe  _USER8_ISR                 
0     0031c008  _USER9_ISR                 
1     0000c15a  _Vdc                       
1     0000c0ec  _VdcOffset                 
1     0000c0e8  _VdcScale                  
1     0000c0e0  _Vout                      
1     0000c0ee  _VoutOffset                
1     0000c0f0  _VoutScale                 
1     0000c158  _Vs_max                    
0     0031c06c  _WAKEINT_ISR               
0     0031cd2d  _WriteTimeToDS1307         
0     0031af5e  _WriteTripString           
0     0031c044  _XINT1_ISR                 
0     0031c04e  _XINT2_ISR                 
0     0031c22e  _XINT3_ISR                 
0     0031c238  _XINT4_ISR                 
0     0031c242  _XINT5_ISR                 
0     0031c24c  _XINT6_ISR                 
0     0031c256  _XINT7_ISR                 
1     00007070  _XIntruptRegs              
1     00000b20  _XintfRegs                 
0     00004000  _ZONE0_BUF                 
0     00100000  _ZONE6_BUF                 
0     00200000  _ZONE7_BUF                 
1     00000700  __STACK_END                
abs   00000300  __STACK_SIZE               
abs   00000300  __SYSMEM_SIZE              
1     0000c5ec  ___TI_cleanup_ptr          
1     0000c5ee  ___TI_dtors_ptr            
0     00319998  ___TI_printfi              
abs   ffffffff  ___binit__                 
abs   ffffffff  ___c_args__                
0     00339122  ___cinit__                 
0     0031db51  ___etext__                 
abs   ffffffff  ___pinit__                 
0     00318000  ___text__                  
0     0031da69  __args_main                
0     00338c6e  __ctypes_                  
1     0000c5fa  __lock                     
0     0031db2e  __nop                      
0     0031db2a  __register_lock            
0     0031db26  __register_unlock          
1     00000400  __stack                    
1     0000c718  __sys_memory               
1     0000c5fc  __unlock                   
0     0031da82  _abort                     
1     0000c004  _adcI2nd                   
1     0000c01a  _adcI3rd                   
1     0000c003  _adcI_out                  
1     0000c006  _adcI_pri                  
1     0000c197  _adc_result                
1     0000c052  _allDeadTime               
1     0000c042  _analog_cmd_in_span1       
1     0000c044  _analog_cmd_in_span2       
1     0000c050  _analog_cmd_in_zero1       
1     0000c040  _analog_cmd_in_zero2       
0     0031d783  _analog_cmd_proc           
0     0031d79a  _analog_out_proc           
1     0000c0d6  _analog_ref_a              
1     0000c0d4  _analog_ref_b              
0     0031db4d  _atof                      
0     0031d815  _atoi                      
0     0031b5f6  _backup_data_load          
0     0031d79b  _c_int00                   
0     0031c896  _calloc                    
0     0031b56b  _check_backup_data         
0     0031bea3  _check_code_data           
0     0031c894  _chkheap                   
1     0000c05e  _codeAnalogOutOffset1      
1     0000c056  _codeAnalogOutOffset2      
1     0000c060  _codeAnalogOutSpan1        
1     0000c064  _codeAnalogOutSpan2        
1     0000c046  _codeAnalogOutZero1        
1     0000c066  _codeAnalogOutZero2        
1     0000c048  _codeAnalogSelect1         
1     0000c062  _codeAnalogSelect2         
1     0000c0b6  _codeIAdcOffset1st         
1     0000c0ac  _codeIAdcOffset2nd         
1     0000c0ae  _codeIAdcOffset3rd         
1     0000c0ca  _codeIAdcOffsetOut         
1     0000c03c  _codeISpan1st              
1     0000c03e  _codeISpan2nd              
1     0000c038  _codeISpan3rd              
1     0000c0b0  _codeISpanOut              
1     0000c07c  _codeIValue1st             
1     0000c082  _codeIValue2nd             
1     0000c078  _codeIValue3rd             
1     0000c07a  _codeIValueOut             
1     0000c132  _codeInitTime              
1     0000c054  _codeOCLevel1st            
1     0000c058  _codeOCLevel2nd            
1     0000c05c  _codeOCLevel3rd            
1     0000c05a  _codeOCLevelOut            
1     0000c130  _codePwmPhaseInit          
1     0000c023  _codeSetPulseNumber        
1     0000c09e  _codeSwitFreq              
1     0000c0b2  _codeVdcOffset             
1     0000c0b4  _codeVdcSpan               
1     0000c0a2  _codeVoutOffset            
1     0000c0a8  _codeVoutSpan              
1     0000c02b  _code_AdcOffsetCh6         
1     0000c156  _code_I_out_ref            
1     0000c0d0  _code_Ki                   
1     0000c0c6  _code_Kp                   
1     0000c030  _code_OC_time              
1     0000c0a0  _code_V_Ki                 
1     0000c0aa  _code_V_Kp                 
1     0000c0a4  _code_V_integLimit         
1     0000c06e  _code_Vdc_calc_high        
1     0000c080  _code_Vdc_calc_low         
1     0000c136  _code_Vdc_set_value        
1     0000c144  _code_Vout                 
1     0000c140  _code_VoutLimit            
1     0000c076  _code_Vout_calc_high       
1     0000c06c  _code_Vout_calc_low        
1     0000c138  _code_accel_time1          
1     0000c14e  _code_accel_time2          
1     0000c070  _code_adcIout1st           
1     0000c072  _code_adcIout2nd           
1     0000c09c  _code_adcIout3rd           
1     0000c092  _code_adcIout4th           
1     0000c094  _code_adcIout5th           
1     0000c06a  _code_adc_Vout_high        
1     0000c074  _code_adc_Vout_low         
1     0000c07e  _code_adc_vdc_high         
1     0000c096  _code_adc_vdc_low          
1     0000c0c0  _code_calIout1st           
1     0000c098  _code_calIout2nd           
1     0000c09a  _code_calIout3rd           
1     0000c088  _code_calIout4th           
1     0000c08e  _code_calIout5th           
1     0000c022  _code_ctrl_mode            
1     0000c0ce  _code_dac_offset_ch1       
1     0000c0c2  _code_dac_offset_ch2       
1     0000c0ba  _code_dac_offset_ch3       
1     0000c0be  _code_dac_offset_ch4       
1     0000c0cc  _code_dac_scale_ch1        
1     0000c0bc  _code_dac_scale_ch2        
1     0000c0b8  _code_dac_scale_ch3        
1     0000c0c4  _code_dac_scale_ch4        
1     0000c015  _code_dac_select_ch1       
1     0000c016  _code_dac_select_ch2       
1     0000c018  _code_dac_select_ch3       
1     0000c005  _code_dac_select_ch4       
1     0000c13e  _code_decel_time1          
1     0000c04c  _code_decel_time2          
1     0000c0a6  _code_feedforward          
1     0000c200  _code_inform               
1     0000c0c8  _code_integLimit           
1     0000c134  _code_ovpTime              
1     0000c0d2  _code_phaseMax             
1     0000c025  _code_protect_IGBT_off     
1     0000c00f  _code_protect_Iadc_off     
1     0000c029  _code_protect_ex_trip_off  
1     0000c002  _code_protect_inhibit_on   
1     0000c00a  _code_protect_ov_off       
1     0000c00b  _code_protect_over_I_off   
1     0000c00c  _code_protect_uv_off       
1     0000c034  _code_rate_current         
1     0000c02e  _code_rate_hz              
1     0000c032  _code_rate_power           
1     0000c036  _code_rate_volt            
1     0000c000  _code_run_input_select     
1     0000c01f  _code_set_Vdc_on           
1     0000c04a  _code_speed2               
1     0000c13c  _code_testPwmPhase         
1     0000c03a  _code_under_volt_set       
0     0031d564  _cpu_timer0_isr            
1     0000c120  _ctrlError                 
1     0000c11e  _ctrlIntegral              
1     0000c0d8  _dac_ch0_unit_count_value  
1     0000c0dc  _dac_ch1_unit_count_value  
1     0000c0da  _dac_ch2_unit_count_value  
1     0000c0f4  _dac_ch3_unit_count_value  
1     0000c380  _dac_point                 
0     0031be30  _data_over_proc            
0     0031bde6  _data_under_proc           
1     0000c013  _debug1                    
1     0000c01e  _debug_count               
0     0031b9b1  _delay_msecs               
1     0000c01d  _digital_input             
0     0031d8f0  _digital_input_proc        
0     00319ab3  _epwmFullBridgeDisable     
0     00319a9d  _epwmFullBridgeEnable      
1     0000c6a6  _errno                     
0     0031da84  _exit                      
0     0031c6cb  _free                      
0     0031c876  _free_memory               
1     0000c126  _frequency                 
0     0031dab3  _frexp                     
1     0000c142  _func_flag                 
1     0000c01b  _gMachineState             
1     0000c007  _gPWMTripCode              
1     0000c00d  _gRunFlag                  
1     0000c019  _gSciInFlag                
1     0000c1a7  _gSciaRxBuf                
1     0000c1c0  _gSciaTxBuf                
1     0000c240  _gStr1                     
1     0000c174  _gStr2                     
1     0000c009  _gTripFlag                 
1     0000c027  _gTripSaveFlag             
0     0031ba62  _get_adc_offset            
0     0031bbd4  _get_adc_vdc_high          
0     0031bb78  _get_adc_vdc_low           
0     00318000  _get_code_group0           
0     003182ac  _get_code_group1           
0     0031846d  _get_code_group2           
0     00318654  _get_code_group3           
0     00318704  _get_code_group4           
0     003188de  _get_code_group5           
0     00318a55  _get_code_group6           
0     00318c40  _get_code_group7           
0     00318e35  _get_code_group8           
0     0031b4e2  _get_code_information      
0     0031b9e7  _get_command               
0     0031bd01  _get_eprom_address         
1     0000c148  _gfRunTime                 
1     0000c001  _giAdcVdc                  
0     0031b9db  _iGetAinCmd                
1     0000c01c  _igbt_fault_input          
0     00319c17  _initEpwmFullBridge        
0     00319acf  _initVariFullbridgeCtrl    
1     0000c010  _init_charge_flag          
0     0031b857  _init_eprom_data           
1     0000c152  _inv_Ts                    
1     0000c0f2  _inv_code_dac_scale_ch1    
1     0000c0f6  _inv_code_dac_scale_ch2    
1     0000c0fa  _inv_code_dac_scale_ch3    
1     0000c0f8  _inv_code_dac_scale_ch4    
0     0031be7a  _invalid_address_proc      
0     0031d7e1  _ldexp                     
0     0031b8d3  _linear_eq                 
0     0031bef5  _load_code2ram             
0     0031d07a  _load_sci_tx_mail_box      
0     0031a759  _load_scib_tx_mail_box     
0     0031a734  _load_scib_tx_mail_box_char
0     0031a1e0  _load_scic_tx_mail_box     
0     0031a1bb  _load_scic_tx_mail_box_char
1     0000c52a  _lpfI_out                  
0     0031d846  _ltoa                      
0     0031c4c0  _main                      
0     0031c736  _malloc                    
0     0031c853  _max_free                  
0     0031db00  _memccpy                   
0     0031d9da  _memcpy                    
0     0031db0e  _memset                    
0     0031c711  _minit                     
0     0031a025  _mode2LoopCtrl             
0     00319d26  _mode3Current_P_I_LoopCtrl 
0     00319e4d  _mode4Volt_P_I_LoopCtrl    
0     00319f35  _mode8LoopCtrl             
0     0031da4d  _modf                      
1     0000c180  _monitor                   
0     0031cf9d  _monitorPrint              
0     0031d037  _monitor_proc              
1     0000c118  _nativeI2nd                
1     0000c11c  _nativeI3rd                
1     0000c102  _nativeI_out               
1     0000c11a  _nativeI_pri               
1     0000c02c  _over_volt_set             
1     0000c114  _ovpTimer                  
0     0031b9c6  _periodic_check            
1     0000c10e  _phaseShiftRatio           
1     0000c0ea  _phaseVref                 
1     0000c5f2  _phase_ratio               
1     0000c110  _preIntegral               
1     0000c020  _protect_reg               
0     00319d17  _pwmPulseTest              
0     0031a0a7  _pwmPulseTestLoopCtrl      
1     0000c04e  _rDeadTime                 
0     0031d305  _ramp_proc                 
0     0031bd9e  _read_eprom_data           
0     0031c797  _realloc                   
1     0000c122  _ref_time                  
1     0000c154  _refer_in0                 
1     0000c12e  _reference_in              
1     0000c12c  _reference_out             
1     0000c00e  _relay_flag                
0     0031c27e  _rsvd_ISR                  
0     0031b5b9  _save_backup_data          
0     0031d1b1  _scibRxFifoIsr             
0     0031d155  _scibTxFifoIsr             
0     0031a775  _scib_cmd_proc             
0     0031a6e5  _scib_fifo_init            
1     0000c541  _scib_rx_end_addr          
1     0000c55b  _scib_rx_msg_box           
1     0000c017  _scib_rx_msg_flag          
1     0000c540  _scib_rx_start_addr        
1     0000c544  _scib_tx_end_addr          
0     0031a71f  _scib_tx_msg               
1     0000c580  _scib_tx_msg_box           
1     0000c545  _scib_tx_start_addr        
0     0031d289  _scicRxFifoIsr             
0     0031d22d  _scicTxFifoIsr             
0     0031a1fc  _scic_cmd_proc             
0     0031a16c  _scic_fifo_init            
1     0000c604  _scic_rx_end_addr          
1     0000c61b  _scic_rx_msg_box           
1     0000c014  _scic_rx_msg_flag          
1     0000c603  _scic_rx_start_addr        
1     0000c600  _scic_tx_end_addr          
0     0031a1a6  _scic_tx_msg               
1     0000c640  _scic_tx_msg_box           
1     0000c605  _scic_tx_start_addr        
0     0031d0a6  _sendAllCodeData           
0     0031d086  _serial_com_proc           
0     0031b54b  _set_code_default_double   
0     0031b532  _set_code_default_int      
0     0031d6e8  _snprintf                  
0     0031db1a  _strchr                    
0     0031db48  _strcpy                    
0     0031db40  _strlen                    
0     0031d99d  _strncpy                   
0     0031ca26  _strtod                    
1     0000c021  _terminal_input_state      
1     0000c028  _test_pulse_count          
1     0000c124  _theta                     
1     0000c08c  _time_t                    
1     0000c012  _timer0_count              
0     0031adbd  _trip_check                
0     0031abe1  _trip_recording            
0     0031b9ad  _ulGetNow_mSec             
0     0031b996  _ulGetTime_mSec            
0     0031dade  _wakeint_isr               
0     0031bd66  _write_code_2_eeprom       
1     0000c011  _xcon_data                 
abs   ffffffff  binit                      
0     00339122  cinit                      
0     0033fff6  code_start                 
0     0031db51  etext                      
abs   ffffffff  pinit                      


GLOBAL SYMBOLS: SORTED BY Symbol Address 

page  address   name                       
----  -------   ----                       
0     00004000  _ZONE0_BUF                 
0     00008000  _InitFlash                 
0     00008000  _RamfuncsRunStart          
0     0000801b  _DSP28x_usDelay            
0     00100000  _ZONE6_BUF                 
0     00200000  _ZONE7_BUF                 
0     00318000  .text                      
0     00318000  ___text__                  
0     00318000  _get_code_group0           
0     003182ac  _get_code_group1           
0     0031846d  _get_code_group2           
0     00318654  _get_code_group3           
0     00318704  _get_code_group4           
0     003188de  _get_code_group5           
0     00318a55  _get_code_group6           
0     00318c40  _get_code_group7           
0     00318e35  _get_code_group8           
0     00319998  ___TI_printfi              
0     00319a9d  _epwmFullBridgeEnable      
0     00319ab3  _epwmFullBridgeDisable     
0     00319acf  _initVariFullbridgeCtrl    
0     00319c17  _initEpwmFullBridge        
0     00319d17  _pwmPulseTest              
0     00319d26  _mode3Current_P_I_LoopCtrl 
0     00319e4d  _mode4Volt_P_I_LoopCtrl    
0     00319f35  _mode8LoopCtrl             
0     0031a025  _mode2LoopCtrl             
0     0031a0a7  _pwmPulseTestLoopCtrl      
0     0031a16c  _scic_fifo_init            
0     0031a1a6  _scic_tx_msg               
0     0031a1bb  _load_scic_tx_mail_box_char
0     0031a1e0  _load_scic_tx_mail_box     
0     0031a1fc  _scic_cmd_proc             
0     0031a6e5  _scib_fifo_init            
0     0031a71f  _scib_tx_msg               
0     0031a734  _load_scib_tx_mail_box_char
0     0031a759  _load_scib_tx_mail_box     
0     0031a775  _scib_cmd_proc             
0     0031abe1  _trip_recording            
0     0031ac16  _CheckOverCurrent          
0     0031ac8e  _CheckOverVolt             
0     0031acb7  _CheckOVP                  
0     0031ad01  _CheckUndeVolt             
0     0031ad39  _CheckIGBTFault            
0     0031ada0  _CheckOverHeat             
0     0031adbd  _trip_check                
0     0031addf  _TripProc                  
0     0031ae8c  _GetTripInfo               
0     0031af5e  _WriteTripString           
0     0031af96  _ReadTripString            
0     0031afbe  _SaveTripDataToEeprom      
0     0031b049  _ClearTripDataToEeprom     
0     0031b0c2  _MainPWM                   
0     0031b4e2  _get_code_information      
0     0031b532  _set_code_default_int      
0     0031b54b  _set_code_default_double   
0     0031b56b  _check_backup_data         
0     0031b5b9  _save_backup_data          
0     0031b5f6  _backup_data_load          
0     0031b64d  _CheckSum                  
0     0031b64f  _CheckSum_bk               
0     0031b68b  _SaveDataProc              
0     0031b857  _init_eprom_data           
0     0031b8d3  _linear_eq                 
0     0031b914  _LPF1                      
0     0031b931  _Nop                       
0     0031b934  _PI_Damp_Controller        
0     0031b994  _SetSensorOffset           
0     0031b995  _PowerOnReset              
0     0031b996  _ulGetTime_mSec            
0     0031b9ad  _ulGetNow_mSec             
0     0031b9b1  _delay_msecs               
0     0031b9c6  _periodic_check            
0     0031b9db  _iGetAinCmd                
0     0031b9e7  _get_command               
0     0031ba62  _get_adc_offset            
0     0031bb78  _get_adc_vdc_low           
0     0031bbd4  _get_adc_vdc_high          
0     0031bc34  _I2CA_Init                 
0     0031bc46  _I2CA_WriteData            
0     0031bc9c  _I2CA_ReadData             
0     0031bd01  _get_eprom_address         
0     0031bd66  _write_code_2_eeprom       
0     0031bd9e  _read_eprom_data           
0     0031bde6  _data_under_proc           
0     0031be30  _data_over_proc            
0     0031be7a  _invalid_address_proc      
0     0031bea3  _check_code_data           
0     0031bef5  _load_code2ram             
0     0031bf72  _INT13_ISR                 
0     0031bf7c  _INT14_ISR                 
0     0031bf86  _DATALOG_ISR               
0     0031bf90  _RTOSINT_ISR               
0     0031bf9a  _EMUINT_ISR                
0     0031bfa4  _NMI_ISR                   
0     0031bfae  _ILLEGAL_ISR               
0     0031bfb8  _USER1_ISR                 
0     0031bfc2  _USER2_ISR                 
0     0031bfcc  _USER3_ISR                 
0     0031bfd6  _USER4_ISR                 
0     0031bfe0  _USER5_ISR                 
0     0031bfea  _USER6_ISR                 
0     0031bff4  _USER7_ISR                 
0     0031bffe  _USER8_ISR                 
0     0031c008  _USER9_ISR                 
0     0031c012  _USER10_ISR                
0     0031c01c  _USER11_ISR                
0     0031c026  _USER12_ISR                
0     0031c030  _SEQ1INT_ISR               
0     0031c03a  _SEQ2INT_ISR               
0     0031c044  _XINT1_ISR                 
0     0031c04e  _XINT2_ISR                 
0     0031c058  _ADCINT_ISR                
0     0031c062  _TINT0_ISR                 
0     0031c06c  _WAKEINT_ISR               
0     0031c076  _EPWM1_TZINT_ISR           
0     0031c080  _EPWM2_TZINT_ISR           
0     0031c08a  _EPWM3_TZINT_ISR           
0     0031c094  _EPWM4_TZINT_ISR           
0     0031c09e  _EPWM5_TZINT_ISR           
0     0031c0a8  _EPWM6_TZINT_ISR           
0     0031c0b2  _EPWM1_INT_ISR             
0     0031c0bc  _EPWM2_INT_ISR             
0     0031c0c6  _EPWM3_INT_ISR             
0     0031c0d0  _EPWM4_INT_ISR             
0     0031c0da  _EPWM5_INT_ISR             
0     0031c0e4  _EPWM6_INT_ISR             
0     0031c0ee  _ECAP1_INT_ISR             
0     0031c0f8  _ECAP2_INT_ISR             
0     0031c102  _ECAP3_INT_ISR             
0     0031c10c  _ECAP4_INT_ISR             
0     0031c116  _ECAP5_INT_ISR             
0     0031c120  _ECAP6_INT_ISR             
0     0031c12a  _EQEP1_INT_ISR             
0     0031c134  _EQEP2_INT_ISR             
0     0031c13e  _SPIRXINTA_ISR             
0     0031c148  _SPITXINTA_ISR             
0     0031c152  _MRINTB_ISR                
0     0031c15c  _MXINTB_ISR                
0     0031c166  _MRINTA_ISR                
0     0031c170  _MXINTA_ISR                
0     0031c17a  _DINTCH1_ISR               
0     0031c184  _DINTCH2_ISR               
0     0031c18e  _DINTCH3_ISR               
0     0031c198  _DINTCH4_ISR               
0     0031c1a2  _DINTCH5_ISR               
0     0031c1ac  _DINTCH6_ISR               
0     0031c1b6  _I2CINT1A_ISR              
0     0031c1c0  _I2CINT2A_ISR              
0     0031c1ca  _SCIRXINTC_ISR             
0     0031c1d4  _SCITXINTC_ISR             
0     0031c1de  _SCIRXINTA_ISR             
0     0031c1e8  _SCITXINTA_ISR             
0     0031c1f2  _SCIRXINTB_ISR             
0     0031c1fc  _SCITXINTB_ISR             
0     0031c206  _ECAN0INTA_ISR             
0     0031c210  _ECAN1INTA_ISR             
0     0031c21a  _ECAN0INTB_ISR             
0     0031c224  _ECAN1INTB_ISR             
0     0031c22e  _XINT3_ISR                 
0     0031c238  _XINT4_ISR                 
0     0031c242  _XINT5_ISR                 
0     0031c24c  _XINT6_ISR                 
0     0031c256  _XINT7_ISR                 
0     0031c260  _LVF_ISR                   
0     0031c26a  _LUF_ISR                   
0     0031c274  _PIE_RESERVED              
0     0031c27e  _rsvd_ISR                  
0     0031c288  _InitGpio                  
0     0031c46e  _InitXintf                 
0     0031c4c0  _main                      
0     0031c6b1  _InitWatchDog              
0     0031c6cb  _free                      
0     0031c711  _minit                     
0     0031c736  _malloc                    
0     0031c797  _realloc                   
0     0031c853  _max_free                  
0     0031c876  _free_memory               
0     0031c894  _chkheap                   
0     0031c896  _calloc                    
0     0031c8ad  _Adc_Isr                   
0     0031ca26  _strtod                    
0     0031cb48  _LPF_2nd_INIT              
0     0031cbd4  _LPF_2nd                   
0     0031cc31  _Init_Filters              
0     0031cc67  _DS1307WriteData           
0     0031cc8b  _DS1307ReadData            
0     0031ccb5  _GetTimeAndDateStr         
0     0031cd2d  _WriteTimeToDS1307         
0     0031cd84  LL$$DIV                    
0     0031cdc0  LL$$MOD                    
0     0031cdfa  ULL$$DIV                   
0     0031ce29  ULL$$MOD                   
0     0031ce8b  _InitSysCtrl               
0     0031ce94  _ServiceDog                
0     0031ce9e  _DisableDog                
0     0031cea6  _InitPll                   
0     0031cef7  _InitPeripheralClocks      
0     0031cf52  _CsmUnlock                 
0     0031cf9d  _monitorPrint              
0     0031d037  _monitor_proc              
0     0031d071  _GetInputMark              
0     0031d07a  _load_sci_tx_mail_box      
0     0031d086  _serial_com_proc           
0     0031d0a6  _sendAllCodeData           
0     0031d155  _scibTxFifoIsr             
0     0031d1b1  _scibRxFifoIsr             
0     0031d22d  _scicTxFifoIsr             
0     0031d289  _scicRxFifoIsr             
0     0031d305  _ramp_proc                 
0     0031d3b5  FD$$ADD                    
0     0031d451  FD$$DIV                    
0     0031d4dc  FS$$DIV                    
0     0031d564  _cpu_timer0_isr            
0     0031d5ea  FD$$MPY                    
0     0031d66d  _InitCpuTimers             
0     0031d6ae  _ConfigCpuTimer            
0     0031d6e8  _snprintf                  
0     0031d745  _InitAdc                   
0     0031d783  _analog_cmd_proc           
0     0031d79a  _analog_out_proc           
0     0031d79b  _c_int00                   
0     0031d7e1  _ldexp                     
0     0031d815  _atoi                      
0     0031d846  _ltoa                      
0     0031d874  FD$$CMP                    
0     0031d89e  L$$DIV                     
0     0031d8ad  L$$MOD                     
0     0031d8bb  UL$$DIV                    
0     0031d8c2  UL$$MOD                    
0     0031d8c8  _InitPieCtrl               
0     0031d8e7  _EnableInterrupts          
0     0031d8f0  _digital_input_proc        
0     0031d918  FD$$TOFS                   
0     0031d93b  I$$DIV                     
0     0031d94c  I$$MOD                     
0     0031d95d  FD$$TOI                    
0     0031d97e  FD$$TOL                    
0     0031d99d  _strncpy                   
0     0031d9bc  LL$$CMP                    
0     0031d9ce  ULL$$CMP                   
0     0031d9da  _memcpy                    
0     0031d9f8  I$$TOFD                    
0     0031da15  FS$$TOFD                   
0     0031da31  L$$TOFD                    
0     0031da4d  _modf                      
0     0031da69  __args_main                
0     0031da82  C$$EXIT                    
0     0031da82  _abort                     
0     0031da84  _exit                      
0     0031da9b  LL$$AND                    
0     0031daa3  LL$$OR                     
0     0031daab  LL$$XOR                    
0     0031dab3  _frexp                     
0     0031dac9  _MemCopy                   
0     0031dade  _wakeint_isr               
0     0031daf2  FD$$SUB                    
0     0031db00  _memccpy                   
0     0031db0e  _memset                    
0     0031db1a  _strchr                    
0     0031db26  __register_unlock          
0     0031db2a  __register_lock            
0     0031db2e  __nop                      
0     0031db2f  FD$$NEG                    
0     0031db40  _strlen                    
0     0031db48  _strcpy                    
0     0031db4d  _atof                      
0     0031db51  _RamfuncsLoadStart         
0     0031db51  ___etext__                 
0     0031db51  etext                      
0     0031db70  _RamfuncsLoadEnd           
0     00338c6e  __ctypes_                  
0     00338d70  _PieVectTableInit          
0     00339122  ___cinit__                 
0     00339122  cinit                      
0     0033fff6  code_start                 
0     00380080  _ADC_cal                   
1     00000400  __stack                    
1     00000700  __STACK_END                
1     00000880  _DevEmuRegs                
1     00000a80  _FlashRegs                 
1     00000ae0  _CsmRegs                   
1     00000b00  _AdcMirror                 
1     00000b20  _XintfRegs                 
1     00000c00  _CpuTimer0Regs             
1     00000c08  _CpuTimer1Regs             
1     00000c10  _CpuTimer2Regs             
1     00000ce0  _PieCtrlRegs               
1     00000d00  _PieVectTable              
1     00001000  _DmaRegs                   
1     00005000  _McbspaRegs                
1     00005040  _McbspbRegs                
1     00006000  _ECanaRegs                 
1     00006040  _ECanaLAMRegs              
1     00006080  _ECanaMOTSRegs             
1     000060c0  _ECanaMOTORegs             
1     00006100  _ECanaMboxes               
1     00006200  _ECanbRegs                 
1     00006240  _ECanbLAMRegs              
1     00006280  _ECanbMOTSRegs             
1     000062c0  _ECanbMOTORegs             
1     00006300  _ECanbMboxes               
1     00006800  _EPwm1Regs                 
1     00006840  _EPwm2Regs                 
1     00006880  _EPwm3Regs                 
1     000068c0  _EPwm4Regs                 
1     00006900  _EPwm5Regs                 
1     00006940  _EPwm6Regs                 
1     00006a00  _ECap1Regs                 
1     00006a20  _ECap2Regs                 
1     00006a40  _ECap3Regs                 
1     00006a60  _ECap4Regs                 
1     00006a80  _ECap5Regs                 
1     00006aa0  _ECap6Regs                 
1     00006b00  _EQep1Regs                 
1     00006b40  _EQep2Regs                 
1     00006f80  _GpioCtrlRegs              
1     00006fc0  _GpioDataRegs              
1     00006fe0  _GpioIntRegs               
1     00007010  _SysCtrlRegs               
1     00007040  _SpiaRegs                  
1     00007050  _SciaRegs                  
1     00007070  _XIntruptRegs              
1     00007100  _AdcRegs                   
1     00007750  _ScibRegs                  
1     00007770  _ScicRegs                  
1     00007900  _I2caRegs                  
1     0000c000  _code_run_input_select     
1     0000c001  _giAdcVdc                  
1     0000c002  _code_protect_inhibit_on   
1     0000c003  _adcI_out                  
1     0000c004  _adcI2nd                   
1     0000c005  _code_dac_select_ch4       
1     0000c006  _adcI_pri                  
1     0000c007  _gPWMTripCode              
1     0000c008  _MAX_PWM_CNT               
1     0000c009  _gTripFlag                 
1     0000c00a  _code_protect_ov_off       
1     0000c00b  _code_protect_over_I_off   
1     0000c00c  _code_protect_uv_off       
1     0000c00d  _gRunFlag                  
1     0000c00e  _relay_flag                
1     0000c00f  _code_protect_Iadc_off     
1     0000c010  _init_charge_flag          
1     0000c011  _xcon_data                 
1     0000c012  _timer0_count              
1     0000c013  _debug1                    
1     0000c014  _scic_rx_msg_flag          
1     0000c015  _code_dac_select_ch1       
1     0000c016  _code_dac_select_ch2       
1     0000c017  _scib_rx_msg_flag          
1     0000c018  _code_dac_select_ch3       
1     0000c019  _gSciInFlag                
1     0000c01a  _adcI3rd                   
1     0000c01b  _gMachineState             
1     0000c01c  _igbt_fault_input          
1     0000c01d  _digital_input             
1     0000c01e  _debug_count               
1     0000c01f  _code_set_Vdc_on           
1     0000c020  _protect_reg               
1     0000c021  _terminal_input_state      
1     0000c022  _code_ctrl_mode            
1     0000c023  _codeSetPulseNumber        
1     0000c025  _code_protect_IGBT_off     
1     0000c026  _Flag_TripDataBackup       
1     0000c027  _gTripSaveFlag             
1     0000c028  _test_pulse_count          
1     0000c029  _code_protect_ex_trip_off  
1     0000c02a  _EepromSaveFlag            
1     0000c02b  _code_AdcOffsetCh6         
1     0000c02c  _over_volt_set             
1     0000c02e  _code_rate_hz              
1     0000c030  _code_OC_time              
1     0000c032  _code_rate_power           
1     0000c034  _code_rate_current         
1     0000c036  _code_rate_volt            
1     0000c038  _codeISpan3rd              
1     0000c03a  _code_under_volt_set       
1     0000c03c  _codeISpan1st              
1     0000c03e  _codeISpan2nd              
1     0000c040  _analog_cmd_in_zero2       
1     0000c042  _analog_cmd_in_span1       
1     0000c044  _analog_cmd_in_span2       
1     0000c046  _codeAnalogOutZero1        
1     0000c048  _codeAnalogSelect1         
1     0000c04a  _code_speed2               
1     0000c04c  _code_decel_time2          
1     0000c04e  _rDeadTime                 
1     0000c050  _analog_cmd_in_zero1       
1     0000c052  _allDeadTime               
1     0000c054  _codeOCLevel1st            
1     0000c056  _codeAnalogOutOffset2      
1     0000c058  _codeOCLevel2nd            
1     0000c05a  _codeOCLevelOut            
1     0000c05c  _codeOCLevel3rd            
1     0000c05e  _codeAnalogOutOffset1      
1     0000c060  _codeAnalogOutSpan1        
1     0000c062  _codeAnalogSelect2         
1     0000c064  _codeAnalogOutSpan2        
1     0000c066  _codeAnalogOutZero2        
1     0000c068  _Is_Max_Coeff              
1     0000c06a  _code_adc_Vout_high        
1     0000c06c  _code_Vout_calc_low        
1     0000c06e  _code_Vdc_calc_high        
1     0000c070  _code_adcIout1st           
1     0000c072  _code_adcIout2nd           
1     0000c074  _code_adc_Vout_low         
1     0000c076  _code_Vout_calc_high       
1     0000c078  _codeIValue3rd             
1     0000c07a  _codeIValueOut             
1     0000c07c  _codeIValue1st             
1     0000c07e  _code_adc_vdc_high         
1     0000c080  _code_Vdc_calc_low         
1     0000c082  _codeIValue2nd             
1     0000c084  _Data_Check                
1     0000c086  _Data_Backup               
1     0000c088  _code_calIout4th           
1     0000c08a  _Data_Init                 
1     0000c08c  _time_t                    
1     0000c08e  _code_calIout5th           
1     0000c090  _Data_Load                 
1     0000c092  _code_adcIout4th           
1     0000c094  _code_adcIout5th           
1     0000c096  _code_adc_vdc_low          
1     0000c098  _code_calIout2nd           
1     0000c09a  _code_calIout3rd           
1     0000c09c  _code_adcIout3rd           
1     0000c09e  _codeSwitFreq              
1     0000c0a0  _code_V_Ki                 
1     0000c0a2  _codeVoutOffset            
1     0000c0a4  _code_V_integLimit         
1     0000c0a6  _code_feedforward          
1     0000c0a8  _codeVoutSpan              
1     0000c0aa  _code_V_Kp                 
1     0000c0ac  _codeIAdcOffset2nd         
1     0000c0ae  _codeIAdcOffset3rd         
1     0000c0b0  _codeISpanOut              
1     0000c0b2  _codeVdcOffset             
1     0000c0b4  _codeVdcSpan               
1     0000c0b6  _codeIAdcOffset1st         
1     0000c0b8  _code_dac_scale_ch3        
1     0000c0ba  _code_dac_offset_ch3       
1     0000c0bc  _code_dac_scale_ch2        
1     0000c0be  _code_dac_offset_ch4       
1     0000c0c0  _code_calIout1st           
1     0000c0c2  _code_dac_offset_ch2       
1     0000c0c4  _code_dac_scale_ch4        
1     0000c0c6  _code_Kp                   
1     0000c0c8  _code_integLimit           
1     0000c0ca  _codeIAdcOffsetOut         
1     0000c0cc  _code_dac_scale_ch1        
1     0000c0ce  _code_dac_offset_ch1       
1     0000c0d0  _code_Ki                   
1     0000c0d2  _code_phaseMax             
1     0000c0d4  _analog_ref_b              
1     0000c0d6  _analog_ref_a              
1     0000c0d8  _dac_ch0_unit_count_value  
1     0000c0da  _dac_ch2_unit_count_value  
1     0000c0dc  _dac_ch1_unit_count_value  
1     0000c0de  _I_pri                     
1     0000c0e0  _Vout                      
1     0000c0e2  _I_out                     
1     0000c0e4  _I3rd                      
1     0000c0e6  _I2nd                      
1     0000c0e8  _VdcScale                  
1     0000c0ea  _phaseVref                 
1     0000c0ec  _VdcOffset                 
1     0000c0ee  _VoutOffset                
1     0000c0f0  _VoutScale                 
1     0000c0f2  _inv_code_dac_scale_ch1    
1     0000c0f4  _dac_ch3_unit_count_value  
1     0000c0f6  _inv_code_dac_scale_ch2    
1     0000c0f8  _inv_code_dac_scale_ch4    
1     0000c0fa  _inv_code_dac_scale_ch3    
1     0000c0fc  _IoutOffset3rd             
1     0000c0fe  _IoutScale3rd              
1     0000c100  _IoutScale4th              
1     0000c102  _nativeI_out               
1     0000c104  _IoutOffset4th             
1     0000c106  _IoutScale1st              
1     0000c108  _IoutOffset1st             
1     0000c10a  _IoutOffset2nd             
1     0000c10c  _IoutScale2nd              
1     0000c10e  _phaseShiftRatio           
1     0000c110  _preIntegral               
1     0000c112  _Power_out                 
1     0000c114  _ovpTimer                  
1     0000c116  _OC_Timer                  
1     0000c118  _nativeI2nd                
1     0000c11a  _nativeI_pri               
1     0000c11c  _nativeI3rd                
1     0000c11e  _ctrlIntegral              
1     0000c120  _ctrlError                 
1     0000c122  _ref_time                  
1     0000c124  _theta                     
1     0000c126  _frequency                 
1     0000c128  _CosTheta                  
1     0000c12a  _SinTheta                  
1     0000c12c  _reference_out             
1     0000c12e  _reference_in              
1     0000c130  _codePwmPhaseInit          
1     0000c132  _codeInitTime              
1     0000c134  _code_ovpTime              
1     0000c136  _code_Vdc_set_value        
1     0000c138  _code_accel_time1          
1     0000c13a  _OverCurLimit              
1     0000c13c  _code_testPwmPhase         
1     0000c13e  _code_decel_time1          
1     0000c140  _code_VoutLimit            
1     0000c142  _func_flag                 
1     0000c144  _code_Vout                 
1     0000c146  _RMS_Ia                    
1     0000c148  _gfRunTime                 
1     0000c14a  _Is_mag                    
1     0000c14c  _Ts                        
1     0000c14e  _code_accel_time2          
1     0000c150  _RMS_Ib                    
1     0000c152  _inv_Ts                    
1     0000c154  _refer_in0                 
1     0000c156  _code_I_out_ref            
1     0000c158  _Vs_max                    
1     0000c15a  _Vdc                       
1     0000c15c  _Is_max                    
1     0000c15e  _Is_mag_rms                
1     0000c160  _DutyCount                 
1     0000c164  _Is_dq                     
1     0000c168  _Is_abc                    
1     0000c16e  _DutyRatio                 
1     0000c174  _gStr2                     
1     0000c180  _monitor                   
1     0000c18a  _TimeInput                 
1     0000c197  _adc_result                
1     0000c1a7  _gSciaRxBuf                
1     0000c1c0  _gSciaTxBuf                
1     0000c1d8  _MonitorMsg                
1     0000c200  _code_inform               
1     0000c240  _gStr1                     
1     0000c280  _TripInfo                  
1     0000c300  _TripInfoNow               
1     0000c380  _dac_point                 
1     0000c510  _CpuTimer1                 
1     0000c518  _CpuTimer2                 
1     0000c520  _CpuTimer0                 
1     0000c52a  _lpfI_out                  
1     0000c540  _scib_rx_start_addr        
1     0000c541  _scib_rx_end_addr          
1     0000c544  _scib_tx_end_addr          
1     0000c545  _scib_tx_start_addr        
1     0000c55b  _scib_rx_msg_box           
1     0000c580  _scib_tx_msg_box           
1     0000c5ec  ___TI_cleanup_ptr          
1     0000c5ee  ___TI_dtors_ptr            
1     0000c5f2  _phase_ratio               
1     0000c5f7  _PartIdRegs                
1     0000c5fa  __lock                     
1     0000c5fc  __unlock                   
1     0000c600  _scic_tx_end_addr          
1     0000c603  _scic_rx_start_addr        
1     0000c604  _scic_rx_end_addr          
1     0000c605  _scic_tx_start_addr        
1     0000c61b  _scic_rx_msg_box           
1     0000c640  _scic_tx_msg_box           
1     0000c6a6  _errno                     
1     0000c6c0  _LPF_I_uvw_cutoff_freq     
1     0000c6c2  _LPF_Vdc_cutoff_freq       
1     0000c6c4  _LPF_I_v_in                
1     0000c6ca  _LPF_I_w_in                
1     0000c6d0  _LPF_I_v_out               
1     0000c6d6  _LPF_I_u_out               
1     0000c6dc  _LPF_Vdc_out               
1     0000c6e2  _LPF_Vdc_in                
1     0000c6e8  _LPF_I_u_in                
1     0000c6ee  _LPF_I_w_out               
1     0000c6f4  _LPF_I_v_K                 
1     0000c700  _LPF_I_w_K                 
1     0000c708  _LPF_Vdc_K                 
1     0000c710  _LPF_I_u_K                 
1     0000c718  __sys_memory               
1     0033fff8  _CsmPwl                    
abs   00000300  __STACK_SIZE               
abs   00000300  __SYSMEM_SIZE              
abs   ffffffff  ___binit__                 
abs   ffffffff  ___c_args__                
abs   ffffffff  ___pinit__                 
abs   ffffffff  binit                      
abs   ffffffff  pinit                      

[586 symbols]
