******************************************************************************
        TMS320C2000 COFF Linker PC v5.0.1                      
******************************************************************************
>> Linked Thu Apr 12 17:30:58 2012

OUTPUT FILE NAME:   <./Debug/RegenTest.out>
ENTRY POINT SYMBOL: "_c_int00"  address: 000061e4


MEMORY CONFIGURATION

         name            origin    length      used     unused   attr    fill
----------------------  --------  ---------  --------  --------  ----  --------
PAGE 0:
  BEGIN                 00000000   00000002  00000002  00000000  RWIX
  BOOT_RSVD             00000002   0000004e  00000000  0000004e  RWIX
  RAMM0                 00000050   000003b0  00000000  000003b0  RWIX
  RAML0                 00008000   00000500  00000474  0000008c  RWIX
  RAML1                 00008500   00006000  00000000  00006000  RWIX
  ZONE7A                00200000   0000fc00  00000000  0000fc00  RWIX
  CSM_RSVD              0033ff80   00000076  00000000  00000076  RWIX
  CSM_PWL               0033fff8   00000008  00000000  00000008  RWIX
  ADC_CAL               00380080   00000009  00000007  00000002  RWIX
  IQTABLES              003fe000   00000b50  00000000  00000b50  RWIX
  IQTABLES2             003feb50   0000008c  00000000  0000008c  RWIX
  FPUTABLES             003febdc   000006a0  00000000  000006a0  RWIX
  BOOTROM               003ff27c   00000d44  00000000  00000d44  RWIX
  RESET                 003fffc0   00000002  00000000  00000002  RWIX

PAGE 1:
  RAMM1                 00000400   00000400  00000300  00000100  RWIX
  DEV_EMU               00000880   00000180  000000d0  000000b0  RWIX
  FLASH_REGS            00000a80   00000060  00000008  00000058  RWIX
  CSM                   00000ae0   00000010  00000010  00000000  RWIX
  ADC_MIRROR            00000b00   00000010  00000010  00000000  RWIX
  XINTF                 00000b20   00000020  0000001e  00000002  RWIX
  CPU_TIMER0            00000c00   00000008  00000008  00000000  RWIX
  CPU_TIMER1            00000c08   00000008  00000008  00000000  RWIX
  CPU_TIMER2            00000c10   00000008  00000008  00000000  RWIX
  PIE_CTRL              00000ce0   00000020  0000001a  00000006  RWIX
  PIE_VECT              00000d00   00000100  00000100  00000000  RWIX
  DMA                   00001000   00000200  000000e0  00000120  RWIX
  ZONE0                 00004000   00001000  00000100  00000f00  RWIX
  MCBSPA                00005000   00000040  00000025  0000001b  RWIX
  MCBSPB                00005040   00000040  00000025  0000001b  RWIX
  ECANA                 00006000   00000040  00000034  0000000c  RWIX
  ECANA_LAM             00006040   00000040  00000040  00000000  RWIX
  ECANA_MOTS            00006080   00000040  00000040  00000000  RWIX
  ECANA_MOTO            000060c0   00000040  00000040  00000000  RWIX
  ECANA_MBOX            00006100   00000100  00000100  00000000  RWIX
  ECANB                 00006200   00000040  00000034  0000000c  RWIX
  ECANB_LAM             00006240   00000040  00000040  00000000  RWIX
  ECANB_MOTS            00006280   00000040  00000040  00000000  RWIX
  ECANB_MOTO            000062c0   00000040  00000040  00000000  RWIX
  ECANB_MBOX            00006300   00000100  00000100  00000000  RWIX
  EPWM1                 00006800   00000022  00000022  00000000  RWIX
  EPWM2                 00006840   00000022  00000022  00000000  RWIX
  EPWM3                 00006880   00000022  00000022  00000000  RWIX
  EPWM4                 000068c0   00000022  00000022  00000000  RWIX
  EPWM5                 00006900   00000022  00000022  00000000  RWIX
  EPWM6                 00006940   00000022  00000022  00000000  RWIX
  ECAP1                 00006a00   00000020  00000020  00000000  RWIX
  ECAP2                 00006a20   00000020  00000020  00000000  RWIX
  ECAP3                 00006a40   00000020  00000020  00000000  RWIX
  ECAP4                 00006a60   00000020  00000020  00000000  RWIX
  ECAP5                 00006a80   00000020  00000020  00000000  RWIX
  ECAP6                 00006aa0   00000020  00000020  00000000  RWIX
  EQEP1                 00006b00   00000040  00000040  00000000  RWIX
  EQEP2                 00006b40   00000040  00000040  00000000  RWIX
  GPIOCTRL              00006f80   00000040  0000002e  00000012  RWIX
  GPIODAT               00006fc0   00000020  00000020  00000000  RWIX
  GPIOINT               00006fe0   00000020  0000000a  00000016  RWIX
  SYSTEM                00007010   00000020  00000020  00000000  RWIX
  SPIA                  00007040   00000010  00000010  00000000  RWIX
  SCIA                  00007050   00000010  00000010  00000000  RWIX
  XINTRUPT              00007070   00000010  00000010  00000000  RWIX
  ADC                   00007100   00000020  0000001e  00000002  RWIX
  SCIB                  00007750   00000010  00000010  00000000  RWIX
  SCIC                  00007770   00000010  00000010  00000000  RWIX
  I2CA                  00007900   00000040  00000022  0000001e  RWIX
  RAML4                 0000e500   00001b00  00001a80  00000080  RWIX
  ZONE6                 00100000   00100000  00010000  000f0000  RWIX
  ZONE7B                0020fc00   00000400  00000400  00000000  RWIX
  CSM_PWL               0033fff8   00000008  00000008  00000000  RWIX


SECTION ALLOCATION MAP

 output                                  attributes/
section   page    origin      length       input sections
--------  ----  ----------  ----------   ----------------
.data      0    00000000    00000000     UNINITIALIZED

codestart 
*          0    00000000    00000002     
                  00000000    00000002     DSP2833x_CodeStartBranch.obj (codestart)

.text      0    00000000    00006517     FAILED TO ALLOCATE
                  00000000    00000020     rts2800_fpu32.lib : sqrt.obj (.text)
                  00000020    00000d7c     code_group_all.obj (.text)
                  00000d9c    00000990     rts2800_fpu32.lib : _printfi.obj (.text)
                  0000172c    0000078c     SVM.obj (.text)
                  00001eb8    00000683     scic.obj (.text)
                  0000253b    00000678     scibv10.obj (.text)
                  00002bb3    0000053e     delta_trip_proc.obj (.text)
                  000030f1    000003d6     main.obj (.text)
                  000034c7    000003c8     code_proc.obj (.text)
                  0000388f    0000038d     set_gpio.obj (.text)
                  00003c1c    0000032a     udd_eeprom.obj (.text)
                  00003f46    00000316     DSP2833x_DefaultIsr.obj (.text)
                  0000425c    00000308     ParameterSet.obj (.text)
                  00004564    000002d9     common_module.obj (.text)
                  0000483d    0000029f     vf_contol.obj (.text)
                  00004adc    00000276     SwingRefFunc.obj (.text)
                  00004d52    00000260     analog.obj (.text)
                  00004fb2    000001f4     rts2800_fpu32.lib : memory.obj (.text)
                  000051a6    000001e7     switching_irq.obj (.text)
                  0000538d    000001ba     Set_Par.obj (.text)
                  00005547    0000014f     DSP2833x_SysCtrl.obj (.text)
                  00005696    00000138     rts2800_fpu32.lib : strtod.obj (.text)
                  000057ce    00000136     set_dac_point.obj (.text)
                  00005904    0000011d     digital_inout.obj (.text)
                  00005a21    00000118     DS1307.obj (.text)
                  00005b39    00000107     rts2800_fpu32.lib : ll_div.obj (.text)
                  00005c40    000000ed     back2back_control.obj (.text)
                  00005d2d    0000009c     rts2800_fpu32.lib : fd_add.obj (.text)
                  00005dc9    00000093     DSP2833x_CpuTimers.obj (.text)
                  00005e5c    0000008b     rts2800_fpu32.lib : fd_div.obj (.text)
                  00005ee7    00000088                       : fs_div.obj (.text)
                  00005f6f    00000085     udd_timer_irq.obj (.text)
                  00005ff4    00000083     rts2800_fpu32.lib : fd_mpy.obj (.text)
                  00006077    00000061                       : cos.obj (.text)
                  000060d8    0000005f                       : sin.obj (.text)
                  00006137    00000058                       : snprintf.obj (.text)
                  0000618f    00000055     MonitorProc.obj (.text)
                  000061e4    00000046     rts2800_fpu32.lib : boot.obj (.text)
                  0000622a    00000031                       : atoi.obj (.text)
                  0000625b    0000002e                       : ltoa.obj (.text)
                  00006289    0000002a                       : fd_cmp.obj (.text)
                  000062b3    0000002a                       : l_div.obj (.text)
                  000062dd    0000002a     DSP2833x_PieCtrl.obj (.text)
                  00006307    00000025     serial_com.obj (.text)
                  0000632c    00000022     rts2800_fpu32.lib : i_div.obj (.text)
                  0000634e    00000022     DSP2833x_PieVect.obj (.text)
                  00006370    00000021     rts2800_fpu32.lib : fd_toi.obj (.text)
                  00006391    00000021                       : memcpy_ff.obj (.text)
                  000063b2    00000020                       : strncpy.obj (.text)
                  000063d2    0000001f                       : fd_tol.obj (.text)
                  000063f1    0000001e                       : ll_cmp.obj (.text)
                  0000640f    0000001c                       : fs_tofd.obj (.text)
                  0000642b    0000001c                       : l_tofd.obj (.text)
                  00006447    0000001a                       : modf.obj (.text)
                  00006461    00000018                       : exit.obj (.text)
                  00006479    00000017     DSP2833x_MemCopy.obj (.text)
                  00006490    00000015     rts2800_fpu32.lib : args_main.obj (.text)
                  000064a5    00000014                       : ll_mpy.obj (.text)
                  000064b9    00000012                       : memccpy.obj (.text)
                  000064cb    0000000e                       : fd_sub.obj (.text)
                  000064d9    0000000a                       : strlen.obj (.text)
                  000064e3    00000009                       : fd_neg.obj (.text)
                  000064ec    00000009                       : _lock.obj (.text)
                  000064f5    00000009                       : strcpy.obj (.text)
                  000064fe    00000008     DSP2833x_CodeStartBranch.obj (.text)
                  00006506    00000007     rts2800_fpu32.lib : memset.obj (.text)
                  0000650d    00000006     auto_tuning.obj (.text)
                  00006513    00000003     SL_Vect.obj (.text)
                  00006516    00000001     test_run.obj (.text)

.pinit     0    00008000    00000000     UNINITIALIZED

.cinit     0    00008000    000003e1     
                  00008000    0000000a     rts2800_fpu32.lib : exit.obj (.cinit)
                  0000800a    0000000a                       : _lock.obj (.cinit)
                  00008014    00000005     common_module.obj (.cinit)
                  00008019    00000015     delta_trip_proc.obj (.cinit)
                  0000802e    0000034d     main.obj (.cinit)
                  0000837b    00000005     MonitorProc.obj (.cinit)
                  00008380    00000025     scibv10.obj (.cinit)
                  000083a5    00000025     scic.obj (.cinit)
                  000083ca    00000005     SwingRefFunc.obj (.cinit)
                  000083cf    00000004     switching_irq.obj (.cinit)
                  000083d3    00000005     vf_contol.obj (.cinit)
                  000083d8    00000004     rts2800_fpu32.lib : memory.obj (.cinit)
                  000083dc    00000004                       : errno.obj (.cinit)
                  000083e0    00000001     --HOLE-- [fill = 0]

.switch    0    000083e2    0000006c     
                  000083e2    0000006c     code_group_all.obj (.switch)

ramfuncs   0    0000844e    00000027     
                  0000844e    00000023     DSP2833x_SysCtrl.obj (ramfuncs)
                  00008471    00000004     DSP2833x_usDelay.obj (ramfuncs)

IQmath     0    00008500    00000000     UNINITIALIZED

csm_rsvd   0    0033ff80    00000000     DSECT

csmpasswds 
*          0    0033fff8    00000000     DSECT

.adc_cal   0    00380080    00000007     NOLOAD SECTION
                  00380080    00000007     DSP2833x_ADC_cal.obj (.adc_cal)

IQmathTables 
*          0    003fe000    00000000     NOLOAD SECTION

IQmathTables2 
*          0    003feb50    00000000     NOLOAD SECTION

FPUmathTables 
*          0    003febdc    00000000     NOLOAD SECTION

.reset     0    003fffc0    00000002     DSECT
                  003fffc0    00000002     rts2800_fpu32.lib : boot.obj (.reset)

.bss       1    00000000    00000000     UNINITIALIZED

.esysmem   1    00000400    00000000     UNINITIALIZED

.stack     1    00000400    00000300     UNINITIALIZED

DevEmuRegsFile 
*          1    00000880    000000d0     UNINITIALIZED
                  00000880    000000d0     DSP2833x_GlobalVariableDefs.obj (DevEmuRegsFile)

FlashRegsFile 
*          1    00000a80    00000008     UNINITIALIZED
                  00000a80    00000008     DSP2833x_GlobalVariableDefs.obj (FlashRegsFile)

CsmRegsFile 
*          1    00000ae0    00000010     UNINITIALIZED
                  00000ae0    00000010     DSP2833x_GlobalVariableDefs.obj (CsmRegsFile)

AdcMirrorFile 
*          1    00000b00    00000010     UNINITIALIZED
                  00000b00    00000010     DSP2833x_GlobalVariableDefs.obj (AdcMirrorFile)

XintfRegsFile 
*          1    00000b20    0000001e     UNINITIALIZED
                  00000b20    0000001e     DSP2833x_GlobalVariableDefs.obj (XintfRegsFile)

CpuTimer0RegsFile 
*          1    00000c00    00000008     UNINITIALIZED
                  00000c00    00000008     DSP2833x_GlobalVariableDefs.obj (CpuTimer0RegsFile)

CpuTimer1RegsFile 
*          1    00000c08    00000008     UNINITIALIZED
                  00000c08    00000008     DSP2833x_GlobalVariableDefs.obj (CpuTimer1RegsFile)

CpuTimer2RegsFile 
*          1    00000c10    00000008     UNINITIALIZED
                  00000c10    00000008     DSP2833x_GlobalVariableDefs.obj (CpuTimer2RegsFile)

PieCtrlRegsFile 
*          1    00000ce0    0000001a     UNINITIALIZED
                  00000ce0    0000001a     DSP2833x_GlobalVariableDefs.obj (PieCtrlRegsFile)

PieVectTableFile 
*          1    00000d00    00000100     UNINITIALIZED
                  00000d00    00000100     DSP2833x_GlobalVariableDefs.obj (PieVectTableFile)

DmaRegsFile 
*          1    00001000    000000e0     UNINITIALIZED
                  00001000    000000e0     DSP2833x_GlobalVariableDefs.obj (DmaRegsFile)

ZONE0DATA 
*          1    00004000    00000100     UNINITIALIZED
                  00004000    00000100     main.obj (ZONE0DATA)

McbspaRegsFile 
*          1    00005000    00000025     UNINITIALIZED
                  00005000    00000025     DSP2833x_GlobalVariableDefs.obj (McbspaRegsFile)

McbspbRegsFile 
*          1    00005040    00000025     UNINITIALIZED
                  00005040    00000025     DSP2833x_GlobalVariableDefs.obj (McbspbRegsFile)

ECanaRegsFile 
*          1    00006000    00000034     UNINITIALIZED
                  00006000    00000034     DSP2833x_GlobalVariableDefs.obj (ECanaRegsFile)

ECanaLAMRegsFile 
*          1    00006040    00000040     UNINITIALIZED
                  00006040    00000040     DSP2833x_GlobalVariableDefs.obj (ECanaLAMRegsFile)

ECanaMOTSRegsFile 
*          1    00006080    00000040     UNINITIALIZED
                  00006080    00000040     DSP2833x_GlobalVariableDefs.obj (ECanaMOTSRegsFile)

ECanaMOTORegsFile 
*          1    000060c0    00000040     UNINITIALIZED
                  000060c0    00000040     DSP2833x_GlobalVariableDefs.obj (ECanaMOTORegsFile)

ECanaMboxesFile 
*          1    00006100    00000100     UNINITIALIZED
                  00006100    00000100     DSP2833x_GlobalVariableDefs.obj (ECanaMboxesFile)

ECanbRegsFile 
*          1    00006200    00000034     UNINITIALIZED
                  00006200    00000034     DSP2833x_GlobalVariableDefs.obj (ECanbRegsFile)

ECanbLAMRegsFile 
*          1    00006240    00000040     UNINITIALIZED
                  00006240    00000040     DSP2833x_GlobalVariableDefs.obj (ECanbLAMRegsFile)

ECanbMOTSRegsFile 
*          1    00006280    00000040     UNINITIALIZED
                  00006280    00000040     DSP2833x_GlobalVariableDefs.obj (ECanbMOTSRegsFile)

ECanbMOTORegsFile 
*          1    000062c0    00000040     UNINITIALIZED
                  000062c0    00000040     DSP2833x_GlobalVariableDefs.obj (ECanbMOTORegsFile)

ECanbMboxesFile 
*          1    00006300    00000100     UNINITIALIZED
                  00006300    00000100     DSP2833x_GlobalVariableDefs.obj (ECanbMboxesFile)

EPwm1RegsFile 
*          1    00006800    00000022     UNINITIALIZED
                  00006800    00000022     DSP2833x_GlobalVariableDefs.obj (EPwm1RegsFile)

EPwm2RegsFile 
*          1    00006840    00000022     UNINITIALIZED
                  00006840    00000022     DSP2833x_GlobalVariableDefs.obj (EPwm2RegsFile)

EPwm3RegsFile 
*          1    00006880    00000022     UNINITIALIZED
                  00006880    00000022     DSP2833x_GlobalVariableDefs.obj (EPwm3RegsFile)

EPwm4RegsFile 
*          1    000068c0    00000022     UNINITIALIZED
                  000068c0    00000022     DSP2833x_GlobalVariableDefs.obj (EPwm4RegsFile)

EPwm5RegsFile 
*          1    00006900    00000022     UNINITIALIZED
                  00006900    00000022     DSP2833x_GlobalVariableDefs.obj (EPwm5RegsFile)

EPwm6RegsFile 
*          1    00006940    00000022     UNINITIALIZED
                  00006940    00000022     DSP2833x_GlobalVariableDefs.obj (EPwm6RegsFile)

ECap1RegsFile 
*          1    00006a00    00000020     UNINITIALIZED
                  00006a00    00000020     DSP2833x_GlobalVariableDefs.obj (ECap1RegsFile)

ECap2RegsFile 
*          1    00006a20    00000020     UNINITIALIZED
                  00006a20    00000020     DSP2833x_GlobalVariableDefs.obj (ECap2RegsFile)

ECap3RegsFile 
*          1    00006a40    00000020     UNINITIALIZED
                  00006a40    00000020     DSP2833x_GlobalVariableDefs.obj (ECap3RegsFile)

ECap4RegsFile 
*          1    00006a60    00000020     UNINITIALIZED
                  00006a60    00000020     DSP2833x_GlobalVariableDefs.obj (ECap4RegsFile)

ECap5RegsFile 
*          1    00006a80    00000020     UNINITIALIZED
                  00006a80    00000020     DSP2833x_GlobalVariableDefs.obj (ECap5RegsFile)

ECap6RegsFile 
*          1    00006aa0    00000020     UNINITIALIZED
                  00006aa0    00000020     DSP2833x_GlobalVariableDefs.obj (ECap6RegsFile)

EQep1RegsFile 
*          1    00006b00    00000040     UNINITIALIZED
                  00006b00    00000040     DSP2833x_GlobalVariableDefs.obj (EQep1RegsFile)

EQep2RegsFile 
*          1    00006b40    00000040     UNINITIALIZED
                  00006b40    00000040     DSP2833x_GlobalVariableDefs.obj (EQep2RegsFile)

GpioCtrlRegsFile 
*          1    00006f80    0000002e     UNINITIALIZED
                  00006f80    0000002e     DSP2833x_GlobalVariableDefs.obj (GpioCtrlRegsFile)

GpioDataRegsFile 
*          1    00006fc0    00000020     UNINITIALIZED
                  00006fc0    00000020     DSP2833x_GlobalVariableDefs.obj (GpioDataRegsFile)

GpioIntRegsFile 
*          1    00006fe0    0000000a     UNINITIALIZED
                  00006fe0    0000000a     DSP2833x_GlobalVariableDefs.obj (GpioIntRegsFile)

SysCtrlRegsFile 
*          1    00007010    00000020     UNINITIALIZED
                  00007010    00000020     DSP2833x_GlobalVariableDefs.obj (SysCtrlRegsFile)

SpiaRegsFile 
*          1    00007040    00000010     UNINITIALIZED
                  00007040    00000010     DSP2833x_GlobalVariableDefs.obj (SpiaRegsFile)

SciaRegsFile 
*          1    00007050    00000010     UNINITIALIZED
                  00007050    00000010     DSP2833x_GlobalVariableDefs.obj (SciaRegsFile)

XIntruptRegsFile 
*          1    00007070    00000010     UNINITIALIZED
                  00007070    00000010     DSP2833x_GlobalVariableDefs.obj (XIntruptRegsFile)

AdcRegsFile 
*          1    00007100    0000001e     UNINITIALIZED
                  00007100    0000001e     DSP2833x_GlobalVariableDefs.obj (AdcRegsFile)

ScibRegsFile 
*          1    00007750    00000010     UNINITIALIZED
                  00007750    00000010     DSP2833x_GlobalVariableDefs.obj (ScibRegsFile)

ScicRegsFile 
*          1    00007770    00000010     UNINITIALIZED
                  00007770    00000010     DSP2833x_GlobalVariableDefs.obj (ScicRegsFile)

I2caRegsFile 
*          1    00007900    00000022     UNINITIALIZED
                  00007900    00000022     DSP2833x_GlobalVariableDefs.obj (I2caRegsFile)

DMARAML4   1    0000e500    00000000     UNINITIALIZED

DMARAML5   1    0000e500    00000000     UNINITIALIZED

DMARAML6   1    0000e500    00000000     UNINITIALIZED

DMARAML7   1    0000e500    00000000     UNINITIALIZED

.econst    1    0000e500    0000121b     
                  0000e500    000007b7     code_group_all.obj (.econst)
                  0000ecb7    00000001     --HOLE-- [fill = 0]
                  0000ecb8    000001c0     scic.obj (.econst)
                  0000ee78    0000019e     scibv10.obj (.econst)
                  0000f016    0000016b     delta_trip_proc.obj (.econst)
                  0000f181    00000001     --HOLE-- [fill = 0]
                  0000f182    00000102     code_proc.obj (.econst)
                  0000f284    00000100     DSP2833x_PieVect.obj (.econst)
                  0000f384    000000bc     common_module.obj (.econst)
                  0000f440    000000b5     udd_eeprom.obj (.econst)
                  0000f4f5    00000001     --HOLE-- [fill = 0]
                  0000f4f6    00000041     vf_contol.obj (.econst)
                  0000f537    00000001     --HOLE-- [fill = 0]
                  0000f538    0000003c     rts2800_fpu32.lib : _printfi.obj (.econst)
                  0000f574    00000036     main.obj (.econst)
                  0000f5aa    0000002f     Set_Par.obj (.econst)
                  0000f5d9    00000001     --HOLE-- [fill = 0]
                  0000f5da    00000014     rts2800_fpu32.lib : strtod.obj (.econst:_digits)
                  0000f5ee    00000010     digital_inout.obj (.econst)
                  0000f5fe    0000000f     MonitorProc.obj (.econst)
                  0000f60d    00000001     --HOLE-- [fill = 0]
                  0000f60e    0000000c     rts2800_fpu32.lib : strtod.obj (.econst:_powerof10)
                  0000f61a    00000101                       : ctype.obj (.econst:__ctypes_)

.ebss      1    0000f740    00000865     UNINITIALIZED
                  0000f740    000006dc     main.obj (.ebss)
                  0000fe1c    00000018     DSP2833x_CpuTimers.obj (.ebss)
                  0000fe34    00000008     rts2800_fpu32.lib : memory.obj (.ebss)
                  0000fe3c    00000004                       : _lock.obj (.ebss)
                  0000fe40    000000a4     scibv10.obj (.ebss)
                  0000fee4    00000006     SVM.obj (.ebss)
                  0000feea    00000006     delta_trip_proc.obj (.ebss)
                  0000fef0    00000004     rts2800_fpu32.lib : exit.obj (.ebss)
                  0000fef4    00000004     SwingRefFunc.obj (.ebss)
                  0000fef8    00000002     MonitorProc.obj (.ebss)
                  0000fefa    00000002     common_module.obj (.ebss)
                  0000fefc    00000002     vf_contol.obj (.ebss)
                  0000fefe    00000001     rts2800_fpu32.lib : errno.obj (.ebss)
                  0000feff    00000001     DSP2833x_GlobalVariableDefs.obj (.ebss)
                  0000ff00    000000a4     scic.obj (.ebss)
                  0000ffa4    00000001     switching_irq.obj (.ebss)

ZONE6DATA 
*          1    00100000    00010000     UNINITIALIZED
                  00100000    00010000     main.obj (ZONE6DATA)

ZONE7DATA 
*          1    0020fc00    00000100     UNINITIALIZED
                  0020fc00    00000100     main.obj (ZONE7DATA)

.sysmem    1    0020fd00    00000300     UNINITIALIZED

CsmPwlFile 
*          1    0033fff8    00000008     UNINITIALIZED
                  0033fff8    00000008     DSP2833x_GlobalVariableDefs.obj (CsmPwlFile)


GLOBAL SYMBOLS: SORTED ALPHABETICALLY BY Name 

address    name
--------   ----
00000000   .bss
00000000   .data
00000000   .text
00006461   C$$EXIT
00005d2d   FD$$ADD
00006289   FD$$CMP
00005e5c   FD$$DIV
00005ff4   FD$$MPY
000064e3   FD$$NEG
000064cb   FD$$SUB
00006370   FD$$TOI
000063d2   FD$$TOL
00005ee7   FS$$DIV
0000640f   FS$$TOFD
0000632c   I$$DIV
0000633d   I$$MOD
000062b3   L$$DIV
000062c2   L$$MOD
0000642b   L$$TOFD
000063f1   LL$$CMP
00005b39   LL$$DIV
00005b75   LL$$MOD
000064a5   LL$$MPY
000062d0   UL$$DIV
000062d7   UL$$MOD
00006403   ULL$$CMP
00005baf   ULL$$DIV
00005bde   ULL$$MOD
0000402c   _ADCINT_ISR
00380080   _ADC_cal
00000b00   _AdcMirror
00007100   _AdcRegs
00004db7   _Adc_Isr
0000f8a8   _AnaCmdReference
0000f77b   _AutoTuningFlag
00005541   _COMMON_VECT_CNTL_ParameterVerification
0000f783   _CON_PWM_Flag
0000f7b0   _C_ce
0000f7ce   _C_ce_nF
00002d3f   _CheckIGBTFault
00002d85   _CheckOverHeat
00002d0c   _CheckOverSpeed
00002cac   _CheckOverVolt
00003630   _CheckSum
00003632   _CheckSum_bk
00002cdb   _CheckUndeVolt
00003080   _ClearTripDataToEeprom
00005e15   _ConfigCpuTimer
UNDEFED _CosDeltaTheta
0000f832   _CosTheta
0000f962   _Cos_theta
0000fe2c   _CpuTimer0
00000c00   _CpuTimer0Regs
0000fe1c   _CpuTimer1
00000c08   _CpuTimer1Regs
0000fe24   _CpuTimer2
00000c10   _CpuTimer2Regs
0033fff8   _CsmPwl
00000ae0   _CsmRegs
00005665   _CsmUnlock
0000fa6e   _Current_Input_R
0000fa74   _Current_Input_S
0000fa6a   _Current_Input_T
0000fa6c   _Current_Output_R
0000fa76   _Current_Output_S
0000fa70   _Current_Output_T
00003f5a   _DATALOG_ISR
0000f940   _DC_LINK_N
0000f946   _DC_LINK_P
0000f782   _DC_fault_cnt
0000fb0a   _DF_Uan
0000fb14   _DF_Ubn
0000fb00   _DF_Ucn
0000414e   _DINTCH1_ISR
00004158   _DINTCH2_ISR
00004162   _DINTCH3_ISR
0000416c   _DINTCH4_ISR
00004176   _DINTCH5_ISR
00004180   _DINTCH6_ISR
00005a4a   _DS1307ReadData
00005a21   _DS1307WriteData
00008471   _DSP28x_usDelay
0000f8ac   _Data_Backup
0000f8aa   _Data_Check
0000f8c8   _Data_Init
0000f8d2   _Data_Load
0000fee4   _Dd
UNDEFED _DeltaLambda
UNDEFED _DeltaTheta
UNDEFED _Delta_wr
00000880   _DevEmuRegs
0000555a   _DisableDog
00001000   _DmaRegs
0000fa86   _DutyCount
0000faf0   _DutyRatio
000041da   _ECAN0INTA_ISR
000041ee   _ECAN0INTB_ISR
000041e4   _ECAN1INTA_ISR
000041f8   _ECAN1INTB_ISR
000040c2   _ECAP1_INT_ISR
000040cc   _ECAP2_INT_ISR
000040d6   _ECAP3_INT_ISR
000040e0   _ECAP4_INT_ISR
000040ea   _ECAP5_INT_ISR
000040f4   _ECAP6_INT_ISR
00006040   _ECanaLAMRegs
000060c0   _ECanaMOTORegs
00006080   _ECanaMOTSRegs
00006100   _ECanaMboxes
00006000   _ECanaRegs
00006240   _ECanbLAMRegs
000062c0   _ECanbMOTORegs
00006280   _ECanbMOTSRegs
00006300   _ECanbMboxes
00006200   _ECanbRegs
00006a00   _ECap1Regs
00006a20   _ECap2Regs
00006a40   _ECap3Regs
00006a60   _ECap4Regs
00006a80   _ECap5Regs
00006aa0   _ECap6Regs
00003f6e   _EMUINT_ISR
00004086   _EPWM1_INT_ISR
0000404a   _EPWM1_TZINT_ISR
00004090   _EPWM2_INT_ISR
00004054   _EPWM2_TZINT_ISR
0000409a   _EPWM3_INT_ISR
0000405e   _EPWM3_TZINT_ISR
000040a4   _EPWM4_INT_ISR
00004068   _EPWM4_TZINT_ISR
000040ae   _EPWM5_INT_ISR
00004072   _EPWM5_TZINT_ISR
000040b8   _EPWM6_INT_ISR
0000407c   _EPWM6_TZINT_ISR
00006800   _EPwm1Regs
00006840   _EPwm2Regs
00006880   _EPwm3Regs
000068c0   _EPwm4Regs
00006900   _EPwm5Regs
00006940   _EPwm6Regs
00005c8c   _EPwm_All_Disable
00005c40   _EPwm_ISC_Enable
00005c60   _EPwm_OSC_Enable
000040fe   _EQEP1_INT_ISR
00004108   _EQEP2_INT_ISR
00006b00   _EQep1Regs
00006b40   _EQep2Regs
0000f74d   _EepromSaveFlag
000062fc   _EnableInterrupts
0000f788   _Fault_Code
0000f746   _Flag_TripDataBackup
00000a80   _FlashRegs
UNDEFED _Fr
UNDEFED _Fr_Err
UNDEFED _Fr_ErrInt
UNDEFED _Fr_ref
UNDEFED _Fr_ref0
0000f7d8   _Freq_out
0000f83e   _Freq_rat
0000f81e   _Freq_ref
0000f7f2   _Freq_set
0000f81c   _Freq_slip
0000f7d0   _Freq_slip_rat
UNDEFED _Fs
UNDEFED _Fs1
0000f7c6   _Fs_B
UNDEFED _Fs_dq
UNDEFED _Fs_rat
UNDEFED _Fs_ref
UNDEFED _Fs_ref0
0000f8ca   _GainUpdateTimer
000061da   _GetInputMark
00005a76   _GetTimeAndDateStr
00002ecf   _GetTripInfo
00006f80   _GpioCtrlRegs
00006fc0   _GpioDataRegs
00006fe0   _GpioIntRegs
0000538d   _HardwareParameterVerification
00003c1c   _I2CA_Init
00003c8b   _I2CA_ReadData
00003c2e   _I2CA_WriteData
0000418a   _I2CINT1A_ISR
00004194   _I2CINT2A_ISR
00007900   _I2caRegs
00003f82   _ILLEGAL_ISR
00003f46   _INT13_ISR
00003f50   _INT14_ISR
0000f781   _INV_PWM_Flag
0000f786   _INV_STEP_CNT
UNDEFED _I_DS0
UNDEFED _I_DS0_0
UNDEFED _I_DS_err
0000f7b4   _I_QS_rat
0000f8fa   _I_sense_value
0000f7f6   _Im_Power
0000f791   _InOCFlag
00004d52   _InitAdc
00005dc9   _InitCpuTimers
000032e9   _InitEPwm_ACIM_Inverter
0000844e   _InitFlash
0000388f   _InitGpio
000055b5   _InitPeripheralClocks
000062dd   _InitPieCtrl
0000634e   _InitPieVectTable
00005562   _InitPll
00005547   _InitSysCtrl
000034a9   _InitWatchDog
00003b88   _InitXintf
0000f764   _Init_RiseUp_Flag
UNDEFED _Is_DQ
UNDEFED _Is_DQ_ErrInt
UNDEFED _Is_DQ_max
UNDEFED _Is_DQ_ref
0000f83c   _Is_Leq_Req
0000f856   _Is_Max_Coeff
0000f82c   _Is_R
0000f838   _Is_S
0000f836   _Is_T
0000faf6   _Is_abc
0000faa2   _Is_dq
UNDEFED _Is_dq_ErrInt
UNDEFED _Is_dq_ref
0000f80a   _Is_mag
0000f7e0   _Is_mag_rms
0000f7de   _Is_max
0000f806   _Is_rat
0000f8f8   _Jm
0000f8be   _Ki_Is
0000f7c8   _Ki_wr
0000f8bc   _Kp_Is
0000f8c2   _Kp_Is_Coeff
0000f7d4   _Kp_wr
UNDEFED _Kt
0000459f   _LPF1
0000483d   _LPF1000
0000486a   _LPF5000
0000facc   _LPF_5000_OUT_CURRENT_U
0000fab2   _LPF_5000_OUT_CURRENT_V
0000fad0   _LPF_Active
0000fac4   _LPF_Current_Input_R
0000faae   _LPF_Current_Input_S
0000faaa   _LPF_Current_Input_T
0000fa96   _LPF_Current_Output_R
0000faba   _LPF_Current_Output_S
0000fac8   _LPF_Current_Output_T
0000fac0   _LPF_DCLINK_voltage
0000fa36   _LPF_Ia_feed
0000fa40   _LPF_Ia_in
0000fa4c   _LPF_Ia_out
0000fa38   _LPF_Ib_feed
0000fa3a   _LPF_Ib_in
0000fa34   _LPF_Ib_out
0000f8c0   _LPF_Is
0000f83a   _LPF_Is_Square
0000f842   _LPF_Re_Power
0000fad8   _LPF_Reactive
0000fae4   _LPF_SOC
0000f818   _LPF_Te
0000fae8   _LPF_Ude_pll
0000faec   _LPF_Uqe_pll
0000fadc   _LPF_Urmsp
0000fa4e   _LPF_Vdc_feed
0000fa72   _LPF_Vdc_in
0000fa4a   _LPF_Vdc_out
0000faa6   _LPF_Voltage_Input_RS
0000fa9a   _LPF_Voltage_Input_ST
0000fa92   _LPF_Voltage_Output_R
0000fa8a   _LPF_Voltage_Output_S
0000fa8e   _LPF_Voltage_Output_T
0000f822   _LPF_Vs_Square
0000fae0   _LPF_del_freq
0000fab6   _LPF_fIn_Ide_axis
0000fa9e   _LPF_fIn_Iqe_axis
0000423e   _LUF_ISR
00004234   _LVF_ISR
0000f902   _Lm
0000f7c2   _Lm_div_Lr
0000f8dc   _Lr
0000f7d2   _Lr_div_Lm
0000f8da   _Ls
0000f741   _MAX_PWM_CNT
0000413a   _MRINTA_ISR
00004126   _MRINTB_ISR
00004144   _MXINTA_ISR
00004130   _MXINTB_ISR
000051f1   _MainPWM
0000f812   _Max_Trq_Coeff
00005000   _McbspaRegs
00005040   _McbspbRegs
00006479   _MemCopy
0000fb80   _MonitorMsg
000051a6   _MotorControlProc
00003f78   _NMI_ISR
000045be   _Nop
0000f9c6   _Out_alpha_cur
0000f9cc   _Out_beta_cur
0000f9c0   _Out_fIn_Ide_axis
0000f9ca   _Out_fIn_Iqe_axis
0000f8b6   _OverCurLimit
00004248   _PIE_RESERVED
000045c1   _PI_Damp_Controller
0000f9b2   _P_out
UNDEFED _P_pair
0000feff   _PartIdRegs
UNDEFED _Pf
00000ce0   _PieCtrlRegs
00000d00   _PieVectTable
0000f284   _PieVectTableInit
00004628   _PowerOnReset
0000f7aa   _Power_core
0000f7a6   _Power_core_rat
0000f7a8   _Power_gap
0000f942   _RMS_Iin
0000f9c2   _RMS_Iout
0000f9bc   _RMS_Vout
00003f64   _RTOSINT_ISR
0000f8a4   _R_phase_I_sense_span
UNDEFED _RamfuncsLoadEnd
UNDEFED _RamfuncsLoadStart
UNDEFED _RamfuncsRunStart
0000f7fc   _Re_Power
00002fe9   _ReadTripString
00004adc   _RefFunc
0000f8e8   _Rr
0000f8d6   _Rs
000041b2   _SCIRXINTA_ISR
000041c6   _SCIRXINTB_ISR
0000419e   _SCIRXINTC_ISR
000041bc   _SCITXINTA_ISR
000041d0   _SCITXINTB_ISR
000041a8   _SCITXINTC_ISR
00004004   _SEQ1INT_ISR
0000400e   _SEQ2INT_ISR
00005545   _SL_SPEED_CNTL_Parameter
00006513   _SL_SpeedCntl_SFRF
00005543   _SL_TORQUE_CNTL_Parameter
00006514   _SL_TorqueCntl_SFRF
00006515   _SL_VectCntl_SFRF
0000fa7a   _SOCCoeff1
0000fa84   _SOCCoeff2
00004112   _SPIRXINTA_ISR
0000411c   _SPITXINTA_ISR
0000fa50   _SUM_DC_LINK
0000f7bc   _S_lin
0000f8a6   _S_phase_I_sense_span
0000f7b8   _S_rat
00003669   _SaveDataProc
0000300d   _SaveTripDataToEeprom
00007050   _SciaRegs
00007750   _ScibRegs
00007770   _ScicRegs
00005550   _ServiceDog
00004627   _SetSensorOffset
UNDEFED _SinCosDeltaTheta
UNDEFED _SinDeltaTheta
0000f828   _SinTheta
0000f95c   _Sin_theta
0000f826   _Slip
0000f79e   _SlipCoeff
000018ed   _SpaceVectorModulation
00007040   _SpiaRegs
00007010   _SysCtrlRegs
0000f970   _SysWe
00004036   _TINT0_ISR
0000fee6   _T_d
0000f80e   _Te
0000f81a   _Te_max
UNDEFED _Te_rat
0000f810   _Te_ref
0000fb28   _TimeInput
0000f7d6   _Tr
0000fcc0   _TripInfo
0000fc40   _TripInfoNow
00002dc4   _TripProc
0000f7fa   _Ts
00003fe6   _USER10_ISR
00003ff0   _USER11_ISR
00003ffa   _USER12_ISR
00003f8c   _USER1_ISR
00003f96   _USER2_ISR
00003fa0   _USER3_ISR
00003faa   _USER4_ISR
00003fb4   _USER5_ISR
00003fbe   _USER6_ISR
00003fc8   _USER7_ISR
00003fd2   _USER8_ISR
00003fdc   _USER9_ISR
0000f9fc   _Uan
0000fa14   _Uan_alpha
0000fa0a   _Uan_beta
0000f9d4   _Uan_out
0000f9fe   _Uanpu
0000f9fa   _Ubn
0000fa08   _Ubn_alpha
0000fa0e   _Ubn_beta
0000f9da   _Ubn_out
0000fa10   _Ubnpu
0000fa00   _Ucn
0000fa0c   _Ucn_alpha
0000f9e6   _Ucn_beta
0000f9d0   _Ucn_out
0000fa3e   _Ucnpu
0000f96c   _Ude_Limit
0000f956   _Ude_err
0000f960   _Ude_integ
0000f95a   _Ude_integ_pre
0000fa64   _Ude_pll
0000fa60   _Up_alpha
0000fa7c   _Up_beta
0000fa62   _Upa
0000fa68   _Upb
0000fa5e   _Upc
0000fa66   _Uqe_pll
0000f958   _Ureal_rms
UNDEFED _Us_dq
0000fa7e   _VDCCoeff1
0000fa80   _VDCCoeff2
0000425c   _VariInit
0000f7e4   _Vdc
0000fa1a   _Vdc_calc_offset
0000fa1c   _Vdc_factor
0000f7e2   _Vdc_fnd_data
UNDEFED _Vo
00001d89   _VoltageEstimation
00001b4f   _VoltageEstimation_bk
0000fa54   _Voltage_Input_RS
0000fa5a   _Voltage_Input_ST
0000fa02   _Voltage_Output_R
0000f9c4   _Voltage_Output_RS
0000fa12   _Voltage_Output_S
0000f9d6   _Voltage_Output_ST
0000fa06   _Voltage_Output_T
0000f8f4   _Vs_Coeff_Leq_Req
UNDEFED _Vs_DQ
UNDEFED _Vs_DQ_comp
UNDEFED _Vs_DQ_max
UNDEFED _Vs_DQ_ref
UNDEFED _Vs_DQ_ref_P
UNDEFED _Vs_DQ_ref_PI
0000f7a2   _Vs_IR_comp
0000f840   _Vs_R
0000fa32   _Vs_R_calc_offset
0000fa2c   _Vs_R_factor
0000f816   _Vs_S
0000fa26   _Vs_S_calc_offset
0000fa30   _Vs_S_factor
0000f814   _Vs_T
0000fa2a   _Vs_T_calc_offset
0000fa24   _Vs_T_factor
UNDEFED _Vs_abc
UNDEFED _Vs_abc_ref
UNDEFED _Vs_dq
0000fad4   _Vs_dq_ref
0000f7da   _Vs_max
UNDEFED _Vs_max_FW
0000f808   _Vs_rat
0000f824   _Vs_ref
00004040   _WAKEINT_ISR
00005ae7   _WriteTimeToDS1307
00002fb4   _WriteTripString
00004018   _XINT1_ISR
00004022   _XINT2_ISR
00004202   _XINT3_ISR
0000420c   _XINT4_ISR
00004216   _XINT5_ISR
00004220   _XINT6_ISR
0000422a   _XINT7_ISR
00007070   _XIntruptRegs
00000b20   _XintfRegs
00004000   _ZONE0_BUF
00100000   _ZONE6_BUF
0020fc00   _ZONE7_BUF
00000300   __STACK_SIZE
00000300   __SYSMEM_SIZE
ffffffff   ___TI_pprof_out_hndl
ffffffff   ___TI_prof_var_size
ffffffff   ___TI_prof_var_start
ffffffff   ___binit__
00000000   ___bss__
ffffffff   ___c_args__
00008000   ___cinit__
00000000   ___data__
00000000   ___edata__
00000000   ___end__
00006517   ___etext__
00006391   ___memcpy_ff
ffffffff   ___pinit__
00000000   ___text__
00006490   __args_main
0000fef0   __cleanup_ptr
0000f61a   __ctypes_
0000fef2   __dtors_ptr
0000fe3e   __lock
000064f4   __nop
00001626   __printfi
000064f0   __register_lock
000064ec   __register_unlock
00000400   __stack
0020fd00   __sys_memory
0000fe3c   __unlock
0000f952   _a0
0000f950   _a1
0000f968   _a2
00006461   _abort
0000f8b0   _accel_time1
0000f8b4   _accel_time2
0000f792   _adc_R_offset
0000f793   _adc_S_offset
0000fb40   _adc_result
0000f789   _adc_u_offset
0000f794   _adc_v_offset
0000f96e   _alpha_cur
0000f8e0   _analog_cmd_in_span1
0000f864   _analog_cmd_in_span2
0000f8e2   _analog_cmd_in_zero1
0000f8ea   _analog_cmd_in_zero2
00004678   _analog_cmd_proc
0000fa44   _analog_ref_a
0000fa42   _analog_ref_b
0000622a   _atoi
0000f94c   _b0
0000f94a   _b1
0000f954   _b2
000035df   _backup_data_load
0000f944   _beta_cur
0000f900   _btn_start_ref
000061e4   _c_int00
0000518b   _calloc
0000355e   _check_backup_data
00003e7e   _check_code_data
00002bf8   _chk_invt_OC
00005189   _chkheap
0000f769   _cmdtest
0000f882   _code_LPF_cutoff_hz_I
0000f880   _code_LPF_cutoff_hz_V
0000f8a0   _code_Vdc_calc_high
0000f892   _code_Vdc_calc_low
0000f850   _code_Vdc_offseter
0000f852   _code_Vdc_scaler
0000f8e4   _code_Vs_R_calc_high
0000f89e   _code_Vs_R_calc_low
0000f88c   _code_Vs_R_offseter
0000f88e   _code_Vs_R_scaler
0000f888   _code_Vs_S_calc_high
0000f87a   _code_Vs_S_calc_low
0000f898   _code_Vs_S_offseter
0000f89a   _code_Vs_S_scaler
0000f89c   _code_Vs_T_calc_high
0000f886   _code_Vs_T_calc_low
0000f874   _code_Vs_T_offseter
0000f876   _code_Vs_T_scaler
0000f890   _code_adc_Vs_R_high
0000f896   _code_adc_Vs_R_low
0000f87c   _code_adc_Vs_S_high
0000f8a2   _code_adc_Vs_S_low
0000f878   _code_adc_Vs_T_high
0000f87e   _code_adc_Vs_T_low
0000f854   _code_adc_vdc_high
0000f85a   _code_adc_vdc_low
0000f85e   _code_dac_offset_ch1
0000f860   _code_dac_offset_ch2
0000f86a   _code_dac_offset_ch3
0000f84c   _code_dac_offset_ch4
0000f870   _code_dac_scale_ch1
0000f866   _code_dac_scale_ch2
0000f894   _code_dac_scale_ch3
0000f872   _code_dac_scale_ch4
0000f757   _code_dac_select_ch1
0000f755   _code_dac_select_ch2
0000f754   _code_dac_select_ch3
0000f756   _code_dac_select_ch4
0000fc00   _code_inform
0000f751   _code_protect_CONV_adc_off
0000f750   _code_protect_IGBT2_off
0000f75f   _code_protect_IGBT_off
0000f759   _code_protect_Iadc_off
0000f75c   _code_protect_ex_trip_off
0000f75a   _code_protect_inhibit_on
0000f758   _code_protect_ov_off
0000f75e   _code_protect_over_I_off
0000f75b   _code_protect_uv_off
0000f8de   _code_speed2
0000f8d8   _code_speed3
0000f8e6   _code_speed4
0000f8fc   _code_speed5
00006077   _cos
00005f6f   _cpu_timer0_isr
0000fa48   _dac_ch0_unit_count_value
0000fa46   _dac_ch1_unit_count_value
0000fa20   _dac_ch2_unit_count_value
0000fa1e   _dac_ch3_unit_count_value
0000fd40   _dac_point
00003e11   _data_over_proc
00003dcd   _data_under_proc
0000f766   _debug1
0000f8ba   _decel_time1
0000f8f2   _decel_time2
0000f7a4   _del_Vs_comp
00004644   _delay_msecs
0000fee8   _delta_Tc
00005937   _digital_input_proc
000059d5   _digital_out_proc
00005974   _digital_port_check
0000f8f6   _digital_speed2
0000f76a   _disp_fnd_mode
0000f94e   _div_a0
0000590a   _driver_enable_proc
0000f77a   _e_stop
0000f84e   _e_thermal_level
0000fefe   _errno
00006510   _estim_Jm_pwm
0000650f   _estim_Ls_pwm
0000650d   _estim_ReqLeq_pwm
0000650e   _estim_Rs_pwm
00006463   _exit
0000f93c   _fIn_DC_Voltage_err
0000f9f8   _fIn_DC_Voltage_integ
0000f9f6   _fIn_DC_Voltage_integ_pre
0000f9ec   _fIn_DC_Voltage_out
0000f9e0   _fIn_DC_Voltage_ref
0000f9f2   _fIn_DC_Voltage_ref_cmd
0000fa04   _fIn_Ib
0000f988   _fIn_Ide_Ffest
0000f948   _fIn_Ide_axis
0000f974   _fIn_Ide_axis_ref
0000f976   _fIn_Ide_err
0000f9f4   _fIn_Ide_integ
0000f9e8   _fIn_Ide_integ_pre
0000f99c   _fIn_Ide_out
0000f986   _fIn_Iqe_Ffest
0000f93e   _fIn_Iqe_axis
0000f972   _fIn_Iqe_axis_ref
0000f97c   _fIn_Iqe_err
0000f9dc   _fIn_Iqe_integ
0000f9e2   _fIn_Iqe_integ_pre
0000f982   _fIn_Iqe_out
0000f78e   _fIn_Ir_fault_cnt
0000f78b   _fIn_Is_fault_cnt
0000f78d   _fIn_It_fault_cnt
0000f753   _fIn_PHASE_CMPR
0000f752   _fIn_PHASE_CMPS
0000f75d   _fIn_PHASE_CMPT
0000f916   _fIn_PWM_R
0000f914   _fIn_PWM_S
0000f91e   _fIn_PWM_T
0000172c   _fIn_SpaceVectorPWM
0000f90e   _fIn_Va_ref
0000f90c   _fIn_Vb_ref
0000f912   _fIn_Vc_ref
0000f9e4   _fIn_Vde_axis
0000f92e   _fIn_Vds_axis
0000f9de   _fIn_Vqe_axis
0000f938   _fIn_Vqs_axis
0000f910   _fIn_a
0000f91c   _fIn_cmpr1
0000f91a   _fIn_cmpr2
0000f932   _fIn_cmpr3
0000f908   _fIn_max
0000f906   _fIn_min
0000f984   _fOut_Cos_theta
0000f78c   _fOut_Is_fault_cnt
0000f790   _fOut_It_fault_cnt
0000f996   _fOut_PHASE_CMPR
0000f98e   _fOut_PHASE_CMPS
0000f98c   _fOut_PHASE_CMPT
0000f978   _fOut_PWM_R
0000f97e   _fOut_PWM_S
0000f992   _fOut_PWM_T
0000f9c8   _fOut_Sin_theta
0000f980   _fOut_SysWe
0000f95e   _fOut_Va_ref
0000f990   _fOut_Vb_ref
0000f9a0   _fOut_Vc_ref
0000f9be   _fOut_Vde_Ffest
0000f9d2   _fOut_Vde_Ki
0000f926   _fOut_Vde_Kp
0000f9ae   _fOut_Vde_axis
0000f928   _fOut_Vde_axis_out
0000f9b8   _fOut_Vde_axis_ref
0000f9b0   _fOut_Vde_err
0000f9ba   _fOut_Vde_integ
0000f9b6   _fOut_Vde_integ_pre
0000f9b4   _fOut_Vde_limit
0000f92c   _fOut_Vde_ref_out
0000f9ce   _fOut_Vds_axis
0000f918   _fOut_Vds_axis_out
0000f936   _fOut_Vqe_Ffest
0000f920   _fOut_Vqe_Ki
0000f93a   _fOut_Vqe_Kp
0000f9ac   _fOut_Vqe_axis
0000f9a6   _fOut_Vqe_axis_cmd
0000f934   _fOut_Vqe_axis_out
0000f9a8   _fOut_Vqe_axis_ref
0000f9aa   _fOut_Vqe_err
0000f922   _fOut_Vqe_integ
0000f92a   _fOut_Vqe_integ_pre
0000f924   _fOut_Vqe_limit
0000f930   _fOut_Vqe_ref_out
0000f9d8   _fOut_Vqs_axis
0000f994   _fOut_Vqs_axis_out
0000f99a   _fOut_a
0000f998   _fOut_cmpr1
0000f9a2   _fOut_cmpr2
0000f97a   _fOut_cmpr3
0000f99e   _fOut_max
0000f9a4   _fOut_min
0000f98a   _fOut_theta_pll
0000fa52   _fSysAbcLpfCoeff1
0000fa5c   _fSysAbcLpfCoeff2
0000fa56   _fSysDqeLpfCoeff1
0000fa58   _fSysDqeLpfCoeff2
0000fa82   _fSysFreqCoeff1
0000fa78   _fSysFreqCoeff2
00005904   _fault_reset
00004fb2   _free
0000516b   _free_memory
0000f834   _frequency
0000f8ae   _func_flag
0000f770   _gAutoTuningSelect
0000f771   _gControlMode
0000f776   _gDeChargeFlag
0000f773   _gMachineState
0000f777   _gPWMTripCode
0000f740   _gRunFlag
0000f779   _gSciInFlag
0000fb50   _gSciaRxBuf
0000fb61   _gSciaTxBuf
0000f77c   _gSciaTxEndFlag
0000f77e   _gSciaTxInPoint
0000f77f   _gSciaTxOutPoint
0000f778   _gStartInitFinish
0000fbc0   _gStr1
0000fb1e   _gStr2
0000f74c   _gTripFlag
0000f742   _gTripSaveFlag
0000f774   _gTripSavePoint
0000f8b8   _gdouSciCmdData
000046de   _get_adc_offset
000047e1   _get_adc_vdc_high
00004785   _get_adc_vdc_low
00000020   _get_code_group0
00000302   _get_code_group1
00000312   _get_code_group2
00000500   _get_code_group3
0000097c   _get_code_group4
00000a9a   _get_code_group5
00000c69   _get_code_group6
00000d28   _get_code_group7
00000d39   _get_code_group8
000034c7   _get_code_information
00004689   _get_command
00003cf4   _get_eprom_address
0000f7fe   _gfRunTime
0000f760   _giAdcAI_I1
0000f762   _giAdcAI_I2
0000f763   _giAdcAI_V1
0000f76d   _giAdcAI_V2
0000f74e   _giAdcAnaCmd
0000f74b   _giAdcRphase
0000f748   _giAdcSphase
0000f76c   _giAdcTemp
0000f775   _giAdcUphase
0000f749   _giAdcVdc
0000f74a   _giAdcVphase
0000f772   _giSciCmdAddr
0000f77d   _giSciCmdFunction
0000f8ce   _gulStartCount
0000466b   _iGetAinCmd
0000f8cc   _igbt_pwm_freq
0000f767   _init_charge_flag
00003815   _init_eprom_data
00005925   _input_acc_dec_byp_proc
0000591c   _input_acel_decel_switch_proc
00005910   _input_ai_local_remote_proc
0000590d   _input_ai_ref_active_proc
00005928   _input_ext_fault_a_proc
00005913   _input_ext_fault_b_proc
00005919   _input_mb_brake_state_proc
00005916   _input_motor_select_proc
00005922   _input_ref_tunning_dec_proc
0000591f   _input_ref_tunning_inc_proc
0000f7b2   _inv_C_ce
UNDEFED _inv_Fr
UNDEFED _inv_Fr_ref
0000f7ee   _inv_Freq_rat
UNDEFED _inv_Fs
0000f7cc   _inv_Fs_B
UNDEFED _inv_Fs_ref
0000f79c   _inv_GM_Is
0000f7ca   _inv_GM_Is_square_minus_1
0000f7ba   _inv_I_QS_rat
0000f80c   _inv_Is_rat
UNDEFED _inv_Kt
0000f820   _inv_Ls
0000f7c0   _inv_Ls_plus_sigma_Ls
0000f7f4   _inv_MAX_PWM_CNT
UNDEFED _inv_P_pair
UNDEFED _inv_Te_rat
0000f7be   _inv_Tr
0000f7f8   _inv_Ts
0000fa2e   _inv_code_dac_scale_ch1
0000fa22   _inv_code_dac_scale_ch2
0000fa18   _inv_code_dac_scale_ch3
0000fa16   _inv_code_dac_scale_ch4
0000f800   _inv_motor_rate_hz
0000f7a0   _inv_sigma_Ls
0000f798   _inv_sigma_Tr
00003e55   _invalid_address_proc
0000f8ee   _jog_speed
00004564   _linear_eq
00003ecd   _load_code2ram
000025e6   _load_scib_tx_mail_box
000025c3   _load_scib_tx_mail_box_char
00001f63   _load_scic_tx_mail_box
00001f40   _load_scic_tx_mail_box_char
0000625b   _ltoa
000030f1   _main
00005026   _malloc
00005149   _max_free
000064b9   _memccpy
00006506   _memset
0000f8ec   _min_vf_ref
00004ffb   _minit
00006447   _modf
000061a2   _monitor_proc
0000f745   _motor_ctrl_mode
0000f743   _motor_direction_change
0000f862   _motor_pole
0000f868   _motor_rate_current
0000f8d4   _motor_rate_effiency
0000f86e   _motor_rate_hz
0000f88a   _motor_rate_power
0000f85c   _motor_rate_rpm
0000f884   _motor_rate_volt
UNDEFED _nega_duration_time
0000f86c   _over_I_time
0000f84a   _over_current_level
0000f844   _over_speed_level
0000f858   _over_volt_set
0000f9ea   _pCoeff_I1
0000f9f0   _pCoeff_I2
0000f9ee   _pCoeff_V1
0000fa3c   _pCoeff_V2
00006511   _parameter_estimation
00004657   _periodic_check
0000f96a   _pll_out
UNDEFED _posi_duration_time
0000f848   _pre_charge_time
UNDEFED _prev_I_QS
0000f780   _protect_reg
0000f744   _ramp_func_mode
00004d38   _ramp_proc
00003d8b   _read_eprom_data
00005081   _realloc
0000fa28   _ref_time
0000f7e6   _reference0
0000f7f0   _reference1
0000f804   _reference_in
0000f7e8   _reference_out
0000f74f   _relay_flag
0000f7ec   _rpm
UNDEFED _rpm_Coeff
UNDEFED _rpm_err
UNDEFED _rpm_m
UNDEFED _rpm_ref
00004252   _rsvd_ISR
0000f747   _run_input_select
000035a8   _save_backup_data
0000266c   _scibRxFifoIsr
00002610   _scibTxFifoIsr
000026eb   _scib_cmd_proc
00002556   _scib_fifo_init
0000fe43   _scib_rx_end_addr
0000fe59   _scib_rx_msg_box
0000f76f   _scib_rx_msg_flag
0000fe44   _scib_rx_start_addr
0000fe40   _scib_tx_end_addr
000025ad   _scib_tx_msg
0000fe80   _scib_tx_msg_box
0000fe41   _scib_tx_start_addr
00001fde   _scicRxFifoIsr
00001f82   _scicTxFifoIsr
0000205d   _scic_cmd_proc
00001ed3   _scic_fifo_init
0000ff03   _scic_rx_end_addr
0000ff19   _scic_rx_msg_box
0000f76e   _scic_rx_msg_flag
0000ff04   _scic_rx_start_addr
0000ff00   _scic_tx_end_addr
00001f2a   _scic_tx_msg
0000ff40   _scic_tx_msg_box
0000ff01   _scic_tx_start_addr
00006307   _serial_com_proc
0000353e   _set_code_default_double
00003523   _set_code_default_int
000057ce   _set_dac_point
UNDEFED _sgn_I_QS
UNDEFED _sgn_Is
0000f7ac   _sigma
0000f7ae   _sigma_Ls
0000f7c4   _sigma_Ls_div_1_plus_sigma
0000f796   _sigma_Tr
0000f79a   _sigma_minus_1_div_sigma_Ls
000060d8   _sin
00006137   _snprintf
00000000   _sqrt
000064f5   _strcpy
000064d9   _strlen
000063b2   _strncpy
00005696   _strtod
0000f76b   _terminal_input_state
UNDEFED _test_accel_time
UNDEFED _test_decel_time
00004bcf   _test_ramp_proc
00004c91   _test_ref_func
00006516   _test_run
0000f82a   _theta
0000f964   _theta60
UNDEFED _theta_m
0000f966   _theta_pll
0000f7dc   _time_t
0000f768   _timer0_count
00002da3   _trip_check
00002bc6   _trip_recording
0000f765   _uConv_CtrlOn
0000f784   _uConv_LOW_DC_fault_cnt
0000f90a   _uIn_Flag_OM
0000f785   _uInv_CtrlOn
0000f78f   _uOut_Flag_OM
0000f904   _u_phase_I_sense_span
00004640   _ulGetNow_mSec
00004629   _ulGetTime_mSec
0000f846   _under_volt_set
0000f8fe   _v_phase_I_sense_span
0000f8b2   _vdc_sense_span
0000f8f0   _vdc_sense_zero
000049bf   _vf_frequency_control
00004897   _vf_loop_control
000049c6   _vf_simple_control
UNDEFED _w_sl
UNDEFED _w_sl0
00003495   _wakeint_isr
0000f830   _we
0000f82e   _we0
0000f7ea   _we_in
0000f802   _we_rat
UNDEFED _wm_rat
0000f7b6   _wn_wr
0000f8d0   _wp_Is
0000f8c4   _wp_Is_Coeff
UNDEFED _wr
UNDEFED _wr_Cycle
UNDEFED _wr_CycleIndex
UNDEFED _wr_ErrInt
0000f8c6   _wr_FilterPole
0000f78a   _wr_ctrl_index
UNDEFED _wr_err
UNDEFED _wr_m
UNDEFED _wr_m0
UNDEFED _wr_rat
UNDEFED _wr_ref
UNDEFED _wr_ref0
00003d56   _write_code_2_eeprom
0000f761   _xcon_data
UNDEFED _zero_duration_time
ffffffff   binit
00008000   cinit
00000000   code_start
00000000   edata
00000000   end
00006517   etext
ffffffff   pinit


GLOBAL SYMBOLS: SORTED BY Symbol Address 

address    name
--------   ----
00000000   .bss
00000000   .data
00000000   .text
00000000   ___bss__
00000000   ___data__
00000000   ___edata__
00000000   ___end__
00000000   ___text__
00000000   _sqrt
00000000   code_start
00000000   edata
00000000   end
00000020   _get_code_group0
00000300   __STACK_SIZE
00000300   __SYSMEM_SIZE
00000302   _get_code_group1
00000312   _get_code_group2
00000400   __stack
00000500   _get_code_group3
00000880   _DevEmuRegs
0000097c   _get_code_group4
00000a80   _FlashRegs
00000a9a   _get_code_group5
00000ae0   _CsmRegs
00000b00   _AdcMirror
00000b20   _XintfRegs
00000c00   _CpuTimer0Regs
00000c08   _CpuTimer1Regs
00000c10   _CpuTimer2Regs
00000c69   _get_code_group6
00000ce0   _PieCtrlRegs
00000d00   _PieVectTable
00000d28   _get_code_group7
00000d39   _get_code_group8
00001000   _DmaRegs
00001626   __printfi
0000172c   _fIn_SpaceVectorPWM
000018ed   _SpaceVectorModulation
00001b4f   _VoltageEstimation_bk
00001d89   _VoltageEstimation
00001ed3   _scic_fifo_init
00001f2a   _scic_tx_msg
00001f40   _load_scic_tx_mail_box_char
00001f63   _load_scic_tx_mail_box
00001f82   _scicTxFifoIsr
00001fde   _scicRxFifoIsr
0000205d   _scic_cmd_proc
00002556   _scib_fifo_init
000025ad   _scib_tx_msg
000025c3   _load_scib_tx_mail_box_char
000025e6   _load_scib_tx_mail_box
00002610   _scibTxFifoIsr
0000266c   _scibRxFifoIsr
000026eb   _scib_cmd_proc
00002bc6   _trip_recording
00002bf8   _chk_invt_OC
00002cac   _CheckOverVolt
00002cdb   _CheckUndeVolt
00002d0c   _CheckOverSpeed
00002d3f   _CheckIGBTFault
00002d85   _CheckOverHeat
00002da3   _trip_check
00002dc4   _TripProc
00002ecf   _GetTripInfo
00002fb4   _WriteTripString
00002fe9   _ReadTripString
0000300d   _SaveTripDataToEeprom
00003080   _ClearTripDataToEeprom
000030f1   _main
000032e9   _InitEPwm_ACIM_Inverter
00003495   _wakeint_isr
000034a9   _InitWatchDog
000034c7   _get_code_information
00003523   _set_code_default_int
0000353e   _set_code_default_double
0000355e   _check_backup_data
000035a8   _save_backup_data
000035df   _backup_data_load
00003630   _CheckSum
00003632   _CheckSum_bk
00003669   _SaveDataProc
00003815   _init_eprom_data
0000388f   _InitGpio
00003b88   _InitXintf
00003c1c   _I2CA_Init
00003c2e   _I2CA_WriteData
00003c8b   _I2CA_ReadData
00003cf4   _get_eprom_address
00003d56   _write_code_2_eeprom
00003d8b   _read_eprom_data
00003dcd   _data_under_proc
00003e11   _data_over_proc
00003e55   _invalid_address_proc
00003e7e   _check_code_data
00003ecd   _load_code2ram
00003f46   _INT13_ISR
00003f50   _INT14_ISR
00003f5a   _DATALOG_ISR
00003f64   _RTOSINT_ISR
00003f6e   _EMUINT_ISR
00003f78   _NMI_ISR
00003f82   _ILLEGAL_ISR
00003f8c   _USER1_ISR
00003f96   _USER2_ISR
00003fa0   _USER3_ISR
00003faa   _USER4_ISR
00003fb4   _USER5_ISR
00003fbe   _USER6_ISR
00003fc8   _USER7_ISR
00003fd2   _USER8_ISR
00003fdc   _USER9_ISR
00003fe6   _USER10_ISR
00003ff0   _USER11_ISR
00003ffa   _USER12_ISR
00004000   _ZONE0_BUF
00004004   _SEQ1INT_ISR
0000400e   _SEQ2INT_ISR
00004018   _XINT1_ISR
00004022   _XINT2_ISR
0000402c   _ADCINT_ISR
00004036   _TINT0_ISR
00004040   _WAKEINT_ISR
0000404a   _EPWM1_TZINT_ISR
00004054   _EPWM2_TZINT_ISR
0000405e   _EPWM3_TZINT_ISR
00004068   _EPWM4_TZINT_ISR
00004072   _EPWM5_TZINT_ISR
0000407c   _EPWM6_TZINT_ISR
00004086   _EPWM1_INT_ISR
00004090   _EPWM2_INT_ISR
0000409a   _EPWM3_INT_ISR
000040a4   _EPWM4_INT_ISR
000040ae   _EPWM5_INT_ISR
000040b8   _EPWM6_INT_ISR
000040c2   _ECAP1_INT_ISR
000040cc   _ECAP2_INT_ISR
000040d6   _ECAP3_INT_ISR
000040e0   _ECAP4_INT_ISR
000040ea   _ECAP5_INT_ISR
000040f4   _ECAP6_INT_ISR
000040fe   _EQEP1_INT_ISR
00004108   _EQEP2_INT_ISR
00004112   _SPIRXINTA_ISR
0000411c   _SPITXINTA_ISR
00004126   _MRINTB_ISR
00004130   _MXINTB_ISR
0000413a   _MRINTA_ISR
00004144   _MXINTA_ISR
0000414e   _DINTCH1_ISR
00004158   _DINTCH2_ISR
00004162   _DINTCH3_ISR
0000416c   _DINTCH4_ISR
00004176   _DINTCH5_ISR
00004180   _DINTCH6_ISR
0000418a   _I2CINT1A_ISR
00004194   _I2CINT2A_ISR
0000419e   _SCIRXINTC_ISR
000041a8   _SCITXINTC_ISR
000041b2   _SCIRXINTA_ISR
000041bc   _SCITXINTA_ISR
000041c6   _SCIRXINTB_ISR
000041d0   _SCITXINTB_ISR
000041da   _ECAN0INTA_ISR
000041e4   _ECAN1INTA_ISR
000041ee   _ECAN0INTB_ISR
000041f8   _ECAN1INTB_ISR
00004202   _XINT3_ISR
0000420c   _XINT4_ISR
00004216   _XINT5_ISR
00004220   _XINT6_ISR
0000422a   _XINT7_ISR
00004234   _LVF_ISR
0000423e   _LUF_ISR
00004248   _PIE_RESERVED
00004252   _rsvd_ISR
0000425c   _VariInit
00004564   _linear_eq
0000459f   _LPF1
000045be   _Nop
000045c1   _PI_Damp_Controller
00004627   _SetSensorOffset
00004628   _PowerOnReset
00004629   _ulGetTime_mSec
00004640   _ulGetNow_mSec
00004644   _delay_msecs
00004657   _periodic_check
0000466b   _iGetAinCmd
00004678   _analog_cmd_proc
00004689   _get_command
000046de   _get_adc_offset
00004785   _get_adc_vdc_low
000047e1   _get_adc_vdc_high
0000483d   _LPF1000
0000486a   _LPF5000
00004897   _vf_loop_control
000049bf   _vf_frequency_control
000049c6   _vf_simple_control
00004adc   _RefFunc
00004bcf   _test_ramp_proc
00004c91   _test_ref_func
00004d38   _ramp_proc
00004d52   _InitAdc
00004db7   _Adc_Isr
00004fb2   _free
00004ffb   _minit
00005000   _McbspaRegs
00005026   _malloc
00005040   _McbspbRegs
00005081   _realloc
00005149   _max_free
0000516b   _free_memory
00005189   _chkheap
0000518b   _calloc
000051a6   _MotorControlProc
000051f1   _MainPWM
0000538d   _HardwareParameterVerification
00005541   _COMMON_VECT_CNTL_ParameterVerification
00005543   _SL_TORQUE_CNTL_Parameter
00005545   _SL_SPEED_CNTL_Parameter
00005547   _InitSysCtrl
00005550   _ServiceDog
0000555a   _DisableDog
00005562   _InitPll
000055b5   _InitPeripheralClocks
00005665   _CsmUnlock
00005696   _strtod
000057ce   _set_dac_point
00005904   _fault_reset
0000590a   _driver_enable_proc
0000590d   _input_ai_ref_active_proc
00005910   _input_ai_local_remote_proc
00005913   _input_ext_fault_b_proc
00005916   _input_motor_select_proc
00005919   _input_mb_brake_state_proc
0000591c   _input_acel_decel_switch_proc
0000591f   _input_ref_tunning_inc_proc
00005922   _input_ref_tunning_dec_proc
00005925   _input_acc_dec_byp_proc
00005928   _input_ext_fault_a_proc
00005937   _digital_input_proc
00005974   _digital_port_check
000059d5   _digital_out_proc
00005a21   _DS1307WriteData
00005a4a   _DS1307ReadData
00005a76   _GetTimeAndDateStr
00005ae7   _WriteTimeToDS1307
00005b39   LL$$DIV
00005b75   LL$$MOD
00005baf   ULL$$DIV
00005bde   ULL$$MOD
00005c40   _EPwm_ISC_Enable
00005c60   _EPwm_OSC_Enable
00005c8c   _EPwm_All_Disable
00005d2d   FD$$ADD
00005dc9   _InitCpuTimers
00005e15   _ConfigCpuTimer
00005e5c   FD$$DIV
00005ee7   FS$$DIV
00005f6f   _cpu_timer0_isr
00005ff4   FD$$MPY
00006000   _ECanaRegs
00006040   _ECanaLAMRegs
00006077   _cos
00006080   _ECanaMOTSRegs
000060c0   _ECanaMOTORegs
000060d8   _sin
00006100   _ECanaMboxes
00006137   _snprintf
000061a2   _monitor_proc
000061da   _GetInputMark
000061e4   _c_int00
00006200   _ECanbRegs
0000622a   _atoi
00006240   _ECanbLAMRegs
0000625b   _ltoa
00006280   _ECanbMOTSRegs
00006289   FD$$CMP
000062b3   L$$DIV
000062c0   _ECanbMOTORegs
000062c2   L$$MOD
000062d0   UL$$DIV
000062d7   UL$$MOD
000062dd   _InitPieCtrl
000062fc   _EnableInterrupts
00006300   _ECanbMboxes
00006307   _serial_com_proc
0000632c   I$$DIV
0000633d   I$$MOD
0000634e   _InitPieVectTable
00006370   FD$$TOI
00006391   ___memcpy_ff
000063b2   _strncpy
000063d2   FD$$TOL
000063f1   LL$$CMP
00006403   ULL$$CMP
0000640f   FS$$TOFD
0000642b   L$$TOFD
00006447   _modf
00006461   C$$EXIT
00006461   _abort
00006463   _exit
00006479   _MemCopy
00006490   __args_main
000064a5   LL$$MPY
000064b9   _memccpy
000064cb   FD$$SUB
000064d9   _strlen
000064e3   FD$$NEG
000064ec   __register_unlock
000064f0   __register_lock
000064f4   __nop
000064f5   _strcpy
00006506   _memset
0000650d   _estim_ReqLeq_pwm
0000650e   _estim_Rs_pwm
0000650f   _estim_Ls_pwm
00006510   _estim_Jm_pwm
00006511   _parameter_estimation
00006513   _SL_SpeedCntl_SFRF
00006514   _SL_TorqueCntl_SFRF
00006515   _SL_VectCntl_SFRF
00006516   _test_run
00006517   ___etext__
00006517   etext
00006800   _EPwm1Regs
00006840   _EPwm2Regs
00006880   _EPwm3Regs
000068c0   _EPwm4Regs
00006900   _EPwm5Regs
00006940   _EPwm6Regs
00006a00   _ECap1Regs
00006a20   _ECap2Regs
00006a40   _ECap3Regs
00006a60   _ECap4Regs
00006a80   _ECap5Regs
00006aa0   _ECap6Regs
00006b00   _EQep1Regs
00006b40   _EQep2Regs
00006f80   _GpioCtrlRegs
00006fc0   _GpioDataRegs
00006fe0   _GpioIntRegs
00007010   _SysCtrlRegs
00007040   _SpiaRegs
00007050   _SciaRegs
00007070   _XIntruptRegs
00007100   _AdcRegs
00007750   _ScibRegs
00007770   _ScicRegs
00007900   _I2caRegs
00008000   ___cinit__
00008000   cinit
0000844e   _InitFlash
00008471   _DSP28x_usDelay
0000f284   _PieVectTableInit
0000f61a   __ctypes_
0000f740   _gRunFlag
0000f741   _MAX_PWM_CNT
0000f742   _gTripSaveFlag
0000f743   _motor_direction_change
0000f744   _ramp_func_mode
0000f745   _motor_ctrl_mode
0000f746   _Flag_TripDataBackup
0000f747   _run_input_select
0000f748   _giAdcSphase
0000f749   _giAdcVdc
0000f74a   _giAdcVphase
0000f74b   _giAdcRphase
0000f74c   _gTripFlag
0000f74d   _EepromSaveFlag
0000f74e   _giAdcAnaCmd
0000f74f   _relay_flag
0000f750   _code_protect_IGBT2_off
0000f751   _code_protect_CONV_adc_off
0000f752   _fIn_PHASE_CMPS
0000f753   _fIn_PHASE_CMPR
0000f754   _code_dac_select_ch3
0000f755   _code_dac_select_ch2
0000f756   _code_dac_select_ch4
0000f757   _code_dac_select_ch1
0000f758   _code_protect_ov_off
0000f759   _code_protect_Iadc_off
0000f75a   _code_protect_inhibit_on
0000f75b   _code_protect_uv_off
0000f75c   _code_protect_ex_trip_off
0000f75d   _fIn_PHASE_CMPT
0000f75e   _code_protect_over_I_off
0000f75f   _code_protect_IGBT_off
0000f760   _giAdcAI_I1
0000f761   _xcon_data
0000f762   _giAdcAI_I2
0000f763   _giAdcAI_V1
0000f764   _Init_RiseUp_Flag
0000f765   _uConv_CtrlOn
0000f766   _debug1
0000f767   _init_charge_flag
0000f768   _timer0_count
0000f769   _cmdtest
0000f76a   _disp_fnd_mode
0000f76b   _terminal_input_state
0000f76c   _giAdcTemp
0000f76d   _giAdcAI_V2
0000f76e   _scic_rx_msg_flag
0000f76f   _scib_rx_msg_flag
0000f770   _gAutoTuningSelect
0000f771   _gControlMode
0000f772   _giSciCmdAddr
0000f773   _gMachineState
0000f774   _gTripSavePoint
0000f775   _giAdcUphase
0000f776   _gDeChargeFlag
0000f777   _gPWMTripCode
0000f778   _gStartInitFinish
0000f779   _gSciInFlag
0000f77a   _e_stop
0000f77b   _AutoTuningFlag
0000f77c   _gSciaTxEndFlag
0000f77d   _giSciCmdFunction
0000f77e   _gSciaTxInPoint
0000f77f   _gSciaTxOutPoint
0000f780   _protect_reg
0000f781   _INV_PWM_Flag
0000f782   _DC_fault_cnt
0000f783   _CON_PWM_Flag
0000f784   _uConv_LOW_DC_fault_cnt
0000f785   _uInv_CtrlOn
0000f786   _INV_STEP_CNT
0000f788   _Fault_Code
0000f789   _adc_u_offset
0000f78a   _wr_ctrl_index
0000f78b   _fIn_Is_fault_cnt
0000f78c   _fOut_Is_fault_cnt
0000f78d   _fIn_It_fault_cnt
0000f78e   _fIn_Ir_fault_cnt
0000f78f   _uOut_Flag_OM
0000f790   _fOut_It_fault_cnt
0000f791   _InOCFlag
0000f792   _adc_R_offset
0000f793   _adc_S_offset
0000f794   _adc_v_offset
0000f796   _sigma_Tr
0000f798   _inv_sigma_Tr
0000f79a   _sigma_minus_1_div_sigma_Ls
0000f79c   _inv_GM_Is
0000f79e   _SlipCoeff
0000f7a0   _inv_sigma_Ls
0000f7a2   _Vs_IR_comp
0000f7a4   _del_Vs_comp
0000f7a6   _Power_core_rat
0000f7a8   _Power_gap
0000f7aa   _Power_core
0000f7ac   _sigma
0000f7ae   _sigma_Ls
0000f7b0   _C_ce
0000f7b2   _inv_C_ce
0000f7b4   _I_QS_rat
0000f7b6   _wn_wr
0000f7b8   _S_rat
0000f7ba   _inv_I_QS_rat
0000f7bc   _S_lin
0000f7be   _inv_Tr
0000f7c0   _inv_Ls_plus_sigma_Ls
0000f7c2   _Lm_div_Lr
0000f7c4   _sigma_Ls_div_1_plus_sigma
0000f7c6   _Fs_B
0000f7c8   _Ki_wr
0000f7ca   _inv_GM_Is_square_minus_1
0000f7cc   _inv_Fs_B
0000f7ce   _C_ce_nF
0000f7d0   _Freq_slip_rat
0000f7d2   _Lr_div_Lm
0000f7d4   _Kp_wr
0000f7d6   _Tr
0000f7d8   _Freq_out
0000f7da   _Vs_max
0000f7dc   _time_t
0000f7de   _Is_max
0000f7e0   _Is_mag_rms
0000f7e2   _Vdc_fnd_data
0000f7e4   _Vdc
0000f7e6   _reference0
0000f7e8   _reference_out
0000f7ea   _we_in
0000f7ec   _rpm
0000f7ee   _inv_Freq_rat
0000f7f0   _reference1
0000f7f2   _Freq_set
0000f7f4   _inv_MAX_PWM_CNT
0000f7f6   _Im_Power
0000f7f8   _inv_Ts
0000f7fa   _Ts
0000f7fc   _Re_Power
0000f7fe   _gfRunTime
0000f800   _inv_motor_rate_hz
0000f802   _we_rat
0000f804   _reference_in
0000f806   _Is_rat
0000f808   _Vs_rat
0000f80a   _Is_mag
0000f80c   _inv_Is_rat
0000f80e   _Te
0000f810   _Te_ref
0000f812   _Max_Trq_Coeff
0000f814   _Vs_T
0000f816   _Vs_S
0000f818   _LPF_Te
0000f81a   _Te_max
0000f81c   _Freq_slip
0000f81e   _Freq_ref
0000f820   _inv_Ls
0000f822   _LPF_Vs_Square
0000f824   _Vs_ref
0000f826   _Slip
0000f828   _SinTheta
0000f82a   _theta
0000f82c   _Is_R
0000f82e   _we0
0000f830   _we
0000f832   _CosTheta
0000f834   _frequency
0000f836   _Is_T
0000f838   _Is_S
0000f83a   _LPF_Is_Square
0000f83c   _Is_Leq_Req
0000f83e   _Freq_rat
0000f840   _Vs_R
0000f842   _LPF_Re_Power
0000f844   _over_speed_level
0000f846   _under_volt_set
0000f848   _pre_charge_time
0000f84a   _over_current_level
0000f84c   _code_dac_offset_ch4
0000f84e   _e_thermal_level
0000f850   _code_Vdc_offseter
0000f852   _code_Vdc_scaler
0000f854   _code_adc_vdc_high
0000f856   _Is_Max_Coeff
0000f858   _over_volt_set
0000f85a   _code_adc_vdc_low
0000f85c   _motor_rate_rpm
0000f85e   _code_dac_offset_ch1
0000f860   _code_dac_offset_ch2
0000f862   _motor_pole
0000f864   _analog_cmd_in_span2
0000f866   _code_dac_scale_ch2
0000f868   _motor_rate_current
0000f86a   _code_dac_offset_ch3
0000f86c   _over_I_time
0000f86e   _motor_rate_hz
0000f870   _code_dac_scale_ch1
0000f872   _code_dac_scale_ch4
0000f874   _code_Vs_T_offseter
0000f876   _code_Vs_T_scaler
0000f878   _code_adc_Vs_T_high
0000f87a   _code_Vs_S_calc_low
0000f87c   _code_adc_Vs_S_high
0000f87e   _code_adc_Vs_T_low
0000f880   _code_LPF_cutoff_hz_V
0000f882   _code_LPF_cutoff_hz_I
0000f884   _motor_rate_volt
0000f886   _code_Vs_T_calc_low
0000f888   _code_Vs_S_calc_high
0000f88a   _motor_rate_power
0000f88c   _code_Vs_R_offseter
0000f88e   _code_Vs_R_scaler
0000f890   _code_adc_Vs_R_high
0000f892   _code_Vdc_calc_low
0000f894   _code_dac_scale_ch3
0000f896   _code_adc_Vs_R_low
0000f898   _code_Vs_S_offseter
0000f89a   _code_Vs_S_scaler
0000f89c   _code_Vs_T_calc_high
0000f89e   _code_Vs_R_calc_low
0000f8a0   _code_Vdc_calc_high
0000f8a2   _code_adc_Vs_S_low
0000f8a4   _R_phase_I_sense_span
0000f8a6   _S_phase_I_sense_span
0000f8a8   _AnaCmdReference
0000f8aa   _Data_Check
0000f8ac   _Data_Backup
0000f8ae   _func_flag
0000f8b0   _accel_time1
0000f8b2   _vdc_sense_span
0000f8b4   _accel_time2
0000f8b6   _OverCurLimit
0000f8b8   _gdouSciCmdData
0000f8ba   _decel_time1
0000f8bc   _Kp_Is
0000f8be   _Ki_Is
0000f8c0   _LPF_Is
0000f8c2   _Kp_Is_Coeff
0000f8c4   _wp_Is_Coeff
0000f8c6   _wr_FilterPole
0000f8c8   _Data_Init
0000f8ca   _GainUpdateTimer
0000f8cc   _igbt_pwm_freq
0000f8ce   _gulStartCount
0000f8d0   _wp_Is
0000f8d2   _Data_Load
0000f8d4   _motor_rate_effiency
0000f8d6   _Rs
0000f8d8   _code_speed3
0000f8da   _Ls
0000f8dc   _Lr
0000f8de   _code_speed2
0000f8e0   _analog_cmd_in_span1
0000f8e2   _analog_cmd_in_zero1
0000f8e4   _code_Vs_R_calc_high
0000f8e6   _code_speed4
0000f8e8   _Rr
0000f8ea   _analog_cmd_in_zero2
0000f8ec   _min_vf_ref
0000f8ee   _jog_speed
0000f8f0   _vdc_sense_zero
0000f8f2   _decel_time2
0000f8f4   _Vs_Coeff_Leq_Req
0000f8f6   _digital_speed2
0000f8f8   _Jm
0000f8fa   _I_sense_value
0000f8fc   _code_speed5
0000f8fe   _v_phase_I_sense_span
0000f900   _btn_start_ref
0000f902   _Lm
0000f904   _u_phase_I_sense_span
0000f906   _fIn_min
0000f908   _fIn_max
0000f90a   _uIn_Flag_OM
0000f90c   _fIn_Vb_ref
0000f90e   _fIn_Va_ref
0000f910   _fIn_a
0000f912   _fIn_Vc_ref
0000f914   _fIn_PWM_S
0000f916   _fIn_PWM_R
0000f918   _fOut_Vds_axis_out
0000f91a   _fIn_cmpr2
0000f91c   _fIn_cmpr1
0000f91e   _fIn_PWM_T
0000f920   _fOut_Vqe_Ki
0000f922   _fOut_Vqe_integ
0000f924   _fOut_Vqe_limit
0000f926   _fOut_Vde_Kp
0000f928   _fOut_Vde_axis_out
0000f92a   _fOut_Vqe_integ_pre
0000f92c   _fOut_Vde_ref_out
0000f92e   _fIn_Vds_axis
0000f930   _fOut_Vqe_ref_out
0000f932   _fIn_cmpr3
0000f934   _fOut_Vqe_axis_out
0000f936   _fOut_Vqe_Ffest
0000f938   _fIn_Vqs_axis
0000f93a   _fOut_Vqe_Kp
0000f93c   _fIn_DC_Voltage_err
0000f93e   _fIn_Iqe_axis
0000f940   _DC_LINK_N
0000f942   _RMS_Iin
0000f944   _beta_cur
0000f946   _DC_LINK_P
0000f948   _fIn_Ide_axis
0000f94a   _b1
0000f94c   _b0
0000f94e   _div_a0
0000f950   _a1
0000f952   _a0
0000f954   _b2
0000f956   _Ude_err
0000f958   _Ureal_rms
0000f95a   _Ude_integ_pre
0000f95c   _Sin_theta
0000f95e   _fOut_Va_ref
0000f960   _Ude_integ
0000f962   _Cos_theta
0000f964   _theta60
0000f966   _theta_pll
0000f968   _a2
0000f96a   _pll_out
0000f96c   _Ude_Limit
0000f96e   _alpha_cur
0000f970   _SysWe
0000f972   _fIn_Iqe_axis_ref
0000f974   _fIn_Ide_axis_ref
0000f976   _fIn_Ide_err
0000f978   _fOut_PWM_R
0000f97a   _fOut_cmpr3
0000f97c   _fIn_Iqe_err
0000f97e   _fOut_PWM_S
0000f980   _fOut_SysWe
0000f982   _fIn_Iqe_out
0000f984   _fOut_Cos_theta
0000f986   _fIn_Iqe_Ffest
0000f988   _fIn_Ide_Ffest
0000f98a   _fOut_theta_pll
0000f98c   _fOut_PHASE_CMPT
0000f98e   _fOut_PHASE_CMPS
0000f990   _fOut_Vb_ref
0000f992   _fOut_PWM_T
0000f994   _fOut_Vqs_axis_out
0000f996   _fOut_PHASE_CMPR
0000f998   _fOut_cmpr1
0000f99a   _fOut_a
0000f99c   _fIn_Ide_out
0000f99e   _fOut_max
0000f9a0   _fOut_Vc_ref
0000f9a2   _fOut_cmpr2
0000f9a4   _fOut_min
0000f9a6   _fOut_Vqe_axis_cmd
0000f9a8   _fOut_Vqe_axis_ref
0000f9aa   _fOut_Vqe_err
0000f9ac   _fOut_Vqe_axis
0000f9ae   _fOut_Vde_axis
0000f9b0   _fOut_Vde_err
0000f9b2   _P_out
0000f9b4   _fOut_Vde_limit
0000f9b6   _fOut_Vde_integ_pre
0000f9b8   _fOut_Vde_axis_ref
0000f9ba   _fOut_Vde_integ
0000f9bc   _RMS_Vout
0000f9be   _fOut_Vde_Ffest
0000f9c0   _Out_fIn_Ide_axis
0000f9c2   _RMS_Iout
0000f9c4   _Voltage_Output_RS
0000f9c6   _Out_alpha_cur
0000f9c8   _fOut_Sin_theta
0000f9ca   _Out_fIn_Iqe_axis
0000f9cc   _Out_beta_cur
0000f9ce   _fOut_Vds_axis
0000f9d0   _Ucn_out
0000f9d2   _fOut_Vde_Ki
0000f9d4   _Uan_out
0000f9d6   _Voltage_Output_ST
0000f9d8   _fOut_Vqs_axis
0000f9da   _Ubn_out
0000f9dc   _fIn_Iqe_integ
0000f9de   _fIn_Vqe_axis
0000f9e0   _fIn_DC_Voltage_ref
0000f9e2   _fIn_Iqe_integ_pre
0000f9e4   _fIn_Vde_axis
0000f9e6   _Ucn_beta
0000f9e8   _fIn_Ide_integ_pre
0000f9ea   _pCoeff_I1
0000f9ec   _fIn_DC_Voltage_out
0000f9ee   _pCoeff_V1
0000f9f0   _pCoeff_I2
0000f9f2   _fIn_DC_Voltage_ref_cmd
0000f9f4   _fIn_Ide_integ
0000f9f6   _fIn_DC_Voltage_integ_pre
0000f9f8   _fIn_DC_Voltage_integ
0000f9fa   _Ubn
0000f9fc   _Uan
0000f9fe   _Uanpu
0000fa00   _Ucn
0000fa02   _Voltage_Output_R
0000fa04   _fIn_Ib
0000fa06   _Voltage_Output_T
0000fa08   _Ubn_alpha
0000fa0a   _Uan_beta
0000fa0c   _Ucn_alpha
0000fa0e   _Ubn_beta
0000fa10   _Ubnpu
0000fa12   _Voltage_Output_S
0000fa14   _Uan_alpha
0000fa16   _inv_code_dac_scale_ch4
0000fa18   _inv_code_dac_scale_ch3
0000fa1a   _Vdc_calc_offset
0000fa1c   _Vdc_factor
0000fa1e   _dac_ch3_unit_count_value
0000fa20   _dac_ch2_unit_count_value
0000fa22   _inv_code_dac_scale_ch2
0000fa24   _Vs_T_factor
0000fa26   _Vs_S_calc_offset
0000fa28   _ref_time
0000fa2a   _Vs_T_calc_offset
0000fa2c   _Vs_R_factor
0000fa2e   _inv_code_dac_scale_ch1
0000fa30   _Vs_S_factor
0000fa32   _Vs_R_calc_offset
0000fa34   _LPF_Ib_out
0000fa36   _LPF_Ia_feed
0000fa38   _LPF_Ib_feed
0000fa3a   _LPF_Ib_in
0000fa3c   _pCoeff_V2
0000fa3e   _Ucnpu
0000fa40   _LPF_Ia_in
0000fa42   _analog_ref_b
0000fa44   _analog_ref_a
0000fa46   _dac_ch1_unit_count_value
0000fa48   _dac_ch0_unit_count_value
0000fa4a   _LPF_Vdc_out
0000fa4c   _LPF_Ia_out
0000fa4e   _LPF_Vdc_feed
0000fa50   _SUM_DC_LINK
0000fa52   _fSysAbcLpfCoeff1
0000fa54   _Voltage_Input_RS
0000fa56   _fSysDqeLpfCoeff1
0000fa58   _fSysDqeLpfCoeff2
0000fa5a   _Voltage_Input_ST
0000fa5c   _fSysAbcLpfCoeff2
0000fa5e   _Upc
0000fa60   _Up_alpha
0000fa62   _Upa
0000fa64   _Ude_pll
0000fa66   _Uqe_pll
0000fa68   _Upb
0000fa6a   _Current_Input_T
0000fa6c   _Current_Output_R
0000fa6e   _Current_Input_R
0000fa70   _Current_Output_T
0000fa72   _LPF_Vdc_in
0000fa74   _Current_Input_S
0000fa76   _Current_Output_S
0000fa78   _fSysFreqCoeff2
0000fa7a   _SOCCoeff1
0000fa7c   _Up_beta
0000fa7e   _VDCCoeff1
0000fa80   _VDCCoeff2
0000fa82   _fSysFreqCoeff1
0000fa84   _SOCCoeff2
0000fa86   _DutyCount
0000fa8a   _LPF_Voltage_Output_S
0000fa8e   _LPF_Voltage_Output_T
0000fa92   _LPF_Voltage_Output_R
0000fa96   _LPF_Current_Output_R
0000fa9a   _LPF_Voltage_Input_ST
0000fa9e   _LPF_fIn_Iqe_axis
0000faa2   _Is_dq
0000faa6   _LPF_Voltage_Input_RS
0000faaa   _LPF_Current_Input_T
0000faae   _LPF_Current_Input_S
0000fab2   _LPF_5000_OUT_CURRENT_V
0000fab6   _LPF_fIn_Ide_axis
0000faba   _LPF_Current_Output_S
0000fac0   _LPF_DCLINK_voltage
0000fac4   _LPF_Current_Input_R
0000fac8   _LPF_Current_Output_T
0000facc   _LPF_5000_OUT_CURRENT_U
0000fad0   _LPF_Active
0000fad4   _Vs_dq_ref
0000fad8   _LPF_Reactive
0000fadc   _LPF_Urmsp
0000fae0   _LPF_del_freq
0000fae4   _LPF_SOC
0000fae8   _LPF_Ude_pll
0000faec   _LPF_Uqe_pll
0000faf0   _DutyRatio
0000faf6   _Is_abc
0000fb00   _DF_Ucn
0000fb0a   _DF_Uan
0000fb14   _DF_Ubn
0000fb1e   _gStr2
0000fb28   _TimeInput
0000fb40   _adc_result
0000fb50   _gSciaRxBuf
0000fb61   _gSciaTxBuf
0000fb80   _MonitorMsg
0000fbc0   _gStr1
0000fc00   _code_inform
0000fc40   _TripInfoNow
0000fcc0   _TripInfo
0000fd40   _dac_point
0000fe1c   _CpuTimer1
0000fe24   _CpuTimer2
0000fe2c   _CpuTimer0
0000fe3c   __unlock
0000fe3e   __lock
0000fe40   _scib_tx_end_addr
0000fe41   _scib_tx_start_addr
0000fe43   _scib_rx_end_addr
0000fe44   _scib_rx_start_addr
0000fe59   _scib_rx_msg_box
0000fe80   _scib_tx_msg_box
0000fee4   _Dd
0000fee6   _T_d
0000fee8   _delta_Tc
0000fef0   __cleanup_ptr
0000fef2   __dtors_ptr
0000fefe   _errno
0000feff   _PartIdRegs
0000ff00   _scic_tx_end_addr
0000ff01   _scic_tx_start_addr
0000ff03   _scic_rx_end_addr
0000ff04   _scic_rx_start_addr
0000ff19   _scic_rx_msg_box
0000ff40   _scic_tx_msg_box
00100000   _ZONE6_BUF
0020fc00   _ZONE7_BUF
0020fd00   __sys_memory
0033fff8   _CsmPwl
00380080   _ADC_cal
UNDEFED _CosDeltaTheta
UNDEFED _DeltaLambda
UNDEFED _DeltaTheta
UNDEFED _Delta_wr
UNDEFED _Fr
UNDEFED _Fr_Err
UNDEFED _Fr_ErrInt
UNDEFED _Fr_ref
UNDEFED _Fr_ref0
UNDEFED _Fs
UNDEFED _Fs1
UNDEFED _Fs_dq
UNDEFED _Fs_rat
UNDEFED _Fs_ref
UNDEFED _Fs_ref0
UNDEFED _I_DS0
UNDEFED _I_DS0_0
UNDEFED _I_DS_err
UNDEFED _Is_DQ
UNDEFED _Is_DQ_ErrInt
UNDEFED _Is_DQ_max
UNDEFED _Is_DQ_ref
UNDEFED _Is_dq_ErrInt
UNDEFED _Is_dq_ref
UNDEFED _Kt
UNDEFED _P_pair
UNDEFED _Pf
UNDEFED _RamfuncsLoadEnd
UNDEFED _RamfuncsLoadStart
UNDEFED _RamfuncsRunStart
UNDEFED _SinCosDeltaTheta
UNDEFED _SinDeltaTheta
UNDEFED _Te_rat
UNDEFED _Us_dq
UNDEFED _Vo
UNDEFED _Vs_DQ
UNDEFED _Vs_DQ_comp
UNDEFED _Vs_DQ_max
UNDEFED _Vs_DQ_ref
UNDEFED _Vs_DQ_ref_P
UNDEFED _Vs_DQ_ref_PI
UNDEFED _Vs_abc
UNDEFED _Vs_abc_ref
UNDEFED _Vs_dq
UNDEFED _Vs_max_FW
ffffffff   ___TI_pprof_out_hndl
ffffffff   ___TI_prof_var_size
ffffffff   ___TI_prof_var_start
ffffffff   ___binit__
ffffffff   ___c_args__
ffffffff   ___pinit__
UNDEFED _inv_Fr
UNDEFED _inv_Fr_ref
UNDEFED _inv_Fs
UNDEFED _inv_Fs_ref
UNDEFED _inv_Kt
UNDEFED _inv_P_pair
UNDEFED _inv_Te_rat
UNDEFED _nega_duration_time
UNDEFED _posi_duration_time
UNDEFED _prev_I_QS
UNDEFED _rpm_Coeff
UNDEFED _rpm_err
UNDEFED _rpm_m
UNDEFED _rpm_ref
UNDEFED _sgn_I_QS
UNDEFED _sgn_Is
UNDEFED _test_accel_time
UNDEFED _test_decel_time
UNDEFED _theta_m
UNDEFED _w_sl
UNDEFED _w_sl0
UNDEFED _wm_rat
UNDEFED _wr
UNDEFED _wr_Cycle
UNDEFED _wr_CycleIndex
UNDEFED _wr_ErrInt
UNDEFED _wr_err
UNDEFED _wr_m
UNDEFED _wr_m0
UNDEFED _wr_rat
UNDEFED _wr_ref
UNDEFED _wr_ref0
UNDEFED _zero_duration_time
ffffffff   binit
ffffffff   pinit

[972 symbols]
